[info] Log at : 2026/4/23|10:18:22|GMT+0800

[info] Log at : 2026/4/23|14:26:06|GMT+0800

[info] Log at : 2026/4/23|15:39:03|GMT+0800

[info] Log at : 2026/4/23|15:41:19|GMT+0800

[info] Log at : 2026/4/23|15:42:02|GMT+0800

[info] Log at : 2026/4/23|16:30:45|GMT+0800

[info] Log at : 2026/4/27|10:29:47|GMT+0800

[info] Log at : 2026/4/27|10:44:01|GMT+0800

[SyntaxError: Expected property name or '}' in JSON at position 6 (line 2 column 5)
	at JSON.parse (<anonymous>)
	at y.updateCppProperties (c:\Users\devvean\.trae-cn\extensions\cl.keil-assistant-1.7.0\dist\extension.js:1:15829)
	at y.<anonymous> (c:\Users\devvean\.trae-cn\extensions\cl.keil-assistant-1.7.0\dist\extension.js:1:17604)
	at Generator.next (<anonymous>)
	at c:\Users\devvean\.trae-cn\extensions\cl.keil-assistant-1.7.0\dist\extension.js:1:9007
	at new Promise (<anonymous>)
	at r (c:\Users\devvean\.trae-cn\extensions\cl.keil-assistant-1.7.0\dist\extension.js:1:8755)
	at y.load (c:\Users\devvean\.trae-cn\extensions\cl.keil-assistant-1.7.0\dist\extension.js:1:16336)
	at x.<anonymous> (c:\Users\devvean\.trae-cn\extensions\cl.keil-assistant-1.7.0\dist\extension.js:1:13408)
	at Generator.next (<anonymous>)
	at n (c:\Users\devvean\.trae-cn\extensions\cl.keil-assistant-1.7.0\dist\extension.js:1:8811)
	at process.processTicksAndRejections (node:internal/process/task_queues:105:5)]
[info] Log at : 2026/4/27|16:48:04|GMT+0800

[info] Log at : 2026/4/27|16:52:56|GMT+0800

[info] Log at : 2026/4/28|10:48:54|GMT+0800

[info] Log at : 2026/4/29|20:42:26|GMT+0800

[info] Log at : 2026/4/29|20:54:52|GMT+0800

[info] Log at : 2026/4/30|10:47:33|GMT+0800

[info] Log at : 2026/5/6|09:04:09|GMT+0800

[info] Log at : 2026/5/6|15:10:37|GMT+0800

[info] Log at : 2026/5/6|15:19:17|GMT+0800

[info] Log at : 2026/5/6|18:40:43|GMT+0800

[info] Log at : 2026/5/7|11:27:16|GMT+0800

