Build target 'interrupt'
compiling main.c...
compiling uart.c...
compiling DX_BT24.c...
hardware\DX_BT24.c(77): warning:  #1-D: last line of file ends without a newline
  }
hardware\DX_BT24.c: 1 warning, 0 errors
compiling esp8266.c...
hardware\esp8266.c(8): warning:  #177-D: variable "uart3_cmd_cache" was declared but never referenced
  static char uart3_cmd_cache[MAX_CMD_LEN];
hardware\esp8266.c(9): warning:  #177-D: variable "uart3_cmd_cache_idx" was declared but never referenced
  static uint8_t uart3_cmd_cache_idx = 0;
hardware\esp8266.c: 2 warnings, 0 errors
compiling DFA_event_queue.c...
compiling event_handlers.c...
system\event_handlers.c(100): warning:  #1-D: last line of file ends without a newline
  }
system\event_handlers.c: 1 warning, 0 errors
linking...
Program Size: Code=9944 RO-data=548 RW-data=172 ZI-data=66660  
FromELF: creating hex file...
".\Objects\interrupt.axf" - 0 Error(s), 4 Warning(s).
