Component: ARM Compiler 5.05 update 1 (build 106) Tool: armlink [4d0efa]

==============================================================================

Section Cross References

    main.o(i.init) refers to misc.o(i.NVIC_PriorityGroupConfig) for NVIC_PriorityGroupConfig
    main.o(i.init) refers to led.o(i.led_gpio_init) for led_gpio_init
    main.o(i.init) refers to systick.o(i.systick_init) for systick_init
    main.o(i.init) refers to uart.o(i.usart1_init) for usart1_init
    main.o(i.init) refers to lcd.o(i.LCD_Init) for LCD_Init
    main.o(i.init) refers to dfa_event_queue.o(i.trie_init) for trie_init
    main.o(i.main) refers to main.o(i.init) for init
    main.o(i.main) refers to lcd_demo.o(i.lcd_demo) for lcd_demo
    key_interrupt.o(i.EXTI0_IRQHandler) refers to stm32f4xx_exti.o(i.EXTI_GetITStatus) for EXTI_GetITStatus
    key_interrupt.o(i.EXTI0_IRQHandler) refers to key_interrupt.o(i.delay_ms) for delay_ms
    key_interrupt.o(i.EXTI0_IRQHandler) refers to stm32f4xx_exti.o(i.EXTI_ClearITPendingBit) for EXTI_ClearITPendingBit
    key_interrupt.o(i.EXTI0_IRQHandler) refers to key_interrupt.o(.data) for KEY1_State
    key_interrupt.o(i.EXTI2_IRQHandler) refers to stm32f4xx_exti.o(i.EXTI_GetITStatus) for EXTI_GetITStatus
    key_interrupt.o(i.EXTI2_IRQHandler) refers to key_interrupt.o(i.delay_ms) for delay_ms
    key_interrupt.o(i.EXTI2_IRQHandler) refers to stm32f4xx_exti.o(i.EXTI_ClearITPendingBit) for EXTI_ClearITPendingBit
    key_interrupt.o(i.EXTI2_IRQHandler) refers to key_interrupt.o(.data) for KEY1_State
    key_interrupt.o(i.EXTI3_IRQHandler) refers to stm32f4xx_exti.o(i.EXTI_GetITStatus) for EXTI_GetITStatus
    key_interrupt.o(i.EXTI3_IRQHandler) refers to key_interrupt.o(i.delay_ms) for delay_ms
    key_interrupt.o(i.EXTI3_IRQHandler) refers to stm32f4xx_exti.o(i.EXTI_ClearITPendingBit) for EXTI_ClearITPendingBit
    key_interrupt.o(i.EXTI3_IRQHandler) refers to key_interrupt.o(.data) for KEY1_State
    key_interrupt.o(i.EXTI4_IRQHandler) refers to stm32f4xx_exti.o(i.EXTI_GetITStatus) for EXTI_GetITStatus
    key_interrupt.o(i.EXTI4_IRQHandler) refers to key_interrupt.o(i.delay_ms) for delay_ms
    key_interrupt.o(i.EXTI4_IRQHandler) refers to stm32f4xx_exti.o(i.EXTI_ClearITPendingBit) for EXTI_ClearITPendingBit
    key_interrupt.o(i.EXTI4_IRQHandler) refers to key_interrupt.o(.data) for KEY1_State
    key_interrupt.o(i.KEY_Init) refers to stm32f4xx_rcc.o(i.RCC_AHB1PeriphClockCmd) for RCC_AHB1PeriphClockCmd
    key_interrupt.o(i.KEY_Init) refers to stm32f4xx_gpio.o(i.GPIO_Init) for GPIO_Init
    key_interrupt.o(i.KEY_Scan) refers to stm32f4xx_gpio.o(i.GPIO_ReadInputDataBit) for GPIO_ReadInputDataBit
    key_interrupt.o(i.KEY_Scan) refers to key_interrupt.o(i.delay_ms) for delay_ms
    key_interrupt.o(i.KEY_Scan) refers to key_interrupt.o(.data) for key_up
    key_interrupt.o(i.clear_key_state) refers to key_interrupt.o(.data) for KEY1_State
    key_interrupt.o(i.key_gpio_init) refers to stm32f4xx_rcc.o(i.RCC_AHB1PeriphClockCmd) for RCC_AHB1PeriphClockCmd
    key_interrupt.o(i.key_gpio_init) refers to stm32f4xx_gpio.o(i.GPIO_Init) for GPIO_Init
    key_interrupt.o(i.key_interrupt_init) refers to stm32f4xx_rcc.o(i.RCC_AHB1PeriphClockCmd) for RCC_AHB1PeriphClockCmd
    key_interrupt.o(i.key_interrupt_init) refers to stm32f4xx_rcc.o(i.RCC_APB2PeriphClockCmd) for RCC_APB2PeriphClockCmd
    key_interrupt.o(i.key_interrupt_init) refers to stm32f4xx_gpio.o(i.GPIO_Init) for GPIO_Init
    key_interrupt.o(i.key_interrupt_init) refers to stm32f4xx_syscfg.o(i.SYSCFG_EXTILineConfig) for SYSCFG_EXTILineConfig
    key_interrupt.o(i.key_interrupt_init) refers to stm32f4xx_exti.o(i.EXTI_Init) for EXTI_Init
    key_interrupt.o(i.key_interrupt_init) refers to misc.o(i.NVIC_Init) for NVIC_Init
    led.o(i.led_gpio_init) refers to stm32f4xx_rcc.o(i.RCC_AHB1PeriphClockCmd) for RCC_AHB1PeriphClockCmd
    led.o(i.led_gpio_init) refers to stm32f4xx_gpio.o(i.GPIO_Init) for GPIO_Init
    led.o(i.led_gpio_init) refers to stm32f4xx_gpio.o(i.GPIO_SetBits) for GPIO_SetBits
    mq_2.o(i.mq2_gpio_init) refers to stm32f4xx_rcc.o(i.RCC_AHB1PeriphClockCmd) for RCC_AHB1PeriphClockCmd
    mq_2.o(i.mq2_gpio_init) refers to stm32f4xx_gpio.o(i.GPIO_Init) for GPIO_Init
    mq_2.o(i.read_mq_2) refers to stm32f4xx_gpio.o(i.GPIO_ReadInputDataBit) for GPIO_ReadInputDataBit
    mq_2.o(i.show_mq_2) refers to mq_2.o(i.read_mq_2) for read_mq_2
    mq_2.o(i.show_mq_2) refers to stm32f4xx_gpio.o(i.GPIO_SetBits) for GPIO_SetBits
    mq_2.o(i.show_mq_2) refers to tools.o(i.delay) for delay
    mq_2.o(i.show_mq_2) refers to stm32f4xx_gpio.o(i.GPIO_ResetBits) for GPIO_ResetBits
    timer.o(i.TIM1_UP_TIM10_IRQHandler) refers to stm32f4xx_tim.o(i.TIM_GetITStatus) for TIM_GetITStatus
    timer.o(i.TIM1_UP_TIM10_IRQHandler) refers to stm32f4xx_tim.o(i.TIM_ClearITPendingBit) for TIM_ClearITPendingBit
    timer.o(i.TIM2_IRQHandler) refers to stm32f4xx_tim.o(i.TIM_GetITStatus) for TIM_GetITStatus
[...]
    event_queue_tail                         0x20000040   Data           4  dfa_event_queue.o(.data)
    cmd_list                                 0x20000044   Data          88  dfa_event_queue.o(.data)
    first_byte_received_flag                 0x2000009c   Data           1  dfa_event_queue.o(.data)
    matched_cmd_idx                          0x2000009d   Data           1  dfa_event_queue.o(.data)
    matched_cmd_param_val                    0x200000a0   Data           4  dfa_event_queue.o(.data)
    current_node                             0x200000a4   Data           4  dfa_event_queue.o(.data)
    matched_cmd_param_val                    0x200000a8   Data           4  dfa_event_queue.o(.data)
    pending_event                            0x200000ac   Data           1  dfa_event_queue.o(.data)
    .data                                    0x200000b0   Section       24  rtc.o(.data)
    .data                                    0x200000c8   Section       26  test.o(.data)
    .data                                    0x200000e4   Section       48  touch.o(.data)
    .data                                    0x20000114   Section        6  lcd.o(.data)
    .data                                    0x2000011a   Section       16  stm32f4xx_rcc.o(.data)
    APBAHBPrescTable                         0x2000011a   Data          16  stm32f4xx_rcc.o(.data)
    .bss                                     0x2000012c   Section     1124  esp8266.o(.bss)
    uart3_cmd_cache                          0x2000052c   Data         100  esp8266.o(.bss)
    .bss                                     0x20000590   Section       40  can.o(.bss)
    .bss                                     0x200005b8   Section       16  lcd.o(.bss)
    .bss                                     0x200005c8   Section       96  libspace.o(.bss)
    HEAP                                     0x20000628   Section    65536  startup_stm32f40_41xxx.o(HEAP)
    Heap_Mem                                 0x20000628   Data       65536  startup_stm32f40_41xxx.o(HEAP)
    STACK                                    0x20010628   Section    16384  startup_stm32f40_41xxx.o(STACK)
    Stack_Mem                                0x20010628   Data       16384  startup_stm32f40_41xxx.o(STACK)
    __initial_sp                             0x20014628   Data           0  startup_stm32f40_41xxx.o(STACK)

    Global Symbols

    Symbol Name                              Value     Ov Type        Size  Object(Section)

    BuildAttributes$$THM_ISAv4$E$P$D$K$B$S$7EM$VFPi3$EXTD16$VFPS$VFMA$PE$A:L22UL41UL21$X:L11$S22US41US21$IEEE1$IW$USESV6$~STKCKD$USESV7$~SHL$OTIME$ROPI$IEEEJ$EBA8$UX$STANDARDLIB$REQ8$PRES8$EABIv2 0x00000000   Number         0  anon$$obj.o ABSOLUTE
    __ARM_use_no_argv                        0x00000000   Number         0  main.o ABSOLUTE
    _printf_flags                            0x00000000   Number         0  printf_stubs.o ABSOLUTE
    _printf_return_value                     0x00000000   Number         0  printf_stubs.o ABSOLUTE
    _printf_sizespec                         0x00000000   Number         0  printf_stubs.o ABSOLUTE
    _printf_widthprec                        0x00000000   Number         0  printf_stubs.o ABSOLUTE
    __ARM_exceptions_init                     - Undefined Weak Reference
    __alloca_initialize                       - Undefined Weak Reference
    __arm_preinit_                            - Undefined Weak Reference
    __cpp_initialize__aeabi_                  - Undefined Weak Reference
    __cxa_finalize                            - Undefined Weak Reference
    __sigvec_lookup                           - Undefined Weak Reference
    __user_heap_extent                        - Undefined Weak Reference
    _atexit_init                              - Undefined Weak Reference
    _call_atexit_fns                          - Undefined Weak Reference
    _clock_init                               - Undefined Weak Reference
    _fp_trap_init                             - Undefined Weak Reference
    _fp_trap_shutdown                         - Undefined Weak Reference
    _get_lc_collate                           - Undefined Weak Reference
    _get_lc_ctype                             - Undefined Weak Reference
    _get_lc_monetary                          - Undefined Weak Reference
    _get_lc_time                              - Undefined Weak Reference
    _getenv_init                              - Undefined Weak Reference
    _handle_redirection                       - Undefined Weak Reference
    _initio                                   - Undefined Weak Reference
    _mutex_acquire                            - Undefined Weak Reference
    _mutex_free                               - Undefined Weak Reference
    _mutex_release                            - Undefined Weak Reference
    _printf_mbtowc                            - Undefined Weak Reference
    _rand_init                                - Undefined Weak Reference
    _signal_finish                            - Undefined Weak Reference
    _signal_init                              - Undefined Weak Reference
    _terminateio                              - Undefined Weak Reference
    __Vectors_Size                           0x00000188   Number         0  startup_stm32f40_41xxx.o ABSOLUTE
    __Vectors                                0x08000000   Data           4  startup_stm32f40_41xxx.o(RESET)
    __Vectors_End                            0x08000188   Data           0  startup_stm32f40_41xxx.o(RESET)
    __main                                   0x08000189   Thumb Code     8  __main.o(!!!main)
    __scatterload                            0x08000191   Thumb Code     0  __scatter.o(!!!scatter)
    __scatterload_rt2                        0x08000191   Thumb Code    44  __scatter.o(!!!scatter)
    __scatterload_rt2_thumb_only             0x08000191   Thumb Code     0  __scatter.o(!!!scatter)
    __scatterload_null                       0x0800019f   Thumb Code     0  __scatter.o(!!!scatter)
    __decompress                             0x080001c5   Thumb Code    90  __dczerorl2.o(!!dczerorl2)
    __decompress1                            0x080001c5   Thumb Code     0  __dczerorl2.o(!!dczerorl2)
    __scatterload_zeroinit                   0x08000221   Thumb Code    28  __scatter_zi.o(!!handler_zi)
    _printf_d                                0x0800023d   Thumb Code     0  _printf_d.o(.ARM.Collect$$_printf_percent$$00000009)
    _printf_percent                          0x0800023d   Thumb Code     0  _printf_percent.o(.ARM.Collect$$_printf_percent$$00000000)
    _printf_x                                0x08000243   Thumb Code     0  _printf_x.o(.ARM.Collect$$_printf_percent$$0000000C)
    _printf_percent_end                      0x08000249   Thumb Code     0  _printf_percent_end.o(.ARM.Collect$$_printf_percent$$00000017)
    __rt_lib_init                            0x0800024d   Thumb Code     0  libinit.o(.ARM.Collect$$libinit$$00000000)
    __rt_lib_init_fp_1                       0x0800024f   Thumb Code     0  libinit2.o(.ARM.Collect$$libinit$$00000001)
    __rt_lib_init_heap_2                     0x08000253   Thumb Code     0  libinit2.o(.ARM.Collect$$libinit$$00000005)
    __rt_lib_init_preinit_1                  0x08000253   Thumb Code     0  libinit2.o(.ARM.Collect$$libinit$$00000004)
    __rt_lib_init_alloca_1                   0x0800025b   Thumb Code     0  libinit2.o(.ARM.Collect$$libinit$$0000002E)
    __rt_lib_init_argv_1                     0x0800025b   Thumb Code     0  libinit2.o(.ARM.Collect$$libinit$$0000002C)
    __rt_lib_init_atexit_1                   0x0800025b   Thumb Code     0  libinit2.o(.ARM.Collect$$libinit$$0000001B)
    __rt_lib_init_clock_1                    0x0800025b   Thumb Code     0  libinit2.o(.ARM.Collect$$libinit$$00000021)
    __rt_lib_init_cpp_1                      0x0800025b   Thumb Code     0  libinit2.o(.ARM.Collect$$libinit$$00000032)
    __rt_lib_init_exceptions_1               0x0800025b   Thumb Code     0  libinit2.o(.ARM.Collect$$libinit$$00000030)
    __rt_lib_init_fp_trap_1                  0x0800025b   Thumb Code     0  libinit2.o(.ARM.Collect$$libinit$$0000001F)
    __rt_lib_init_getenv_1                   0x0800025b   Thumb Code     0  libinit2.o(.ARM.Collect$$libinit$$00000023)
    __rt_lib_init_heap_1                     0x0800025b   Thumb Code     0  libinit2.o(.ARM.Collect$$libinit$$0000000A)
    __rt_lib_init_lc_collate_1               0x0800025b   Thumb Code     0  libinit2.o(.ARM.Collect$$libinit$$00000011)
    __rt_lib_init_lc_ctype_1                 0x0800025b   Thumb Code     0  libinit2.o(.ARM.Collect$$libinit$$00000013)
    __rt_lib_init_lc_monetary_1              0x0800025b   Thumb Code     0  libinit2.o(.ARM.Collect$$libinit$$00000015)
    __rt_lib_init_lc_numeric_1               0x0800025b   Thumb Code     0  libinit2.o(.ARM.Collect$$libinit$$00000017)
    __rt_lib_init_lc_time_1                  0x0800025b   Thumb Code     0  libinit2.o(.ARM.Collect$$libinit$$00000019)
    __rt_lib_init_rand_1                     0x0800025b   Thumb Code     0  libinit2.o(.ARM.Collect$$libinit$$0000000E)
    __rt_lib_init_return                     0x0800025b   Thumb Code     0  libinit2.o(.ARM.Collect$$libinit$$00000033)
    __rt_lib_init_signal_1                   0x0800025b   Thumb Code     0  libinit2.o(.ARM.Collect$$libinit$$0000001D)
    __rt_lib_init_stdio_1                    0x0800025b   Thumb Code     0  libinit2.o(.ARM.Collect$$libinit$$00000025)
    __rt_lib_init_user_alloc_1               0x0800025b   Thumb Code     0  libinit2.o(.ARM.Collect$$libinit$$0000000C)
    __rt_lib_shutdown                        0x0800025d   Thumb Code     0  libshutdown.o(.ARM.Collect$$libshutdown$$00000000)
    __rt_lib_shutdown_fp_trap_1              0x0800025f   Thumb Code     0  libshutdown2.o(.ARM.Collect$$libshutdown$$00000006)
    __rt_lib_shutdown_heap_1                 0x0800025f   Thumb Code     0  libshutdown2.o(.ARM.Collect$$libshutdown$$0000000E)
    __rt_lib_shutdown_return                 0x0800025f   Thumb Code     0  libshutdown2.o(.ARM.Collect$$libshutdown$$0000000F)
    __rt_lib_shutdown_signal_1               0x0800025f   Thumb Code     0  libshutdown2.o(.ARM.Collect$$libshutdown$$00000009)
    __rt_lib_shutdown_stdio_1                0x0800025f   Thumb Code     0  libshutdown2.o(.ARM.Collect$$libshutdown$$00000003)
    __rt_lib_shutdown_user_alloc_1           0x0800025f   Thumb Code     0  libshutdown2.o(.ARM.Collect$$libshutdown$$0000000B)
    __rt_entry                               0x08000261   Thumb Code     0  __rtentry.o(.ARM.Collect$$rtentry$$00000000)
    __rt_entry_presh_1                       0x08000261   Thumb Code     0  __rtentry2.o(.ARM.Collect$$rtentry$$00000002)
    __rt_entry_sh                            0x08000261   Thumb Code     0  __rtentry4.o(.ARM.Collect$$rtentry$$00000004)
    __rt_entry_li                            0x08000267   Thumb Code     0  __rtentry2.o(.ARM.Collect$$rtentry$$0000000A)
    __rt_entry_postsh_1                      0x08000267   Thumb Code     0  __rtentry2.o(.ARM.Collect$$rtentry$$00000009)
    __rt_entry_main                          0x0800026b   Thumb Code     0  __rtentry2.o(.ARM.Collect$$rtentry$$0000000D)
    __rt_entry_postli_1                      0x0800026b   Thumb Code     0  __rtentry2.o(.ARM.Collect$$rtentry$$0000000C)
    __rt_exit                                0x08000273   Thumb Code     0  rtexit.o(.ARM.Collect$$rtexit$$00000000)
    __rt_exit_ls                             0x08000275   Thumb Code     0  rtexit2.o(.ARM.Collect$$rtexit$$00000003)
    __rt_exit_prels_1                        0x08000275   Thumb Code     0  rtexit2.o(.ARM.Collect$$rtexit$$00000002)
    __rt_exit_exit                           0x08000279   Thumb Code     0  rtexit2.o(.ARM.Collect$$rtexit$$00000004)
    Reset_Handler                            0x08000281   Thumb Code     8  startup_stm32f40_41xxx.o(.text)
    _maybe_terminate_alloc                   0x08000281   Thumb Code     0  maybetermalloc1.o(.emb_text)
    NMI_Handler                              0x08000289   Thumb Code     2  startup_stm32f40_41xxx.o(.text)
    HardFault_Handler                        0x0800028b   Thumb Code     2  startup_stm32f40_41xxx.o(.text)
    MemManage_Handler                        0x0800028d   Thumb Code     2  startup_stm32f40_41xxx.o(.text)
    BusFault_Handler                         0x0800028f   Thumb Code     2  startup_stm32f40_41xxx.o(.text)
    UsageFault_Handler                       0x08000291   Thumb Code     2  startup_stm32f40_41xxx.o(.text)
    SVC_Handler                              0x08000293   Thumb Code     2  startup_stm32f40_41xxx.o(.text)
    DebugMon_Handler                         0x08000295   Thumb Code     2  startup_stm32f40_41xxx.o(.text)
    PendSV_Handler                           0x08000297   Thumb Code     2  startup_stm32f40_41xxx.o(.text)
    SysTick_Handler                          0x08000299   Thumb Code     2  startup_stm32f40_41xxx.o(.text)
    ADC_IRQHandler                           0x0800029b   Thumb Code     0  startup_stm32f40_41xxx.o(.text)
    CAN1_RX1_IRQHandler                      0x0800029b   Thumb Code     0  startup_stm32f40_41xxx.o(.text)
    CAN1_SCE_IRQHandler                      0x0800029b   Thumb Code     0  startup_stm32f40_41xxx.o(.text)
    CAN1_TX_IRQHandler                       0x0800029b   Thumb Code     0  startup_stm32f40_41xxx.o(.text)
    CAN2_RX0_IRQHandler                      0x0800029b   Thumb Code     0  startup_stm32f40_41xxx.o(.text)
    CAN2_RX1_IRQHandler                      0x0800029b   Thumb Code     0  startup_stm32f40_41xxx.o(.text)
    CAN2_SCE_IRQHandler                      0x0800029b   Thumb Code     0  startup_stm32f40_41xxx.o(.text)
    CAN2_TX_IRQHandler                       0x0800029b   Thumb Code     0  startup_stm32f40_41xxx.o(.text)
    CRYP_IRQHandler                          0x0800029b   Thumb Code     0  startup_stm32f40_41xxx.o(.text)
    DCMI_IRQHandler                          0x0800029b   Thumb Code     0  startup_stm32f40_41xxx.o(.text)
    DMA1_Stream0_IRQHandler                  0x0800029b   Thumb Code     0  startup_stm32f40_41xxx.o(.text)
    DMA1_Stream1_IRQHandler                  0x0800029b   Thumb Code     0  startup_stm32f40_41xxx.o(.text)
    DMA1_Stream2_IRQHandler                  0x0800029b   Thumb Code     0  startup_stm32f40_41xxx.o(.text)
    DMA1_Stream3_IRQHandler                  0x0800029b   Thumb Code     0  startup_stm32f40_41xxx.o(.text)
    DMA1_Stream4_IRQHandler                  0x0800029b   Thumb Code     0  startup_stm32f40_41xxx.o(.text)
    DMA1_Stream5_IRQHandler                  0x0800029b   Thumb Code     0  startup_stm32f40_41xxx.o(.text)
    DMA1_Stream6_IRQHandler                  0x0800029b   Thumb Code     0  startup_stm32f40_41xxx.o(.text)
    DMA1_Stream7_IRQHandler                  0x0800029b   Thumb Code     0  startup_stm32f40_41xxx.o(.text)
    DMA2_Stream0_IRQHandler                  0x0800029b   Thumb Code     0  startup_stm32f40_41xxx.o(.text)
    DMA2_Stream1_IRQHandler                  0x0800029b   Thumb Code     0  startup_stm32f40_41xxx.o(.text)
    DMA2_Stream2_IRQHandler                  0x0800029b   Thumb Code     0  startup_stm32f40_41xxx.o(.text)
    DMA2_Stream3_IRQHandler                  0x0800029b   Thumb Code     0  startup_stm32f40_41xxx.o(.text)
    DMA2_Stream4_IRQHandler                  0x0800029b   Thumb Code     0  startup_stm32f40_41xxx.o(.text)
    DMA2_Stream5_IRQHandler                  0x0800029b   Thumb Code     0  startup_stm32f40_41xxx.o(.text)
    DMA2_Stream6_IRQHandler                  0x0800029b   Thumb Code     0  startup_stm32f40_41xxx.o(.text)
    DMA2_Stream7_IRQHandler                  0x0800029b   Thumb Code     0  startup_stm32f40_41xxx.o(.text)
    ETH_IRQHandler                           0x0800029b   Thumb Code     0  startup_stm32f40_41xxx.o(.text)
    ETH_WKUP_IRQHandler                      0x0800029b   Thumb Code     0  startup_stm32f40_41xxx.o(.text)
    EXTI15_10_IRQHandler                     0x0800029b   Thumb Code     0  startup_stm32f40_41xxx.o(.text)
    EXTI1_IRQHandler                         0x0800029b   Thumb Code     0  startup_stm32f40_41xxx.o(.text)
    EXTI9_5_IRQHandler                       0x0800029b   Thumb Code     0  startup_stm32f40_41xxx.o(.text)
    FLASH_IRQHandler                         0x0800029b   Thumb Code     0  startup_stm32f40_41xxx.o(.text)
    FPU_IRQHandler                           0x0800029b   Thumb Code     0  startup_stm32f40_41xxx.o(.text)
    FSMC_IRQHandler                          0x0800029b   Thumb Code     0  startup_stm32f40_41xxx.o(.text)
    HASH_RNG_IRQHandler                      0x0800029b   Thumb Code     0  startup_stm32f40_41xxx.o(.text)
    I2C1_ER_IRQHandler                       0x0800029b   Thumb Code     0  startup_stm32f40_41xxx.o(.text)
    I2C1_EV_IRQHandler                       0x0800029b   Thumb Code     0  startup_stm32f40_41xxx.o(.text)
    I2C2_ER_IRQHandler                       0x0800029b   Thumb Code     0  startup_stm32f40_41xxx.o(.text)
    I2C2_EV_IRQHandler                       0x0800029b   Thumb Code     0  startup_stm32f40_41xxx.o(.text)
    I2C3_ER_IRQHandler                       0x0800029b   Thumb Code     0  startup_stm32f40_41xxx.o(.text)
    I2C3_EV_IRQHandler                       0x0800029b   Thumb Code     0  startup_stm32f40_41xxx.o(.text)
    OTG_FS_IRQHandler                        0x0800029b   Thumb Code     0  startup_stm32f40_41xxx.o(.text)
    OTG_FS_WKUP_IRQHandler                   0x0800029b   Thumb Code     0  startup_stm32f40_41xxx.o(.text)
    OTG_HS_EP1_IN_IRQHandler                 0x0800029b   Thumb Code     0  startup_stm32f40_41xxx.o(.text)
    OTG_HS_EP1_OUT_IRQHandler                0x0800029b   Thumb Code     0  startup_stm32f40_41xxx.o(.text)
    OTG_HS_IRQHandler                        0x0800029b   Thumb Code     0  startup_stm32f40_41xxx.o(.text)
    OTG_HS_WKUP_IRQHandler                   0x0800029b   Thumb Code     0  startup_stm32f40_41xxx.o(.text)
    PVD_IRQHandler                           0x0800029b   Thumb Code     0  startup_stm32f40_41xxx.o(.text)
    RCC_IRQHandler                           0x0800029b   Thumb Code     0  startup_stm32f40_41xxx.o(.text)
    RTC_WKUP_IRQHandler                      0x0800029b   Thumb Code     0  startup_stm32f40_41xxx.o(.text)
    SDIO_IRQHandler                          0x0800029b   Thumb Code     0  startup_stm32f40_41xxx.o(.text)
    SPI1_IRQHandler                          0x0800029b   Thumb Code     0  startup_stm32f40_41xxx.o(.text)
    SPI2_IRQHandler                          0x0800029b   Thumb Code     0  startup_stm32f40_41xxx.o(.text)
    SPI3_IRQHandler                          0x0800029b   Thumb Code     0  startup_stm32f40_41xxx.o(.text)
    TAMP_STAMP_IRQHandler                    0x0800029b   Thumb Code     0  startup_stm32f40_41xxx.o(.text)
    TIM1_BRK_TIM9_IRQHandler                 0x0800029b   Thumb Code     0  startup_stm32f40_41xxx.o(.text)
    TIM1_CC_IRQHandler                       0x0800029b   Thumb Code     0  startup_stm32f40_41xxx.o(.text)
    TIM1_TRG_COM_TIM11_IRQHandler            0x0800029b   Thumb Code     0  startup_stm32f40_41xxx.o(.text)
    TIM4_IRQHandler                          0x0800029b   Thumb Code     0  startup_stm32f40_41xxx.o(.text)
    TIM5_IRQHandler                          0x0800029b   Thumb Code     0  startup_stm32f40_41xxx.o(.text)
    TIM6_DAC_IRQHandler                      0x0800029b   Thumb Code     0  startup_stm32f40_41xxx.o(.text)
    TIM7_IRQHandler                          0x0800029b   Thumb Code     0  startup_stm32f40_41xxx.o(.text)
    TIM8_BRK_TIM12_IRQHandler                0x0800029b   Thumb Code     0  startup_stm32f40_41xxx.o(.text)
    TIM8_CC_IRQHandler                       0x0800029b   Thumb Code     0  startup_stm32f40_41xxx.o(.text)
    TIM8_TRG_COM_TIM14_IRQHandler            0x0800029b   Thumb Code     0  startup_stm32f40_41xxx.o(.text)
    UART4_IRQHandler                         0x0800029b   Thumb Code     0  startup_stm32f40_41xxx.o(.text)
    UART5_IRQHandler                         0x0800029b   Thumb Code     0  startup_stm32f40_41xxx.o(.text)
    USART6_IRQHandler                        0x0800029b   Thumb Code     0  startup_stm32f40_41xxx.o(.text)
    WWDG_IRQHandler                          0x0800029b   Thumb Code     0  startup_stm32f40_41xxx.o(.text)
    __user_initial_stackheap                 0x0800029d   Thumb Code     0  startup_stm32f40_41xxx.o(.text)
    __I$use$semihosting                      0x080002c1   Thumb Code     0  use_no_semi.o(.text)
    __use_no_semihosting_swi                 0x080002c1   Thumb Code     2  use_no_semi.o(.text)
    malloc                                   0x080002c3   Thumb Code    94  h1_alloc.o(.text)
    free                                     0x08000321   Thumb Code    78  h1_free.o(.text)
    __2printf                                0x08000371   Thumb Code    20  noretval__2printf.o(.text)
    __2sprintf                               0x08000389   Thumb Code    34  noretval__2sprintf.o(.text)
    _printf_pre_padding                      0x080003b1   Thumb Code    44  _printf_pad.o(.text)
    _printf_post_padding                     0x080003dd   Thumb Code    34  _printf_pad.o(.text)
    _printf_truncate_signed                  0x080003ff   Thumb Code    18  _printf_truncate.o(.text)
    _printf_truncate_unsigned                0x08000411   Thumb Code    18  _printf_truncate.o(.text)
    _printf_int_dec                          0x08000425   Thumb Code   104  _printf_dec.o(.text)
    _printf_int_hex                          0x0800049d   Thumb Code    84  _printf_hex_int.o(.text)
    _printf_longlong_hex                     0x0800049d   Thumb Code     0  _printf_hex_int.o(.text)
    __printf                                 0x080004f5   Thumb Code   388  __printf_flags_ss_wp.o(.text)
    strlen                                   0x0800067d   Thumb Code    62  strlen.o(.text)
    __aeabi_memclr4                          0x080006bb   Thumb Code     0  rt_memclr_w.o(.text)
    __aeabi_memclr8                          0x080006bb   Thumb Code     0  rt_memclr_w.o(.text)
    __rt_memclr_w                            0x080006bb   Thumb Code    78  rt_memclr_w.o(.text)
    _memset_w                                0x080006bf   Thumb Code     0  rt_memclr_w.o(.text)
    __use_two_region_memory                  0x08000709   Thumb Code     2  heapauxi.o(.text)
    __rt_heap_escrow                         0x0800070b   Thumb Code     2  heapauxi.o(.text)
    __rt_heap_expand                         0x0800070d   Thumb Code     2  heapauxi.o(.text)
    __rt_heap_descriptor                     0x08000711   Thumb Code     8  rt_heap_descriptor_intlibspace.o(.text)
    __use_no_heap                            0x08000719   Thumb Code     2  hguard.o(.text)
    __heap$guard                             0x0800071b   Thumb Code     2  hguard.o(.text)
    _terminate_user_alloc                    0x0800071d   Thumb Code     2  init_alloc.o(.text)
    _init_user_alloc                         0x0800071f   Thumb Code     2  init_alloc.o(.text)
    __Heap_Full                              0x08000721   Thumb Code    34  init_alloc.o(.text)
    __Heap_Broken                            0x08000743   Thumb Code     6  init_alloc.o(.text)
    _init_alloc                              0x08000749   Thumb Code    94  init_alloc.o(.text)
    __Heap_Initialize                        0x080007a7   Thumb Code    10  h1_init.o(.text)
    __Heap_DescSize                          0x080007b1   Thumb Code     4  h1_init.o(.text)
    __read_errno                             0x080007b5   Thumb Code    10  _rserrno.o(.text)
    __set_errno                              0x080007bf   Thumb Code    12  _rserrno.o(.text)
    _printf_int_common                       0x080007cb   Thumb Code   178  _printf_intcommon.o(.text)
    _printf_char_common                      0x08000887   Thumb Code    32  _printf_char_common.o(.text)
    _sputc                                   0x080008ad   Thumb Code    10  _sputc.o(.text)
    _printf_char_file                        0x080008b9   Thumb Code    32  _printf_char_file.o(.text)
    __user_libspace                          0x080008dd   Thumb Code     8  libspace.o(.text)
    __user_perproc_libspace                  0x080008dd   Thumb Code     0  libspace.o(.text)
    __user_perthread_libspace                0x080008dd   Thumb Code     0  libspace.o(.text)
    __aeabi_errno_addr                       0x080008e5   Thumb Code     8  rt_errno_addr_intlibspace.o(.text)
    __errno$intlibspace                      0x080008e5   Thumb Code     0  rt_errno_addr_intlibspace.o(.text)
    __rt_errno_addr$intlibspace              0x080008e5   Thumb Code     0  rt_errno_addr_intlibspace.o(.text)
    __Heap_ProvideMemory                     0x080008ed   Thumb Code    52  h1_extend.o(.text)
    ferror                                   0x08000921   Thumb Code     8  ferror.o(.text)
    __rt_SIGRTMEM                            0x08000929   Thumb Code    14  defsig_rtmem_outer.o(.text)
    __user_setup_stackheap                   0x08000937   Thumb Code    74  sys_stackheap_outer.o(.text)
    exit                                     0x08000981   Thumb Code    12  exit.o(.text)
    __sig_exit                               0x0800098d   Thumb Code    10  defsig_exit.o(.text)
    __rt_SIGRTMEM_inner                      0x08000999   Thumb Code    22  defsig_rtmem_inner.o(.text)
    __default_signal_display                 0x080009e9   Thumb Code    50  defsig_general.o(.text)
    AT24CXX_Init                             0x08000a1b   Thumb Code     8  24cxx.o(i.AT24CXX_Init)
    AT24CXX_ReadLenByte                      0x08000a23   Thumb Code    44  24cxx.o(i.AT24CXX_ReadLenByte)
    AT24CXX_ReadOneByte                      0x08000a4f   Thumb Code    88  24cxx.o(i.AT24CXX_ReadOneByte)
    AT24CXX_WriteLenByte                     0x08000aa7   Thumb Code    42  24cxx.o(i.AT24CXX_WriteLenByte)
    AT24CXX_WriteOneByte                     0x08000ad1   Thumb Code   152  24cxx.o(i.AT24CXX_WriteOneByte)
    CAN1_RX0_IRQHandler                      0x08000b69   Thumb Code   130  can.o(i.CAN1_RX0_IRQHandler)
    CAN_ClearITPendingBit                    0x08000c51   Thumb Code   162  stm32f4xx_can.o(i.CAN_ClearITPendingBit)
    CAN_GetITStatus                          0x08000cf9   Thumb Code   284  stm32f4xx_can.o(i.CAN_GetITStatus)
    CAN_Receive                              0x08000e19   Thumb Code   240  stm32f4xx_can.o(i.CAN_Receive)
    CAN_Transmit                             0x08000f09   Thumb Code   294  stm32f4xx_can.o(i.CAN_Transmit)
    CAN_TransmitStatus                       0x08001031   Thumb Code   138  stm32f4xx_can.o(i.CAN_TransmitStatus)
    Chinese_Font_test                        0x080010e5   Thumb Code   122  test.o(i.Chinese_Font_test)
    Color_To_565                             0x080011d9   Thumb Code    24  lcd.o(i.Color_To_565)
    DrawTestPage                             0x080011f1   Thumb Code   118  test.o(i.DrawTestPage)
    Draw_Triangel                            0x08001289   Thumb Code    56  gui.o(i.Draw_Triangel)
    EXTI0_IRQHandler                         0x080012c1   Thumb Code    44  key_interrupt.o(i.EXTI0_IRQHandler)
    EXTI2_IRQHandler                         0x080012fd   Thumb Code    48  key_interrupt.o(i.EXTI2_IRQHandler)
    EXTI3_IRQHandler                         0x0800133d   Thumb Code    48  key_interrupt.o(i.EXTI3_IRQHandler)
    EXTI4_IRQHandler                         0x0800137d   Thumb Code    46  key_interrupt.o(i.EXTI4_IRQHandler)
    EXTI_ClearITPendingBit                   0x080013bd   Thumb Code     6  stm32f4xx_exti.o(i.EXTI_ClearITPendingBit)
    EXTI_GetITStatus                         0x080013c9   Thumb Code    20  stm32f4xx_exti.o(i.EXTI_GetITStatus)
    English_Font_test                        0x080013e1   Thumb Code   174  test.o(i.English_Font_test)
    FSMC_NORSRAMCmd                          0x08001641   Thumb Code    46  stm32f4xx_fsmc.o(i.FSMC_NORSRAMCmd)
    FSMC_NORSRAMInit                         0x08001675   Thumb Code   230  stm32f4xx_fsmc.o(i.FSMC_NORSRAMInit)
    Fill_Triangel                            0x0800175d   Thumb Code   522  gui.o(i.Fill_Triangel)
    GPIO_Init                                0x0800196d   Thumb Code   144  stm32f4xx_gpio.o(i.GPIO_Init)
    GPIO_PinAFConfig                         0x080019fd   Thumb Code    70  stm32f4xx_gpio.o(i.GPIO_PinAFConfig)
    GPIO_ReadInputDataBit                    0x08001a43   Thumb Code    18  stm32f4xx_gpio.o(i.GPIO_ReadInputDataBit)
    GPIO_ResetBits                           0x08001a55   Thumb Code     4  stm32f4xx_gpio.o(i.GPIO_ResetBits)
    GPIO_SetBits                             0x08001a59   Thumb Code     4  stm32f4xx_gpio.o(i.GPIO_SetBits)
    GPIO_WriteBit                            0x08001a5d   Thumb Code    10  stm32f4xx_gpio.o(i.GPIO_WriteBit)
    GUI_DrawFont16                           0x08001a69   Thumb Code   252  gui.o(i.GUI_DrawFont16)
    GUI_DrawFont24                           0x08001b71   Thumb Code   268  gui.o(i.GUI_DrawFont24)
    GUI_DrawFont32                           0x08001c89   Thumb Code   252  gui.o(i.GUI_DrawFont32)
    GUI_DrawPoint                            0x08001d91   Thumb Code    24  gui.o(i.GUI_DrawPoint)
    Gui_Drawbmp16                            0x08001da9   Thumb Code    90  gui.o(i.Gui_Drawbmp16)
    Gui_StrCenter                            0x08001e09   Thumb Code    60  gui.o(i.Gui_StrCenter)
    IIC_Ack                                  0x08001e49   Thumb Code    82  myiic.o(i.IIC_Ack)
    IIC_Init                                 0x08001ea1   Thumb Code    70  myiic.o(i.IIC_Init)
    IIC_NAck                                 0x08001eed   Thumb Code    82  myiic.o(i.IIC_NAck)
    IIC_Read_Byte                            0x08001f45   Thumb Code   106  myiic.o(i.IIC_Read_Byte)
    IIC_Send_Byte                            0x08001fb5   Thumb Code   106  myiic.o(i.IIC_Send_Byte)
    IIC_Start                                0x08002025   Thumb Code    82  myiic.o(i.IIC_Start)
    IIC_Stop                                 0x0800207d   Thumb Code    80  myiic.o(i.IIC_Stop)
    IIC_Wait_Ack                             0x080020d1   Thumb Code   102  myiic.o(i.IIC_Wait_Ack)
    KEY_Init                                 0x0800213d   Thumb Code    60  key_interrupt.o(i.KEY_Init)
    KEY_Scan                                 0x08002181   Thumb Code   188  key_interrupt.o(i.KEY_Scan)
    LCD_Clear                                0x08002249   Thumb Code    56  lcd.o(i.LCD_Clear)
    LCD_DrawFillRectangle                    0x08002289   Thumb Code    30  gui.o(i.LCD_DrawFillRectangle)
    LCD_DrawLine                             0x080022ad   Thumb Code   176  gui.o(i.LCD_DrawLine)
    LCD_DrawPoint                            0x0800235d   Thumb Code    24  lcd.o(i.LCD_DrawPoint)
    LCD_DrawRectangle                        0x08002379   Thumb Code    64  gui.o(i.LCD_DrawRectangle)
    LCD_Fill                                 0x080023b9   Thumb Code   110  gui.o(i.LCD_Fill)
    LCD_GPIOInit                             0x0800242d   Thumb Code   584  lcd.o(i.LCD_GPIOInit)
    LCD_Init                                 0x0800268d   Thumb Code   592  lcd.o(i.LCD_Init)
    LCD_RD_DATA                              0x080028e1   Thumb Code     8  lcd.o(i.LCD_RD_DATA)
    LCD_ReadPoint                            0x080028e9   Thumb Code    48  lcd.o(i.LCD_ReadPoint)
    LCD_ReadRAM_Prepare                      0x0800291d   Thumb Code    12  lcd.o(i.LCD_ReadRAM_Prepare)
    LCD_ReadReg                              0x0800292d   Thumb Code    40  lcd.o(i.LCD_ReadReg)
    LCD_Read_ID                              0x08002955   Thumb Code    30  lcd.o(i.LCD_Read_ID)
    LCD_SetCursor                            0x08002973   Thumb Code    20  lcd.o(i.LCD_SetCursor)
    LCD_SetWindows                           0x08002989   Thumb Code    76  lcd.o(i.LCD_SetWindows)
    LCD_ShowChar                             0x080029d9   Thumb Code   276  gui.o(i.LCD_ShowChar)
    LCD_ShowNum                              0x08002afd   Thumb Code   168  gui.o(i.LCD_ShowNum)
    LCD_ShowString                           0x08002bad   Thumb Code    94  gui.o(i.LCD_ShowString)
    LCD_WR_DATA                              0x08002c19   Thumb Code     8  lcd.o(i.LCD_WR_DATA)
    LCD_WR_REG                               0x08002c25   Thumb Code     8  lcd.o(i.LCD_WR_REG)
    LCD_WriteRAM_Prepare                     0x08002c31   Thumb Code    12  lcd.o(i.LCD_WriteRAM_Prepare)
    LCD_WriteReg                             0x08002c41   Thumb Code    14  lcd.o(i.LCD_WriteReg)
    LCD_direction                            0x08002c55   Thumb Code   132  lcd.o(i.LCD_direction)
    LCD_read                                 0x08002cdd   Thumb Code    14  lcd.o(i.LCD_read)
    Lcd_ReadData_16Bit                       0x08002cf1   Thumb Code    50  lcd.o(i.Lcd_ReadData_16Bit)
    Lcd_WriteData_16Bit                      0x08002d25   Thumb Code     6  lcd.o(i.Lcd_WriteData_16Bit)
    NVIC_Init                                0x08002f2d   Thumb Code   106  misc.o(i.NVIC_Init)
    NVIC_PriorityGroupConfig                 0x08002fa5   Thumb Code    10  misc.o(i.NVIC_PriorityGroupConfig)
    PWR_BackupAccessCmd                      0x08002fb9   Thumb Code     6  stm32f4xx_pwr.o(i.PWR_BackupAccessCmd)
    Pic_test                                 0x08002fc5   Thumb Code   126  test.o(i.Pic_test)
    RCC_AHB1PeriphClockCmd                   0x08003061   Thumb Code    26  stm32f4xx_rcc.o(i.RCC_AHB1PeriphClockCmd)
    RCC_AHB3PeriphClockCmd                   0x08003081   Thumb Code    26  stm32f4xx_rcc.o(i.RCC_AHB3PeriphClockCmd)
    RCC_APB2PeriphClockCmd                   0x080030a1   Thumb Code    26  stm32f4xx_rcc.o(i.RCC_APB2PeriphClockCmd)
    RCC_GetClocksFreq                        0x080030c1   Thumb Code   214  stm32f4xx_rcc.o(i.RCC_GetClocksFreq)
    RCC_RTCCLKCmd                            0x080031a9   Thumb Code     6  stm32f4xx_rcc.o(i.RCC_RTCCLKCmd)
    RTC_AlarmCmd                             0x080031b5   Thumb Code   112  stm32f4xx_rtc.o(i.RTC_AlarmCmd)
    RTC_Alarm_IRQHandler                     0x08003229   Thumb Code    40  rtc.o(i.RTC_Alarm_IRQHandler)
    RTC_ClearFlag                            0x08003289   Thumb Code    24  stm32f4xx_rtc.o(i.RTC_ClearFlag)
    RTC_EnterInitMode                        0x080032a5   Thumb Code    76  stm32f4xx_rtc.o(i.RTC_EnterInitMode)
    RTC_ExitInitMode                         0x080032f5   Thumb Code    14  stm32f4xx_rtc.o(i.RTC_ExitInitMode)
    RTC_GetFlagStatus                        0x08003309   Thumb Code    32  stm32f4xx_rtc.o(i.RTC_GetFlagStatus)
    RTC_SetAlarm                             0x08003331   Thumb Code   230  stm32f4xx_rtc.o(i.RTC_SetAlarm)
    RTC_SetDate                              0x0800341d   Thumb Code   190  stm32f4xx_rtc.o(i.RTC_SetDate)
    RTC_SetTime                              0x080034e5   Thumb Code   198  stm32f4xx_rtc.o(i.RTC_SetTime)
    RTC_WaitForSynchro                       0x080035b5   Thumb Code    92  stm32f4xx_rtc.o(i.RTC_WaitForSynchro)
    Rotate_Test                              0x08003615   Thumb Code   108  test.o(i.Rotate_Test)
    Show_Str                                 0x08003789   Thumb Code   264  gui.o(i.Show_Str)
    SysTick_CLKSourceConfig                  0x08003895   Thumb Code    40  misc.o(i.SysTick_CLKSourceConfig)
    SystemInit                               0x080038bd   Thumb Code    88  system_stm32f4xx.o(i.SystemInit)
    TIM1_UP_TIM10_IRQHandler                 0x08003925   Thumb Code    20  timer.o(i.TIM1_UP_TIM10_IRQHandler)
    TIM2_IRQHandler                          0x0800393d   Thumb Code    58  timer.o(i.TIM2_IRQHandler)
    TIM3_IRQHandler                          0x08003981   Thumb Code    58  timer.o(i.TIM3_IRQHandler)
    TIM8_UP_TIM13_IRQHandler                 0x080039c9   Thumb Code    50  timer.o(i.TIM8_UP_TIM13_IRQHandler)
    TIM_ClearITPendingBit                    0x08003a05   Thumb Code     6  stm32f4xx_tim.o(i.TIM_ClearITPendingBit)
    TIM_GetITStatus                          0x08003a0b   Thumb Code    34  stm32f4xx_tim.o(i.TIM_GetITStatus)
    TIM_SetCompare1                          0x08003a2d   Thumb Code     4  stm32f4xx_tim.o(i.TIM_SetCompare1)
    TP_Adj_Info_Show                         0x08003a31   Thumb Code   320  touch.o(i.TP_Adj_Info_Show)
    TP_Adjust                                0x08003b9d   Thumb Code  2116  touch.o(i.TP_Adjust)
    TP_Draw_Big_Point                        0x08004421   Thumb Code    54  touch.o(i.TP_Draw_Big_Point)
    TP_Drow_Touch_Point                      0x0800445d   Thumb Code   116  touch.o(i.TP_Drow_Touch_Point)
    TP_Get_Adjdata                           0x080044d5   Thumb Code   160  touch.o(i.TP_Get_Adjdata)
    TP_Init                                  0x08004585   Thumb Code   146  touch.o(i.TP_Init)
    TP_Read_AD                               0x08004629   Thumb Code   172  touch.o(i.TP_Read_AD)
    TP_Read_XOY                              0x080046e1   Thumb Code   120  touch.o(i.TP_Read_XOY)
    TP_Read_XY                               0x08004759   Thumb Code    38  touch.o(i.TP_Read_XY)
    TP_Read_XY2                              0x08004789   Thumb Code   192  touch.o(i.TP_Read_XY2)
    TP_Save_Adjdata                          0x08004849   Thumb Code   118  touch.o(i.TP_Save_Adjdata)
    TP_Scan                                  0x080048c9   Thumb Code   228  touch.o(i.TP_Scan)
    TP_Write_Byte                            0x080049b5   Thumb Code    80  touch.o(i.TP_Write_Byte)
    Test_Circle                              0x08004a0d   Thumb Code   224  test.o(i.Test_Circle)
    Test_Color                               0x08004b0d   Thumb Code   220  test.o(i.Test_Color)
    Test_FillRec                             0x08004c0d   Thumb Code   392  test.o(i.Test_FillRec)
    Test_Read                                0x08004db9   Thumb Code   228  test.o(i.Test_Read)
    Test_Triangle                            0x08004edd   Thumb Code   476  test.o(i.Test_Triangle)
    Touch_Test                               0x080050e1   Thumb Code   478  test.o(i.Touch_Test)
    Trie_Match_Byte                          0x080052f9   Thumb Code   226  dfa_event_queue.o(i.Trie_Match_Byte)
    USART1_IRQHandler                        0x080053ed   Thumb Code   116  uart.o(i.USART1_IRQHandler)
    USART2_IRQHandler                        0x080054a9   Thumb Code    44  rs485.o(i.USART2_IRQHandler)
    USART3_IRQHandler                        0x080054d9   Thumb Code    84  esp8266.o(i.USART3_IRQHandler)
    USART_ClearITPendingBit                  0x08005541   Thumb Code    30  stm32f4xx_usart.o(i.USART_ClearITPendingBit)
    USART_Cmd                                0x0800555f   Thumb Code    24  stm32f4xx_usart.o(i.USART_Cmd)
    USART_GetFlagStatus                      0x08005577   Thumb Code    26  stm32f4xx_usart.o(i.USART_GetFlagStatus)
    USART_GetITStatus                        0x08005591   Thumb Code    84  stm32f4xx_usart.o(i.USART_GetITStatus)
    USART_ITConfig                           0x080055e5   Thumb Code    74  stm32f4xx_usart.o(i.USART_ITConfig)
    USART_Init                               0x08005631   Thumb Code   204  stm32f4xx_usart.o(i.USART_Init)
    USART_ReceiveData                        0x08005705   Thumb Code    10  stm32f4xx_usart.o(i.USART_ReceiveData)
    USART_SendData                           0x0800570f   Thumb Code     8  stm32f4xx_usart.o(i.USART_SendData)
    __hardfp_sqrt                            0x08005717   Thumb Code   122  sqrt.o(i.__hardfp_sqrt)
    _draw_circle_8                           0x08005791   Thumb Code   132  gui.o(i._draw_circle_8)
    _is_digit                                0x08005815   Thumb Code    14  __printf_wp.o(i._is_digit)
    _sys_exit                                0x0800582d   Thumb Code     4  retarget.o(i._sys_exit)
    _ttywrch                                 0x08005831   Thumb Code    28  retarget.o(i._ttywrch)
    alarm_handler                            0x08005851   Thumb Code   136  event_handlers.o(i.alarm_handler)
    beep_off                                 0x080058dd   Thumb Code    24  event_handlers.o(i.beep_off)
    beep_on                                  0x080058f9   Thumb Code    24  event_handlers.o(i.beep_on)
    can1_send_message                        0x08005915   Thumb Code   144  can.o(i.can1_send_message)
    co2_auto                                 0x080059c5   Thumb Code    18  event_handlers.o(i.co2_auto)
    co2_get_value                            0x080059f9   Thumb Code    48  event_handlers.o(i.co2_get_value)
    co2_off                                  0x08005a59   Thumb Code    18  event_handlers.o(i.co2_off)
    dec_to_bcd                               0x08005a8d   Thumb Code    26  rtc.o(i.dec_to_bcd)
    default_handler                          0x08005aa9   Thumb Code    12  event_handlers.o(i.default_handler)
    esp8266_net_init_task                    0x08005d1f   Thumb Code     2  event_handlers.o(i.esp8266_net_init_task)
    event_push_interface                     0x08005d21   Thumb Code    20  dfa_event_queue.o(i.event_push_interface)
    fan_off                                  0x08005d3d   Thumb Code    24  event_handlers.o(i.fan_off)
    fan_on                                   0x08005d59   Thumb Code    24  event_handlers.o(i.fan_on)
    fan_speed                                0x08005d71   Thumb Code    56  event_handlers.o(i.fan_speed)
    fputc                                    0x08005db1   Thumb Code    32  retarget.o(i.fputc)
    gui_circle                               0x08005dd5   Thumb Code   154  gui.o(i.gui_circle)
    init                                     0x08005e6f   Thumb Code    36  main.o(i.init)
    lcd_demo                                 0x08005e93   Thumb Code    48  lcd_demo.o(i.lcd_demo)
    led_gpio_init                            0x08005ec5   Thumb Code   110  led.o(i.led_gpio_init)
    led_off                                  0x08005f3d   Thumb Code    76  event_handlers.o(i.led_off)
    led_on                                   0x08005f91   Thumb Code    76  event_handlers.o(i.led_on)
    main                                     0x08005fe5   Thumb Code    22  main.o(i.main)
    main_test                                0x0800600d   Thumb Code   124  test.o(i.main_test)
    motor1_set_duty                          0x080060e1   Thumb Code    38  motor.o(i.motor1_set_duty)
    mypow                                    0x08006111   Thumb Code    22  gui.o(i.mypow)
    read_mq_2                                0x08006129   Thumb Code    14  mq_2.o(i.read_mq_2)
    rtc_alarm_set                            0x0800613d   Thumb Code    62  rtc.o(i.rtc_alarm_set)
    rtc_set_date                             0x0800617b   Thumb Code    38  rtc.o(i.rtc_set_date)
    rtc_set_time                             0x080061a1   Thumb Code    38  rtc.o(i.rtc_set_time)
    set_alarm                                0x080061c9   Thumb Code    60  event_handlers.o(i.set_alarm)
    set_date                                 0x0800624d   Thumb Code    58  event_handlers.o(i.set_date)
    set_time                                 0x080062bd   Thumb Code    58  event_handlers.o(i.set_time)
    submit_alarm_hour                        0x0800632d   Thumb Code    44  event_handlers.o(i.submit_alarm_hour)
    submit_alarm_min                         0x0800638d   Thumb Code    26  event_handlers.o(i.submit_alarm_min)
    submit_alarm_sec                         0x080063dd   Thumb Code    26  event_handlers.o(i.submit_alarm_sec)
    submit_date_day                          0x0800642d   Thumb Code    26  event_handlers.o(i.submit_date_day)
    submit_date_month                        0x0800646d   Thumb Code    26  event_handlers.o(i.submit_date_month)
    submit_date_week                         0x080064ad   Thumb Code    26  event_handlers.o(i.submit_date_week)
    submit_date_year                         0x080064ed   Thumb Code    26  event_handlers.o(i.submit_date_year)
    submit_time_hour                         0x0800652d   Thumb Code    42  event_handlers.o(i.submit_time_hour)
    submit_time_min                          0x0800657d   Thumb Code    26  event_handlers.o(i.submit_time_min)
    submit_time_sec                          0x080065bd   Thumb Code    26  event_handlers.o(i.submit_time_sec)
    systick_init                             0x080065fd   Thumb Code    12  systick.o(i.systick_init)
    trie_init                                0x08006635   Thumb Code   258  dfa_event_queue.o(i.trie_init)
    usart1_init                              0x080068e9   Thumb Code   168  uart.o(i.usart1_init)
    usart1_send_byte                         0x08006999   Thumb Code    30  uart.o(i.usart1_send_byte)
    usart1_send_string                       0x080069bd   Thumb Code    24  uart.o(i.usart1_send_string)
    __aeabi_d2f                              0x080069d5   Thumb Code     0  d2f.o(x$fpl$d2f)
    _d2f                                     0x080069d5   Thumb Code    98  d2f.o(x$fpl$d2f)
    __fpl_dcmp_Inf                           0x08006a37   Thumb Code    24  dcmpi.o(x$fpl$dcmpinf)
    __aeabi_ddiv                             0x08006a51   Thumb Code     0  ddiv.o(x$fpl$ddiv)
    _ddiv                                    0x08006a51   Thumb Code   552  ddiv.o(x$fpl$ddiv)
    __aeabi_d2uiz                            0x08006d01   Thumb Code     0  dfixu.o(x$fpl$dfixu)
    _dfixu                                   0x08006d01   Thumb Code    90  dfixu.o(x$fpl$dfixu)
    __aeabi_i2d                              0x08006d5b   Thumb Code     0  dflt_clz.o(x$fpl$dflt)
    _dflt                                    0x08006d5b   Thumb Code    46  dflt_clz.o(x$fpl$dflt)
    __aeabi_ui2d                             0x08006d89   Thumb Code     0  dflt_clz.o(x$fpl$dfltu)
    _dfltu                                   0x08006d89   Thumb Code    38  dflt_clz.o(x$fpl$dfltu)
    __aeabi_cdcmple                          0x08006db1   Thumb Code     0  dleqf.o(x$fpl$dleqf)
    _dcmple                                  0x08006db1   Thumb Code   120  dleqf.o(x$fpl$dleqf)
    __fpl_dcmple_InfNaN                      0x08006e13   Thumb Code     0  dleqf.o(x$fpl$dleqf)
    __aeabi_dmul                             0x08006e29   Thumb Code     0  dmul.o(x$fpl$dmul)
    _dmul                                    0x08006e29   Thumb Code   332  dmul.o(x$fpl$dmul)
    __fpl_dnaninf                            0x08006f7d   Thumb Code   156  dnaninf.o(x$fpl$dnaninf)
    __fpl_dretinf                            0x08007019   Thumb Code    12  dretinf.o(x$fpl$dretinf)
    __aeabi_cdrcmple                         0x08007025   Thumb Code     0  drleqf.o(x$fpl$drleqf)
    _drcmple                                 0x08007025   Thumb Code   108  drleqf.o(x$fpl$drleqf)
    _dsqrt                                   0x08007091   Thumb Code   404  dsqrt_umaal.o(x$fpl$dsqrt)
    __aeabi_f2d                              0x08007229   Thumb Code     0  f2d.o(x$fpl$f2d)
    _f2d                                     0x08007229   Thumb Code    86  f2d.o(x$fpl$f2d)
    __fpl_fnaninf                            0x0800727f   Thumb Code   140  fnaninf.o(x$fpl$fnaninf)
    _fp_init                                 0x0800730b   Thumb Code    10  fpinit.o(x$fpl$fpinit)
    __fplib_config_fpu_vfp                   0x08007313   Thumb Code     0  fpinit.o(x$fpl$fpinit)
    __fplib_config_pureend_doubles           0x08007313   Thumb Code     0  fpinit.o(x$fpl$fpinit)
    __fpl_fretinf                            0x08007315   Thumb Code    10  fretinf.o(x$fpl$fretinf)
    __I$use$fp                               0x0800731e   Number         0  usenofp.o(x$fpl$usenofp)
    asc2_1206                                0x0800731e   Data        1140  gui.o(.constdata)
    asc2_1608                                0x08007792   Data        1520  gui.o(.constdata)
    tfont16                                  0x08007d82   Data        2244  gui.o(.constdata)
    tfont24                                  0x08008646   Data         518  gui.o(.constdata)
    tfont32                                  0x0800884c   Data         520  gui.o(.constdata)
    gImage_qq                                0x08008a54   Data        3200  test.o(.constdata)
    Region$$Table$$Base                      0x08009850   Number         0  anon$$obj.o(Region$$Table)
    Region$$Table$$Limit                     0x08009870   Number         0  anon$$obj.o(Region$$Table)
    KEY1_State                               0x20000000   Data           1  key_interrupt.o(.data)
    KEY2_State                               0x20000001   Data           1  key_interrupt.o(.data)
    KEY3_State                               0x20000002   Data           1  key_interrupt.o(.data)
    KEY4_State                               0x20000003   Data           1  key_interrupt.o(.data)
    LED1_state                               0x20000005   Data           1  led.o(.data)
    LED2_state                               0x20000006   Data           1  led.o(.data)
    LED3_state                               0x20000007   Data           1  led.o(.data)
    LED4_state                               0x20000008   Data           1  led.o(.data)
    CO2_density                              0x20000018   Data           4  co2_sensor.o(.data)
    CO2_sensor_control_mode                  0x2000001c   Data           1  co2_sensor.o(.data)
    g_esp8266_rx_cnt                         0x20000020   Data           4  esp8266.o(.data)
    g_esp8266_rx_end                         0x20000024   Data           4  esp8266.o(.data)
    g_esp8266_transparent_transmission_sta   0x20000028   Data           4  esp8266.o(.data)
    __stdout                                 0x20000030   Data           4  retarget.o(.data)
    __stdin                                  0x20000034   Data           4  retarget.o(.data)
    submit_date                              0x200000b0   Data           4  rtc.o(.data)
    submit_time                              0x200000b4   Data           4  rtc.o(.data)
    submit_alarm                             0x200000b8   Data          16  rtc.o(.data)
    ColorTab                                 0x200000c8   Data          10  test.o(.data)
    ColornTab                                0x200000d2   Data          16  test.o(.data)
    tp_dev                                   0x200000e4   Data          40  touch.o(.data)
    CMD_RDX                                  0x2000010c   Data           1  touch.o(.data)
    CMD_RDY                                  0x2000010d   Data           1  touch.o(.data)
    TP_REMIND_MSG_TBL                        0x20000110   Data           4  touch.o(.data)
    POINT_COLOR                              0x20000114   Data           2  lcd.o(.data)
    BACK_COLOR                               0x20000116   Data           2  lcd.o(.data)
    DeviceCode                               0x20000118   Data           2  lcd.o(.data)
    g_esp8266_tx_buf                         0x2000012c   Data         512  esp8266.o(.bss)
    g_esp8266_rx_buf                         0x2000032c   Data         512  esp8266.o(.bss)
    CAN_TX_MSG                               0x20000590   Data          20  can.o(.bss)
    CAN_RX_MSG                               0x200005a4   Data          20  can.o(.bss)
    lcddev                                   0x200005b8   Data          16  lcd.o(.bss)
    __libspace_start                         0x200005c8   Data          96  libspace.o(.bss)
    __temporary_stack_top$libspace           0x20000628   Data           0  libspace.o(.bss)



==============================================================================

Memory Map of the image

  Image Entry point : 0x08000281

  Load Region LR_1 (Base: 0x08000000, Size: 0x0000999c, Max: 0xffffffff, ABSOLUTE, COMPRESSED[0x000098e4])

    Execution Region ER_RO (Base: 0x08000000, Size: 0x00009870, Max: 0xffffffff, ABSOLUTE)

    Base Addr    Size         Type   Attr      Idx    E Section Name        Object

    0x08000000   0x00000188   Data   RO         6632    RESET               startup_stm32f40_41xxx.o
    0x08000188   0x00000008   Code   RO         6824  * !!!main             c_w.l(__main.o)
    0x08000190   0x00000034   Code   RO         7146    !!!scatter          c_w.l(__scatter.o)
    0x080001c4   0x0000005a   Code   RO         7144    !!dczerorl2         c_w.l(__dczerorl2.o)
    0x0800021e   0x00000002   PAD
    0x08000220   0x0000001c   Code   RO         7148    !!handler_zi        c_w.l(__scatter_zi.o)
    0x0800023c   0x00000000   Code   RO         6807    .ARM.Collect$$_printf_percent$$00000000  c_w.l(_printf_percent.o)
    0x0800023c   0x00000006   Code   RO         6805    .ARM.Collect$$_printf_percent$$00000009  c_w.l(_printf_d.o)
    0x08000242   0x00000006   Code   RO         6804    .ARM.Collect$$_printf_percent$$0000000C  c_w.l(_printf_x.o)
    0x08000248   0x00000004   Code   RO         6912    .ARM.Collect$$_printf_percent$$00000017  c_w.l(_printf_percent_end.o)
    0x0800024c   0x00000002   Code   RO         7088    .ARM.Collect$$libinit$$00000000  c_w.l(libinit.o)
    0x0800024e   0x00000004   Code   RO         6915    .ARM.Collect$$libinit$$00000001  c_w.l(libinit2.o)
    0x08000252   0x00000000   Code   RO         6918    .ARM.Collect$$libinit$$00000004  c_w.l(libinit2.o)
    0x08000252   0x00000008   Code   RO         6919    .ARM.Collect$$libinit$$00000005  c_w.l(libinit2.o)
    0x0800025a   0x00000000   Code   RO         6921    .ARM.Collect$$libinit$$0000000A  c_w.l(libinit2.o)
    0x0800025a   0x00000000   Code   RO         6923    .ARM.Collect$$libinit$$0000000C  c_w.l(libinit2.o)
    0x0800025a   0x00000000   Code   RO         6925    .ARM.Collect$$libinit$$0000000E  c_w.l(libinit2.o)
    0x0800025a   0x00000000   Code   RO         6928    .ARM.Collect$$libinit$$00000011  c_w.l(libinit2.o)
    0x0800025a   0x00000000   Code   RO         6930    .ARM.Collect$$libinit$$00000013  c_w.l(libinit2.o)
    0x0800025a   0x00000000   Code   RO         6932    .ARM.Collect$$libinit$$00000015  c_w.l(libinit2.o)
    0x0800025a   0x00000000   Code   RO         6934    .ARM.Collect$$libinit$$00000017  c_w.l(libinit2.o)
    0x0800025a   0x00000000   Code   RO         6936    .ARM.Collect$$libinit$$00000019  c_w.l(libinit2.o)
    0x0800025a   0x00000000   Code   RO         6938    .ARM.Collect$$libinit$$0000001B  c_w.l(libinit2.o)
    0x0800025a   0x00000000   Code   RO         6940    .ARM.Collect$$libinit$$0000001D  c_w.l(libinit2.o)
    0x0800025a   0x00000000   Code   RO         6942    .ARM.Collect$$libinit$$0000001F  c_w.l(libinit2.o)
    0x0800025a   0x00000000   Code   RO         6944    .ARM.Collect$$libinit$$00000021  c_w.l(libinit2.o)
    0x0800025a   0x00000000   Code   RO         6946    .ARM.Collect$$libinit$$00000023  c_w.l(libinit2.o)
    0x0800025a   0x00000000   Code   RO         6948    .ARM.Collect$$libinit$$00000025  c_w.l(libinit2.o)
    0x0800025a   0x00000000   Code   RO         6952    .ARM.Collect$$libinit$$0000002C  c_w.l(libinit2.o)
    0x0800025a   0x00000000   Code   RO         6954    .ARM.Collect$$libinit$$0000002E  c_w.l(libinit2.o)
    0x0800025a   0x00000000   Code   RO         6956    .ARM.Collect$$libinit$$00000030  c_w.l(libinit2.o)
    0x0800025a   0x00000000   Code   RO         6958    .ARM.Collect$$libinit$$00000032  c_w.l(libinit2.o)
    0x0800025a   0x00000002   Code   RO         6959    .ARM.Collect$$libinit$$00000033  c_w.l(libinit2.o)
    0x0800025c   0x00000002   Code   RO         7141    .ARM.Collect$$libshutdown$$00000000  c_w.l(libshutdown.o)
    0x0800025e   0x00000000   Code   RO         7101    .ARM.Collect$$libshutdown$$00000003  c_w.l(libshutdown2.o)
    0x0800025e   0x00000000   Code   RO         7104    .ARM.Collect$$libshutdown$$00000006  c_w.l(libshutdown2.o)
    0x0800025e   0x00000000   Code   RO         7107    .ARM.Collect$$libshutdown$$00000009  c_w.l(libshutdown2.o)
    0x0800025e   0x00000000   Code   RO         7109    .ARM.Collect$$libshutdown$$0000000B  c_w.l(libshutdown2.o)
    0x0800025e   0x00000000   Code   RO         7112    .ARM.Collect$$libshutdown$$0000000E  c_w.l(libshutdown2.o)
    0x0800025e   0x00000002   Code   RO         7113    .ARM.Collect$$libshutdown$$0000000F  c_w.l(libshutdown2.o)
    0x08000260   0x00000000   Code   RO         6872    .ARM.Collect$$rtentry$$00000000  c_w.l(__rtentry.o)
    0x08000260   0x00000000   Code   RO         6979    .ARM.Collect$$rtentry$$00000002  c_w.l(__rtentry2.o)
    0x08000260   0x00000006   Code   RO         6991    .ARM.Collect$$rtentry$$00000004  c_w.l(__rtentry4.o)
    0x08000266   0x00000000   Code   RO         6981    .ARM.Collect$$rtentry$$00000009  c_w.l(__rtentry2.o)
    0x08000266   0x00000004   Code   RO         6982    .ARM.Collect$$rtentry$$0000000A  c_w.l(__rtentry2.o)
    0x0800026a   0x00000000   Code   RO         6984    .ARM.Collect$$rtentry$$0000000C  c_w.l(__rtentry2.o)
    0x0800026a   0x00000008   Code   RO         6985    .ARM.Collect$$rtentry$$0000000D  c_w.l(__rtentry2.o)
    0x08000272   0x00000002   Code   RO         7089    .ARM.Collect$$rtexit$$00000000  c_w.l(rtexit.o)
    0x08000274   0x00000000   Code   RO         7115    .ARM.Collect$$rtexit$$00000002  c_w.l(rtexit2.o)
    0x08000274   0x00000004   Code   RO         7116    .ARM.Collect$$rtexit$$00000003  c_w.l(rtexit2.o)
    0x08000278   0x00000006   Code   RO         7117    .ARM.Collect$$rtexit$$00000004  c_w.l(rtexit2.o)
    0x0800027e   0x00000002   PAD
    0x08000280   0x00000000   Code   RO         7005    .emb_text           c_w.l(maybetermalloc1.o)
    0x08000280   0x00000040   Code   RO         6633  * .text               startup_stm32f40_41xxx.o
    0x080002c0   0x00000002   Code   RO         6680    .text               c_w.l(use_no_semi.o)
    0x080002c2   0x0000005e   Code   RO         6686    .text               c_w.l(h1_alloc.o)
    0x08000320   0x0000004e   Code   RO         6688    .text               c_w.l(h1_free.o)
    0x0800036e   0x00000002   PAD
    0x08000370   0x00000018   Code   RO         6748    .text               c_w.l(noretval__2printf.o)
    0x08000388   0x00000028   Code   RO         6750    .text               c_w.l(noretval__2sprintf.o)
    0x080003b0   0x0000004e   Code   RO         6754    .text               c_w.l(_printf_pad.o)
    0x080003fe   0x00000024   Code   RO         6756    .text               c_w.l(_printf_truncate.o)
    0x08000422   0x00000002   PAD
    0x08000424   0x00000078   Code   RO         6760    .text               c_w.l(_printf_dec.o)
    0x0800049c   0x00000058   Code   RO         6765    .text               c_w.l(_printf_hex_int.o)
    0x080004f4   0x00000188   Code   RO         6800    .text               c_w.l(__printf_flags_ss_wp.o)
    0x0800067c   0x0000003e   Code   RO         6810    .text               c_w.l(strlen.o)
    0x080006ba   0x0000004e   Code   RO         6820    .text               c_w.l(rt_memclr_w.o)
    0x08000708   0x00000006   Code   RO         6822    .text               c_w.l(heapauxi.o)
    0x0800070e   0x00000002   PAD
    0x08000710   0x00000008   Code   RO         6876    .text               c_w.l(rt_heap_descriptor_intlibspace.o)
    0x08000718   0x00000004   Code   RO         6878    .text               c_w.l(hguard.o)
    0x0800071c   0x0000008a   Code   RO         6880    .text               c_w.l(init_alloc.o)
    0x080007a6   0x0000000e   Code   RO         6884    .text               c_w.l(h1_init.o)
    0x080007b4   0x00000016   Code   RO         6898    .text               c_w.l(_rserrno.o)
    0x080007ca   0x000000b2   Code   RO         6900    .text               c_w.l(_printf_intcommon.o)
    0x0800087c   0x00000030   Code   RO         6904    .text               c_w.l(_printf_char_common.o)
    0x080008ac   0x0000000a   Code   RO         6906    .text               c_w.l(_sputc.o)
    0x080008b6   0x00000002   PAD
    0x080008b8   0x00000024   Code   RO         6910    .text               c_w.l(_printf_char_file.o)
    0x080008dc   0x00000008   Code   RO         6975    .text               c_w.l(libspace.o)
    0x080008e4   0x00000008   Code   RO         7001    .text               c_w.l(rt_errno_addr_intlibspace.o)
    0x080008ec   0x00000034   Code   RO         7007    .text               c_w.l(h1_extend.o)
    0x08000920   0x00000008   Code   RO         7042    .text               c_w.l(ferror.o)
    0x08000928   0x0000000e   Code   RO         7049    .text               c_w.l(defsig_rtmem_outer.o)
    0x08000936   0x0000004a   Code   RO         7065    .text               c_w.l(sys_stackheap_outer.o)
    0x08000980   0x0000000c   Code   RO         7071    .text               c_w.l(exit.o)
    0x0800098c   0x0000000a   Code   RO         7073    .text               c_w.l(defsig_exit.o)
    0x08000996   0x00000002   PAD
    0x08000998   0x00000050   Code   RO         7075    .text               c_w.l(defsig_rtmem_inner.o)
    0x080009e8   0x00000032   Code   RO         7097    .text               c_w.l(defsig_general.o)
    0x08000a1a   0x00000008   Code   RO         3342    i.AT24CXX_Init      24cxx.o
    0x08000a22   0x0000002c   Code   RO         3344    i.AT24CXX_ReadLenByte  24cxx.o
    0x08000a4e   0x00000058   Code   RO         3345    i.AT24CXX_ReadOneByte  24cxx.o
    0x08000aa6   0x0000002a   Code   RO         3347    i.AT24CXX_WriteLenByte  24cxx.o
    0x08000ad0   0x00000098   Code   RO         3348    i.AT24CXX_WriteOneByte  24cxx.o
    0x08000b68   0x000000e8   Code   RO         1740    i.CAN1_RX0_IRQHandler  can.o
    0x08000c50   0x000000a8   Code   RO         3706    i.CAN_ClearITPendingBit  stm32f4xx_can.o
    0x08000cf8   0x00000120   Code   RO         3712    i.CAN_GetITStatus   stm32f4xx_can.o
    0x08000e18   0x000000f0   Code   RO         3720    i.CAN_Receive       stm32f4xx_can.o
    0x08000f08   0x00000126   Code   RO         3725    i.CAN_Transmit      stm32f4xx_can.o
    0x0800102e   0x00000002   PAD
    0x08001030   0x000000a0   Code   RO         3726    i.CAN_TransmitStatus  stm32f4xx_can.o
    0x080010d0   0x00000012   Code   RO         3728    i.CheckITStatus     stm32f4xx_can.o
    0x080010e2   0x00000002   PAD
    0x080010e4   0x000000f4   Code   RO         2842    i.Chinese_Font_test  test.o
    0x080011d8   0x00000018   Code   RO         3186    i.Color_To_565      lcd.o
    0x080011f0   0x00000098   Code   RO         2843    i.DrawTestPage      test.o
    0x08001288   0x00000038   Code   RO         2696    i.Draw_Triangel     gui.o
    0x080012c0   0x0000003c   Code   RO          232    i.EXTI0_IRQHandler  key_interrupt.o
    0x080012fc   0x00000040   Code   RO          233    i.EXTI2_IRQHandler  key_interrupt.o
    0x0800133c   0x00000040   Code   RO          234    i.EXTI3_IRQHandler  key_interrupt.o
    0x0800137c   0x00000040   Code   RO          235    i.EXTI4_IRQHandler  key_interrupt.o
    0x080013bc   0x0000000c   Code   RO         4004    i.EXTI_ClearITPendingBit  stm32f4xx_exti.o
    0x080013c8   0x00000018   Code   RO         4008    i.EXTI_GetITStatus  stm32f4xx_exti.o
    0x080013e0   0x000001b4   Code   RO         2844    i.English_Font_test  test.o
    0x08001594   0x000000ac   Code   RO         2161    i.Event_Push        dfa_event_queue.o
    0x08001640   0x00000034   Code   RO         4338    i.FSMC_NORSRAMCmd   stm32f4xx_fsmc.o
    0x08001674   0x000000e6   Code   RO         4340    i.FSMC_NORSRAMInit  stm32f4xx_fsmc.o
    0x0800175a   0x00000002   PAD
    0x0800175c   0x00000210   Code   RO         2697    i.Fill_Triangel     gui.o
    0x0800196c   0x00000090   Code   RO         4460    i.GPIO_Init         stm32f4xx_gpio.o
    0x080019fc   0x00000046   Code   RO         4461    i.GPIO_PinAFConfig  stm32f4xx_gpio.o
    0x08001a42   0x00000012   Code   RO         4464    i.GPIO_ReadInputDataBit  stm32f4xx_gpio.o
    0x08001a54   0x00000004   Code   RO         4467    i.GPIO_ResetBits    stm32f4xx_gpio.o
    0x08001a58   0x00000004   Code   RO         4468    i.GPIO_SetBits      stm32f4xx_gpio.o
    0x08001a5c   0x0000000a   Code   RO         4472    i.GPIO_WriteBit     stm32f4xx_gpio.o
    0x08001a66   0x00000002   PAD
    0x08001a68   0x00000108   Code   RO         2698    i.GUI_DrawFont16    gui.o
    0x08001b70   0x00000118   Code   RO         2699    i.GUI_DrawFont24    gui.o
    0x08001c88   0x00000108   Code   RO         2700    i.GUI_DrawFont32    gui.o
    0x08001d90   0x00000018   Code   RO         2701    i.GUI_DrawPoint     gui.o
    0x08001da8   0x00000060   Code   RO         2702    i.Gui_Drawbmp16     gui.o
    0x08001e08   0x00000040   Code   RO         2703    i.Gui_StrCenter     gui.o
    0x08001e48   0x00000058   Code   RO         3115    i.IIC_Ack           myiic.o
    0x08001ea0   0x0000004c   Code   RO         3116    i.IIC_Init          myiic.o
    0x08001eec   0x00000058   Code   RO         3117    i.IIC_NAck          myiic.o
    0x08001f44   0x00000070   Code   RO         3118    i.IIC_Read_Byte     myiic.o
    0x08001fb4   0x00000070   Code   RO         3119    i.IIC_Send_Byte     myiic.o
    0x08002024   0x00000058   Code   RO         3120    i.IIC_Start         myiic.o
    0x0800207c   0x00000054   Code   RO         3121    i.IIC_Stop          myiic.o
    0x080020d0   0x0000006c   Code   RO         3122    i.IIC_Wait_Ack      myiic.o
    0x0800213c   0x00000044   Code   RO          236    i.KEY_Init          key_interrupt.o
    0x08002180   0x000000c8   Code   RO          237    i.KEY_Scan          key_interrupt.o
    0x08002248   0x00000040   Code   RO         3187    i.LCD_Clear         lcd.o
    0x08002288   0x00000024   Code   RO         2704    i.LCD_DrawFillRectangle  gui.o
    0x080022ac   0x000000b0   Code   RO         2705    i.LCD_DrawLine      gui.o
    0x0800235c   0x0000001c   Code   RO         3188    i.LCD_DrawPoint     lcd.o
    0x08002378   0x00000040   Code   RO         2706    i.LCD_DrawRectangle  gui.o
    0x080023b8   0x00000074   Code   RO         2707    i.LCD_Fill          gui.o
    0x0800242c   0x00000260   Code   RO         3189    i.LCD_GPIOInit      lcd.o
    0x0800268c   0x00000254   Code   RO         3190    i.LCD_Init          lcd.o
    0x080028e0   0x00000008   Code   RO         3191    i.LCD_RD_DATA       lcd.o
    0x080028e8   0x00000034   Code   RO         3192    i.LCD_ReadPoint     lcd.o
    0x0800291c   0x00000010   Code   RO         3193    i.LCD_ReadRAM_Prepare  lcd.o
    0x0800292c   0x00000028   Code   RO         3194    i.LCD_ReadReg       lcd.o
    0x08002954   0x0000001e   Code   RO         3195    i.LCD_Read_ID       lcd.o
    0x08002972   0x00000014   Code   RO         3196    i.LCD_SetCursor     lcd.o
    0x08002986   0x00000002   PAD
    0x08002988   0x00000050   Code   RO         3197    i.LCD_SetWindows    lcd.o
    0x080029d8   0x00000124   Code   RO         2708    i.LCD_ShowChar      gui.o
    0x08002afc   0x000000b0   Code   RO         2709    i.LCD_ShowNum       gui.o
    0x08002bac   0x0000006c   Code   RO         2710    i.LCD_ShowString    gui.o
    0x08002c18   0x0000000c   Code   RO         3198    i.LCD_WR_DATA       lcd.o
    0x08002c24   0x0000000c   Code   RO         3199    i.LCD_WR_REG        lcd.o
    0x08002c30   0x00000010   Code   RO         3200    i.LCD_WriteRAM_Prepare  lcd.o
    0x08002c40   0x00000014   Code   RO         3201    i.LCD_WriteReg      lcd.o
    0x08002c54   0x00000088   Code   RO         3202    i.LCD_direction     lcd.o
    0x08002cdc   0x00000014   Code   RO         3203    i.LCD_read          lcd.o
    0x08002cf0   0x00000032   Code   RO         3204    i.Lcd_ReadData_16Bit  lcd.o
    0x08002d22   0x00000002   PAD
    0x08002d24   0x0000000c   Code   RO         3205    i.Lcd_WriteData_16Bit  lcd.o
    0x08002d30   0x000001fc   Code   RO         2162    i.Match_Event_Handler  dfa_event_queue.o
    0x08002f2c   0x00000078   Code   RO         3410    i.NVIC_Init         misc.o
    0x08002fa4   0x00000014   Code   RO         3411    i.NVIC_PriorityGroupConfig  misc.o
    0x08002fb8   0x0000000c   Code   RO         4843    i.PWR_BackupAccessCmd  stm32f4xx_pwr.o
    0x08002fc4   0x0000009c   Code   RO         2845    i.Pic_test          test.o
    0x08003060   0x00000020   Code   RO         4957    i.RCC_AHB1PeriphClockCmd  stm32f4xx_rcc.o
    0x08003080   0x00000020   Code   RO         4963    i.RCC_AHB3PeriphClockCmd  stm32f4xx_rcc.o
    0x080030a0   0x00000020   Code   RO         4969    i.RCC_APB2PeriphClockCmd  stm32f4xx_rcc.o
    0x080030c0   0x000000e8   Code   RO         4978    i.RCC_GetClocksFreq  stm32f4xx_rcc.o
    0x080031a8   0x0000000c   Code   RO         5000    i.RCC_RTCCLKCmd     stm32f4xx_rcc.o
    0x080031b4   0x00000074   Code   RO         5289    i.RTC_AlarmCmd      stm32f4xx_rtc.o
    0x08003228   0x0000002c   Code   RO         2478    i.RTC_Alarm_IRQHandler  rtc.o
    0x08003254   0x00000016   Code   RO         5292    i.RTC_Bcd2ToByte    stm32f4xx_rtc.o
    0x0800326a   0x0000001c   Code   RO         5294    i.RTC_ByteToBcd2    stm32f4xx_rtc.o
    0x08003286   0x00000002   PAD
    0x08003288   0x0000001c   Code   RO         5297    i.RTC_ClearFlag     stm32f4xx_rtc.o
    0x080032a4   0x00000050   Code   RO         5304    i.RTC_EnterInitMode  stm32f4xx_rtc.o
    0x080032f4   0x00000014   Code   RO         5305    i.RTC_ExitInitMode  stm32f4xx_rtc.o
    0x08003308   0x00000028   Code   RO         5309    i.RTC_GetFlagStatus  stm32f4xx_rtc.o
    0x08003330   0x000000ec   Code   RO         5323    i.RTC_SetAlarm      stm32f4xx_rtc.o
    0x0800341c   0x000000c8   Code   RO         5324    i.RTC_SetDate       stm32f4xx_rtc.o
    0x080034e4   0x000000d0   Code   RO         5325    i.RTC_SetTime       stm32f4xx_rtc.o
    0x080035b4   0x00000060   Code   RO         5341    i.RTC_WaitForSynchro  stm32f4xx_rtc.o
    0x08003614   0x00000088   Code   RO         2846    i.Rotate_Test       test.o
    0x0800369c   0x000000ec   Code   RO         6640    i.SetSysClock       system_stm32f4xx.o
    0x08003788   0x0000010c   Code   RO         2711    i.Show_Str          gui.o
    0x08003894   0x00000028   Code   RO         3414    i.SysTick_CLKSourceConfig  misc.o
    0x080038bc   0x00000068   Code   RO         6642    i.SystemInit        system_stm32f4xx.o
    0x08003924   0x00000018   Code   RO          391    i.TIM1_UP_TIM10_IRQHandler  timer.o
    0x0800393c   0x00000044   Code   RO          392    i.TIM2_IRQHandler   timer.o
    0x08003980   0x00000048   Code   RO          393    i.TIM3_IRQHandler   timer.o
    0x080039c8   0x0000003c   Code   RO          394    i.TIM8_UP_TIM13_IRQHandler  timer.o
    0x08003a04   0x00000006   Code   RO         5886    i.TIM_ClearITPendingBit  stm32f4xx_tim.o
    0x08003a0a   0x00000022   Code   RO         5912    i.TIM_GetITStatus   stm32f4xx_tim.o
    0x08003a2c   0x00000004   Code   RO         5953    i.TIM_SetCompare1   stm32f4xx_tim.o
    0x08003a30   0x0000016c   Code   RO         2982    i.TP_Adj_Info_Show  touch.o
    0x08003b9c   0x00000884   Code   RO         2983    i.TP_Adjust         touch.o
    0x08004420   0x0000003c   Code   RO         2984    i.TP_Draw_Big_Point  touch.o
    0x0800445c   0x00000078   Code   RO         2985    i.TP_Drow_Touch_Point  touch.o
    0x080044d4   0x000000b0   Code   RO         2986    i.TP_Get_Adjdata    touch.o
    0x08004584   0x000000a4   Code   RO         2987    i.TP_Init           touch.o
    0x08004628   0x000000b8   Code   RO         2988    i.TP_Read_AD        touch.o
    0x080046e0   0x00000078   Code   RO         2989    i.TP_Read_XOY       touch.o
    0x08004758   0x00000030   Code   RO         2990    i.TP_Read_XY        touch.o
    0x08004788   0x000000c0   Code   RO         2991    i.TP_Read_XY2       touch.o
    0x08004848   0x00000080   Code   RO         2992    i.TP_Save_Adjdata   touch.o
    0x080048c8   0x000000ec   Code   RO         2993    i.TP_Scan           touch.o
    0x080049b4   0x00000058   Code   RO         2994    i.TP_Write_Byte     touch.o
    0x08004a0c   0x00000100   Code   RO         2847    i.Test_Circle       test.o
    0x08004b0c   0x00000100   Code   RO         2848    i.Test_Color        test.o
    0x08004c0c   0x000001ac   Code   RO         2849    i.Test_FillRec      test.o
    0x08004db8   0x00000124   Code   RO         2850    i.Test_Read         test.o
    0x08004edc   0x00000204   Code   RO         2851    i.Test_Triangle     test.o
    0x080050e0   0x00000218   Code   RO         2852    i.Touch_Test        test.o
    0x080052f8   0x000000f4   Code   RO         2163    i.Trie_Match_Byte   dfa_event_queue.o
    0x080053ec   0x000000bc   Code   RO          533    i.USART1_IRQHandler  uart.o
    0x080054a8   0x00000030   Code   RO          859    i.USART2_IRQHandler  rs485.o
    0x080054d8   0x00000068   Code   RO          726    i.USART3_IRQHandler  esp8266.o
    0x08005540   0x0000001e   Code   RO         6442    i.USART_ClearITPendingBit  stm32f4xx_usart.o
    0x0800555e   0x00000018   Code   RO         6445    i.USART_Cmd         stm32f4xx_usart.o
    0x08005576   0x0000001a   Code   RO         6448    i.USART_GetFlagStatus  stm32f4xx_usart.o
    0x08005590   0x00000054   Code   RO         6449    i.USART_GetITStatus  stm32f4xx_usart.o
    0x080055e4   0x0000004a   Code   RO         6451    i.USART_ITConfig    stm32f4xx_usart.o
    0x0800562e   0x00000002   PAD
    0x08005630   0x000000d4   Code   RO         6452    i.USART_Init        stm32f4xx_usart.o
    0x08005704   0x0000000a   Code   RO         6459    i.USART_ReceiveData  stm32f4xx_usart.o
    0x0800570e   0x00000008   Code   RO         6462    i.USART_SendData    stm32f4xx_usart.o
    0x08005716   0x0000007a   Code   RO         6858    i.__hardfp_sqrt     m_wm.l(sqrt.o)
    0x08005790   0x00000084   Code   RO         2712    i._draw_circle_8    gui.o
    0x08005814   0x0000000e   Code   RO         6793    i._is_digit         c_w.l(__printf_wp.o)
    0x08005822   0x0000000a   Code   RO         2713    i._swap             gui.o
    0x0800582c   0x00000004   Code   RO         2113    i._sys_exit         retarget.o
    0x08005830   0x00000020   Code   RO         2114    i._ttywrch          retarget.o
    0x08005850   0x0000008c   Code   RO         2253    i.alarm_handler     event_handlers.o
    0x080058dc   0x0000001c   Code   RO         2254    i.beep_off          event_handlers.o
    0x080058f8   0x0000001c   Code   RO         2255    i.beep_on           event_handlers.o
    0x08005914   0x00000098   Code   RO         1742    i.can1_send_message  can.o
    0x080059ac   0x00000016   Code   RO         2164    i.char_to_index     dfa_event_queue.o
    0x080059c2   0x00000002   PAD
    0x080059c4   0x00000034   Code   RO         2256    i.co2_auto          event_handlers.o
    0x080059f8   0x00000060   Code   RO         2257    i.co2_get_value     event_handlers.o
    0x08005a58   0x00000034   Code   RO         2258    i.co2_off           event_handlers.o
    0x08005a8c   0x0000001a   Code   RO         2479    i.dec_to_bcd        rtc.o
    0x08005aa6   0x00000002   PAD
    0x08005aa8   0x00000020   Code   RO         2259    i.default_handler   event_handlers.o
    0x08005ac8   0x0000004a   Code   RO          239    i.delay_ms          key_interrupt.o
    0x08005b12   0x0000004a   Code   RO         2260    i.delay_ms          event_handlers.o
    0x08005b5c   0x0000004a   Code   RO         2853    i.delay_ms          test.o
    0x08005ba6   0x0000004a   Code   RO         2995    i.delay_ms          touch.o
    0x08005bf0   0x0000004a   Code   RO         3206    i.delay_ms          lcd.o
    0x08005c3a   0x0000004c   Code   RO         2996    i.delay_us          touch.o
    0x08005c86   0x0000004c   Code   RO         3123    i.delay_us          myiic.o
    0x08005cd2   0x0000004c   Code   RO         3207    i.delay_us          lcd.o
    0x08005d1e   0x00000002   Code   RO         2261    i.esp8266_net_init_task  event_handlers.o
    0x08005d20   0x0000001c   Code   RO         2165    i.event_push_interface  dfa_event_queue.o
    0x08005d3c   0x0000001c   Code   RO         2262    i.fan_off           event_handlers.o
    0x08005d58   0x00000018   Code   RO         2263    i.fan_on            event_handlers.o
    0x08005d70   0x00000040   Code   RO         2264    i.fan_speed         event_handlers.o
    0x08005db0   0x00000024   Code   RO         2115    i.fputc             retarget.o
    0x08005dd4   0x0000009a   Code   RO         2714    i.gui_circle        gui.o
    0x08005e6e   0x00000024   Code   RO            4    i.init              main.o
    0x08005e92   0x00000030   Code   RO         2952    i.lcd_demo          lcd_demo.o
    0x08005ec2   0x00000002   PAD
    0x08005ec4   0x00000078   Code   RO          322    i.led_gpio_init     led.o
    0x08005f3c   0x00000054   Code   RO         2265    i.led_off           event_handlers.o
    0x08005f90   0x00000054   Code   RO         2266    i.led_on            event_handlers.o
    0x08005fe4   0x00000028   Code   RO            5    i.main              main.o
    0x0800600c   0x000000d4   Code   RO         2854    i.main_test         test.o
    0x080060e0   0x00000030   Code   RO          494    i.motor1_set_duty   motor.o
    0x08006110   0x00000016   Code   RO         2715    i.mypow             gui.o
    0x08006126   0x00000002   PAD
    0x08006128   0x00000014   Code   RO          353    i.read_mq_2         mq_2.o
    0x0800613c   0x0000003e   Code   RO         2482    i.rtc_alarm_set     rtc.o
    0x0800617a   0x00000026   Code   RO         2493    i.rtc_set_date      rtc.o
    0x080061a0   0x00000026   Code   RO         2494    i.rtc_set_time      rtc.o
    0x080061c6   0x00000002   PAD
    0x080061c8   0x00000084   Code   RO         2267    i.set_alarm         event_handlers.o
    0x0800624c   0x00000070   Code   RO         2268    i.set_date          event_handlers.o
    0x080062bc   0x00000070   Code   RO         2269    i.set_time          event_handlers.o
    0x0800632c   0x00000060   Code   RO         2270    i.submit_alarm_hour  event_handlers.o
    0x0800638c   0x00000050   Code   RO         2271    i.submit_alarm_min  event_handlers.o
    0x080063dc   0x00000050   Code   RO         2272    i.submit_alarm_sec  event_handlers.o
    0x0800642c   0x00000040   Code   RO         2273    i.submit_date_day   event_handlers.o
    0x0800646c   0x00000040   Code   RO         2274    i.submit_date_month  event_handlers.o
    0x080064ac   0x00000040   Code   RO         2275    i.submit_date_week  event_handlers.o
    0x080064ec   0x00000040   Code   RO         2276    i.submit_date_year  event_handlers.o
    0x0800652c   0x00000050   Code   RO         2277    i.submit_time_hour  event_handlers.o
    0x0800657c   0x00000040   Code   RO         2278    i.submit_time_min   event_handlers.o
    0x080065bc   0x00000040   Code   RO         2279    i.submit_time_sec   event_handlers.o
    0x080065fc   0x0000000c   Code   RO         2023    i.systick_init      systick.o
    0x08006608   0x0000002a   Code   RO         2167    i.trie_create_node  dfa_event_queue.o
    0x08006632   0x00000002   PAD
    0x08006634   0x00000260   Code   RO         2168    i.trie_init         dfa_event_queue.o
    0x08006894   0x00000054   Code   RO         2169    i.trie_insert       dfa_event_queue.o
    0x080068e8   0x000000b0   Code   RO          534    i.usart1_init       uart.o
    0x08006998   0x00000024   Code   RO          535    i.usart1_send_byte  uart.o
    0x080069bc   0x00000018   Code   RO          536    i.usart1_send_string  uart.o
    0x080069d4   0x00000062   Code   RO         6826    x$fpl$d2f           fz_wm.l(d2f.o)
    0x08006a36   0x00000018   Code   RO         6960    x$fpl$dcmpinf       fz_wm.l(dcmpi.o)
    0x08006a4e   0x00000002   PAD
    0x08006a50   0x000002b0   Code   RO         6835    x$fpl$ddiv          fz_wm.l(ddiv.o)
    0x08006d00   0x0000005a   Code   RO         6838    x$fpl$dfixu         fz_wm.l(dfixu.o)
    0x08006d5a   0x0000002e   Code   RO         6843    x$fpl$dflt          fz_wm.l(dflt_clz.o)
    0x08006d88   0x00000026   Code   RO         6842    x$fpl$dfltu         fz_wm.l(dflt_clz.o)
    0x08006dae   0x00000002   PAD
    0x08006db0   0x00000078   Code   RO         6848    x$fpl$dleqf         fz_wm.l(dleqf.o)
    0x08006e28   0x00000154   Code   RO         6850    x$fpl$dmul          fz_wm.l(dmul.o)
    0x08006f7c   0x0000009c   Code   RO         6962    x$fpl$dnaninf       fz_wm.l(dnaninf.o)
    0x08007018   0x0000000c   Code   RO         6964    x$fpl$dretinf       fz_wm.l(dretinf.o)
    0x08007024   0x0000006c   Code   RO         6852    x$fpl$drleqf        fz_wm.l(drleqf.o)
    0x08007090   0x00000198   Code   RO         6966    x$fpl$dsqrt         fz_wm.l(dsqrt_umaal.o)
    0x08007228   0x00000056   Code   RO         6854    x$fpl$f2d           fz_wm.l(f2d.o)
    0x0800727e   0x0000008c   Code   RO         6968    x$fpl$fnaninf       fz_wm.l(fnaninf.o)
    0x0800730a   0x0000000a   Code   RO         7058    x$fpl$fpinit        fz_wm.l(fpinit.o)
    0x08007314   0x0000000a   Code   RO         6970    x$fpl$fretinf       fz_wm.l(fretinf.o)
    0x0800731e   0x00000000   Code   RO         6972    x$fpl$usenofp       fz_wm.l(usenofp.o)
    0x0800731e   0x00001736   Data   RO         2716    .constdata          gui.o
    0x08008a54   0x00000c90   Data   RO         2855    .constdata          test.o
    0x080096e4   0x00000028   Data   RO         6766    .constdata          c_w.l(_printf_hex_int.o)
    0x0800970c   0x00000011   Data   RO         6801    .constdata          c_w.l(__printf_flags_ss_wp.o)
    0x0800971d   0x00000003   PAD
    0x08009720   0x0000007c   Data   RO         2171    .conststring        dfa_event_queue.o
    0x0800979c   0x00000037   Data   RO         2856    .conststring        test.o
    0x080097d3   0x00000001   PAD
    0x080097d4   0x00000079   Data   RO         2997    .conststring        touch.o
    0x0800984d   0x00000003   PAD
    0x08009850   0x00000020   Data   RO         7142    Region$$Table       anon$$obj.o


    Execution Region ER_RW (Base: 0x20000000, Size: 0x0000012c, Max: 0xffffffff, ABSOLUTE, COMPRESSED[0x00000074])

    Base Addr    Size         Type   Attr      Idx    E Section Name        Object

    0x20000000   0x00000005   Data   RW          242    .data               key_interrupt.o
    0x20000005   0x00000004   Data   RW          323    .data               led.o
    0x20000009   0x00000003   PAD
    0x2000000c   0x00000011   Data   RW          657    .data               co2_sensor.o
    0x2000001d   0x00000003   PAD
    0x20000020   0x0000000d   Data   RW          745    .data               esp8266.o
    0x2000002d   0x00000003   PAD
    0x20000030   0x00000008   Data   RW         2116    .data               retarget.o
    0x20000038   0x00000075   Data   RW         2172    .data               dfa_event_queue.o
    0x200000ad   0x00000003   PAD
    0x200000b0   0x00000018   Data   RW         2495    .data               rtc.o
    0x200000c8   0x0000001a   Data   RW         2857    .data               test.o
    0x200000e2   0x00000002   PAD
    0x200000e4   0x00000030   Data   RW         2998    .data               touch.o
    0x20000114   0x00000006   Data   RW         3209    .data               lcd.o
    0x2000011a   0x00000010   Data   RW         5009    .data               stm32f4xx_rcc.o


    Execution Region ER_ZI (Base: 0x2000012c, Size: 0x000144fc, Max: 0xffffffff, ABSOLUTE)

    Base Addr    Size         Type   Attr      Idx    E Section Name        Object

    0x2000012c   0x00000464   Zero   RW          744    .bss                esp8266.o
    0x20000590   0x00000028   Zero   RW         1743    .bss                can.o
    0x200005b8   0x00000010   Zero   RW         3208    .bss                lcd.o
    0x200005c8   0x00000060   Zero   RW         6976    .bss                c_w.l(libspace.o)
    0x20000628   0x00010000   Zero   RW         6631    HEAP                startup_stm32f40_41xxx.o
    0x20010628   0x00004000   Zero   RW         6630    STACK               startup_stm32f40_41xxx.o


==============================================================================

Image component sizes


      Code (inc. data)   RO Data    RW Data    ZI Data      Debug   Object Name

       334          0          0          0          0       3505   24cxx.o
       384        110          0          0         40       2094   can.o
         0          0          0         17          0       1220   co2_sensor.o
      1708        604        124        117          0       7998   dfa_event_queue.o
       104         20          0         13       1124       1653   esp8266.o
      1864        782          0          0          0      14601   event_handlers.o
      3130        106       5942          0          0      16754   gui.o
       594         86          0          5          0       4064   key_interrupt.o
      1994         86          0          6         16      14480   lcd.o
        48          0          0          0          0        511   lcd_demo.o
       120         10          0          4          0        854   led.o
        76         18          0          0          0     331874   main.o
       180         24          0          0          0       2513   misc.o
        48         10          0          0          0        554   motor.o
        20          6          0          0          0        476   mq_2.o
       832         46          0          0          0       4778   myiic.o
        72          8          0          8          0       3273   retarget.o
        48          4          0          0          0        540   rs485.o
       208          4          0         24          0       3237   rtc.o
        64         26        392          0      81920        860   startup_stm32f40_41xxx.o
      1168         32          0          0          0       5668   stm32f4xx_can.o
        36         10          0          0          0       1304   stm32f4xx_exti.o
       282          6          0          0          0       2153   stm32f4xx_fsmc.o
       250          0          0          0          0       4791   stm32f4xx_gpio.o
        12          6          0          0          0        622   stm32f4xx_pwr.o
       340         42          0         16          0       5759   stm32f4xx_rcc.o
      1074         56          0          0          0       9138   stm32f4xx_rtc.o
        44          0          0          0          0       2804   stm32f4xx_tim.o
       468          8          0          0          0       6947   stm32f4xx_usart.o
       340         32          0          0          0       1637   system_stm32f4xx.o
        12          0          0          0          0        459   systick.o
      3694        830       3271         26          0       8210   test.o
       224         38          0          0          0       1970   timer.o
      4210        372        121         48          0      11725   touch.o
       424         86          0          0          0       2974   uart.o

    ----------------------------------------------------------------------
     24434       3468       9886        300      83100     482000   Object Totals
         0          0         32          0          0          0   (incl. Generated)
        28          0          4         16          0          0   (incl. Padding)

    ----------------------------------------------------------------------

      Code (inc. data)   RO Data    RW Data    ZI Data      Debug   Library Member Name

        90          0          0          0          0          0   __dczerorl2.o
         8          0          0          0          0         68   __main.o
       392          4         17          0          0         92   __printf_flags_ss_wp.o
        14          0          0          0          0         68   __printf_wp.o
         0          0          0          0          0          0   __rtentry.o
        12          0          0          0          0          0   __rtentry2.o
         6          0          0          0          0          0   __rtentry4.o
        52          8          0          0          0          0   __scatter.o
        28          0          0          0          0          0   __scatter_zi.o
        48          6          0          0          0         96   _printf_char_common.o
        36          4          0          0          0         80   _printf_char_file.o
         6          0          0          0          0          0   _printf_d.o
       120         16          0          0          0         92   _printf_dec.o
        88          4         40          0          0         88   _printf_hex_int.o
       178          0          0          0          0         88   _printf_intcommon.o
        78          0          0          0          0        108   _printf_pad.o
         0          0          0          0          0          0   _printf_percent.o
         4          0          0          0          0          0   _printf_percent_end.o
        36          0          0          0          0         84   _printf_truncate.o
         6          0          0          0          0          0   _printf_x.o
        22          0          0          0          0        100   _rserrno.o
        10          0          0          0          0         68   _sputc.o
        10          0          0          0          0         68   defsig_exit.o
        50          0          0          0          0         88   defsig_general.o
        80         58          0          0          0         76   defsig_rtmem_inner.o
        14          0          0          0          0         80   defsig_rtmem_outer.o
        12          0          0          0          0         72   exit.o
         8          0          0          0          0         68   ferror.o
        94          0          0          0          0         80   h1_alloc.o
        52          0          0          0          0         68   h1_extend.o
        78          0          0          0          0         80   h1_free.o
        14          0          0          0          0         84   h1_init.o
         6          0          0          0          0        152   heapauxi.o
         4          0          0          0          0        136   hguard.o
       138          0          0          0          0        168   init_alloc.o
         2          0          0          0          0          0   libinit.o
        14          0          0          0          0          0   libinit2.o
         2          0          0          0          0          0   libshutdown.o
         2          0          0          0          0          0   libshutdown2.o
         8          4          0          0         96         68   libspace.o
         0          0          0          0          0          0   maybetermalloc1.o
        24          4          0          0          0         84   noretval__2printf.o
        40          6          0          0          0         84   noretval__2sprintf.o
         8          4          0          0          0         68   rt_errno_addr_intlibspace.o
         8          4          0          0          0         68   rt_heap_descriptor_intlibspace.o
        78          0          0          0          0         80   rt_memclr_w.o
         2          0          0          0          0          0   rtexit.o
        10          0          0          0          0          0   rtexit2.o
        62          0          0          0          0         76   strlen.o
        74          0          0          0          0         80   sys_stackheap_outer.o
         2          0          0          0          0         68   use_no_semi.o
        98          4          0          0          0        140   d2f.o
        24          0          0          0          0        116   dcmpi.o
       688        140          0          0          0        256   ddiv.o
        90          4          0          0          0        140   dfixu.o
        84          0          0          0          0        232   dflt_clz.o
       120          4          0          0          0        140   dleqf.o
       340         12          0          0          0        152   dmul.o
       156          4          0          0          0        140   dnaninf.o
        12          0          0          0          0        116   dretinf.o
       108          0          0          0          0        128   drleqf.o
       408         56          0          0          0        168   dsqrt_umaal.o
        86          4          0          0          0        132   f2d.o
       140          4          0          0          0        132   fnaninf.o
        10          0          0          0          0        116   fpinit.o
        10          0          0          0          0        116   fretinf.o
         0          0          0          0          0          0   usenofp.o
       122          0          0          0          0        148   sqrt.o

    ----------------------------------------------------------------------
      4644        354         60          0         96       5300   Library Totals
        18          0          3          0          0          0   (incl. Padding)

    ----------------------------------------------------------------------

      Code (inc. data)   RO Data    RW Data    ZI Data      Debug   Library Name

      2130        122         57          0         96       2928   c_w.l
      2374        232          0          0          0       2224   fz_wm.l
       122          0          0          0          0        148   m_wm.l

    ----------------------------------------------------------------------
      4644        354         60          0         96       5300   Library Totals

    ----------------------------------------------------------------------

==============================================================================


      Code (inc. data)   RO Data    RW Data    ZI Data      Debug   

     29078       3822       9946        300      83196     464488   Grand Totals
     29078       3822       9946        116      83196     464488   ELF Image Totals (compressed)
     29078       3822       9946        116          0          0   ROM Totals

==============================================================================

    Total RO  Size (Code + RO Data)                39024 (  38.11kB)
    Total RW  Size (RW Data + ZI Data)             83496 (  81.54kB)
    Total ROM Size (Code + RO Data + RW Data)      39140 (  38.22kB)

==============================================================================

