Component: ARM Compiler 5.05 update 1 (build 106) Tool: armlink [4d0efa]

==============================================================================

Section Cross References

    main.o(i.init) refers to misc.o(i.NVIC_PriorityGroupConfig) for NVIC_PriorityGroupConfig
    main.o(i.init) refers to led.o(i.led_gpio_init) for led_gpio_init
    main.o(i.init) refers to key_interrupt.o(i.key_gpio_init) for key_gpio_init
    main.o(i.init) refers to key_interrupt.o(i.key_interrupt_init) for key_interrupt_init
    main.o(i.init) refers to systick.o(i.systick_init) for systick_init
    main.o(i.init) refers to beep.o(i.beep_gpio_init) for beep_gpio_init
    main.o(i.init) refers to uart.o(i.usart1_init) for usart1_init
    main.o(i.init) refers to temperature_humidity_sensor.o(i.temperature_humidity_sensor_init) for temperature_humidity_sensor_init
    main.o(i.init) refers to rtc.o(i.rtc_init) for rtc_init
    main.o(i.init) refers to rtc.o(i.rtc_alarm_init) for rtc_alarm_init
    main.o(i.init) refers to dfa_event_queue.o(i.trie_init) for trie_init
    main.o(i.main) refers to _printf_percent.o(.ARM.Collect$$_printf_percent$$00000000) for _printf_percent
    main.o(i.main) refers to _printf_d.o(.ARM.Collect$$_printf_percent$$00000009) for _printf_d
    main.o(i.main) refers to _printf_dec.o(.text) for _printf_int_dec
    main.o(i.main) refers to main.o(i.init) for init
    main.o(i.main) refers to uart.o(i.usart1_send_byte) for usart1_send_byte
    main.o(i.main) refers to uart.o(i.usart1_send_string) for usart1_send_string
    main.o(i.main) refers to noretval__2printf.o(.text) for __2printf
    main.o(i.main) refers to key_interrupt.o(i.clear_key_state) for clear_key_state
    main.o(i.main) refers to stm32f4xx_gpio.o(i.GPIO_SetBits) for GPIO_SetBits
    main.o(i.main) refers to stm32f4xx_gpio.o(i.GPIO_ResetBits) for GPIO_ResetBits
    main.o(i.main) refers to rtc.o(i.rtc_print_current_date_time) for rtc_print_current_date_time
    main.o(i.main) refers to temperature_humidity_sensor.o(i.temperature_humidity_sensor_measure) for temperature_humidity_sensor_measure
    main.o(i.main) refers to temperature_humidity_sensor.o(i.temperature_humidity_sensor_check) for temperature_humidity_sensor_check
    main.o(i.main) refers to dfa_event_queue.o(i.run_event_task) for run_event_task
    main.o(i.main) refers to key_interrupt.o(.data) for KEY1_State
    main.o(i.main) refers to led.o(.data) for LED2_state
    main.o(i.main) refers to temperature_humidity_sensor.o(.data) for current_TH_data
    main.o(i.main) refers to main.o(.conststring) for .conststring
    key_interrupt.o(i.EXTI0_IRQHandler) refers to stm32f4xx_exti.o(i.EXTI_GetITStatus) for EXTI_GetITStatus
    key_interrupt.o(i.EXTI0_IRQHandler) refers to stm32f4xx_exti.o(i.EXTI_ClearITPendingBit) for EXTI_ClearITPendingBit
    key_interrupt.o(i.EXTI0_IRQHandler) refers to key_interrupt.o(.data) for KEY1_State
    key_interrupt.o(i.EXTI2_IRQHandler) refers to stm32f4xx_exti.o(i.EXTI_GetITStatus) for EXTI_GetITStatus
    key_interrupt.o(i.EXTI2_IRQHandler) refers to stm32f4xx_exti.o(i.EXTI_ClearITPendingBit) for EXTI_ClearITPendingBit
    key_interrupt.o(i.EXTI2_IRQHandler) refers to key_interrupt.o(.data) for KEY1_State
    key_interrupt.o(i.EXTI3_IRQHandler) refers to stm32f4xx_exti.o(i.EXTI_GetITStatus) for EXTI_GetITStatus
    key_interrupt.o(i.EXTI3_IRQHandler) refers to stm32f4xx_exti.o(i.EXTI_ClearITPendingBit) for EXTI_ClearITPendingBit
    key_interrupt.o(i.EXTI3_IRQHandler) refers to key_interrupt.o(.data) for KEY1_State
    key_interrupt.o(i.EXTI4_IRQHandler) refers to stm32f4xx_exti.o(i.EXTI_GetITStatus) for EXTI_GetITStatus
    key_interrupt.o(i.EXTI4_IRQHandler) refers to stm32f4xx_exti.o(i.EXTI_ClearITPendingBit) for EXTI_ClearITPendingBit
    key_interrupt.o(i.EXTI4_IRQHandler) refers to key_interrupt.o(.data) for KEY1_State
    key_interrupt.o(i.clear_key_state) refers to key_interrupt.o(.data) for KEY1_State
    key_interrupt.o(i.key_gpio_init) refers to stm32f4xx_rcc.o(i.RCC_AHB1PeriphClockCmd) for RCC_AHB1PeriphClockCmd
    key_interrupt.o(i.key_gpio_init) refers to stm32f4xx_gpio.o(i.GPIO_Init) for GPIO_Init
    key_interrupt.o(i.key_interrupt_init) refers to stm32f4xx_rcc.o(i.RCC_AHB1PeriphClockCmd) for RCC_AHB1PeriphClockCmd
    key_interrupt.o(i.key_interrupt_init) refers to stm32f4xx_rcc.o(i.RCC_APB2PeriphClockCmd) for RCC_APB2PeriphClockCmd
    key_interrupt.o(i.key_interrupt_init) refers to stm32f4xx_gpio.o(i.GPIO_Init) for GPIO_Init
    key_interrupt.o(i.key_interrupt_init) refers to stm32f4xx_syscfg.o(i.SYSCFG_EXTILineConfig) for SYSCFG_EXTILineConfig
    key_interrupt.o(i.key_interrupt_init) refers to stm32f4xx_exti.o(i.EXTI_Init) for EXTI_Init
    key_interrupt.o(i.key_interrupt_init) refers to misc.o(i.NVIC_Init) for NVIC_Init
    led.o(i.led_gpio_init) refers to stm32f4xx_rcc.o(i.RCC_AHB1PeriphClockCmd) for RCC_AHB1PeriphClockCmd
    led.o(i.led_gpio_init) refers to stm32f4xx_gpio.o(i.GPIO_Init) for GPIO_Init
[...]
    .emb_text                                0x08000240   Section        0  maybetermalloc1.o(.emb_text)
    .text                                    0x08000240   Section       64  startup_stm32f40_41xxx.o(.text)
    $v0                                      0x08000240   Number         0  startup_stm32f40_41xxx.o(.text)
    .text                                    0x08000280   Section        2  use_no_semi.o(.text)
    .text                                    0x08000282   Section        0  h1_alloc.o(.text)
    .text                                    0x080002e0   Section        0  h1_free.o(.text)
    .text                                    0x08000330   Section        0  noretval__2printf.o(.text)
    .text                                    0x08000348   Section        0  _printf_truncate.o(.text)
    .text                                    0x0800036c   Section        0  _printf_dec.o(.text)
    .text                                    0x080003e4   Section        0  _printf_hex_int.o(.text)
    .text                                    0x0800043c   Section        0  __printf_ss_wp.o(.text)
    .text                                    0x0800059c   Section       78  rt_memclr_w.o(.text)
    .text                                    0x080005ea   Section        0  heapauxi.o(.text)
    .text                                    0x080005f0   Section        8  rt_heap_descriptor_intlibspace.o(.text)
    .text                                    0x080005f8   Section        0  hguard.o(.text)
    .text                                    0x080005fc   Section        0  init_alloc.o(.text)
    .text                                    0x08000686   Section        0  h1_init.o(.text)
    .text                                    0x08000694   Section        0  _printf_intcommon.o(.text)
    .text                                    0x08000748   Section        0  _printf_char_common.o(.text)
    _printf_input_char                       0x08000749   Thumb Code    10  _printf_char_common.o(.text)
    .text                                    0x08000778   Section        0  _printf_char_file.o(.text)
    .text                                    0x0800079c   Section        8  libspace.o(.text)
    .text                                    0x080007a4   Section        0  h1_extend.o(.text)
    .text                                    0x080007d8   Section        0  ferror.o(.text)
    .text                                    0x080007e0   Section        0  defsig_rtmem_outer.o(.text)
    .text                                    0x080007ee   Section       74  sys_stackheap_outer.o(.text)
    .text                                    0x08000838   Section        0  exit.o(.text)
    .text                                    0x08000844   Section        0  defsig_exit.o(.text)
    .text                                    0x08000850   Section        0  defsig_rtmem_inner.o(.text)
    .text                                    0x080008a0   Section        0  defsig_general.o(.text)
    i.EXTI0_IRQHandler                       0x080008d4   Section        0  key_interrupt.o(i.EXTI0_IRQHandler)
    i.EXTI2_IRQHandler                       0x0800090c   Section        0  key_interrupt.o(i.EXTI2_IRQHandler)
    i.EXTI3_IRQHandler                       0x08000948   Section        0  key_interrupt.o(i.EXTI3_IRQHandler)
    i.EXTI4_IRQHandler                       0x08000984   Section        0  key_interrupt.o(i.EXTI4_IRQHandler)
    i.EXTI_ClearITPendingBit                 0x080009bc   Section        0  stm32f4xx_exti.o(i.EXTI_ClearITPendingBit)
    i.EXTI_GetITStatus                       0x080009c8   Section        0  stm32f4xx_exti.o(i.EXTI_GetITStatus)
    i.EXTI_Init                              0x080009e0   Section        0  stm32f4xx_exti.o(i.EXTI_Init)
    i.Event_Pop_run                          0x08000a74   Section        0  dfa_event_queue.o(i.Event_Pop_run)
    Event_Pop_run                            0x08000a75   Thumb Code    48  dfa_event_queue.o(i.Event_Pop_run)
    i.Event_Push                             0x08000aa4   Section        0  dfa_event_queue.o(i.Event_Push)
    Event_Push                               0x08000aa5   Thumb Code    86  dfa_event_queue.o(i.Event_Push)
    i.GPIO_Init                              0x08000b50   Section        0  stm32f4xx_gpio.o(i.GPIO_Init)
    i.GPIO_PinAFConfig                       0x08000be0   Section        0  stm32f4xx_gpio.o(i.GPIO_PinAFConfig)
    i.GPIO_ReadInputDataBit                  0x08000c26   Section        0  stm32f4xx_gpio.o(i.GPIO_ReadInputDataBit)
    i.GPIO_ResetBits                         0x08000c38   Section        0  stm32f4xx_gpio.o(i.GPIO_ResetBits)
    i.GPIO_SetBits                           0x08000c3c   Section        0  stm32f4xx_gpio.o(i.GPIO_SetBits)
    i.Match_Event_Handler                    0x08000c40   Section        0  dfa_event_queue.o(i.Match_Event_Handler)
    Match_Event_Handler                      0x08000c41   Thumb Code   398  dfa_event_queue.o(i.Match_Event_Handler)
    i.NVIC_Init                              0x08000e3c   Section        0  misc.o(i.NVIC_Init)
    i.NVIC_PriorityGroupConfig               0x08000eb4   Section        0  misc.o(i.NVIC_PriorityGroupConfig)
    i.PWR_BackupAccessCmd                    0x08000ec8   Section        0  stm32f4xx_pwr.o(i.PWR_BackupAccessCmd)
    i.RCC_AHB1PeriphClockCmd                 0x08000ed4   Section        0  stm32f4xx_rcc.o(i.RCC_AHB1PeriphClockCmd)
    i.RCC_APB1PeriphClockCmd                 0x08000ef4   Section        0  stm32f4xx_rcc.o(i.RCC_APB1PeriphClockCmd)
    i.RCC_APB2PeriphClockCmd                 0x08000f14   Section        0  stm32f4xx_rcc.o(i.RCC_APB2PeriphClockCmd)
    i.RCC_GetClocksFreq                      0x08000f34   Section        0  stm32f4xx_rcc.o(i.RCC_GetClocksFreq)
    i.RCC_GetFlagStatus                      0x0800101c   Section        0  stm32f4xx_rcc.o(i.RCC_GetFlagStatus)
    i.RCC_LSEConfig                          0x0800105c   Section        0  stm32f4xx_rcc.o(i.RCC_LSEConfig)
    i.RCC_RTCCLKCmd                          0x08001088   Section        0  stm32f4xx_rcc.o(i.RCC_RTCCLKCmd)
    i.RCC_RTCCLKConfig                       0x08001094   Section        0  stm32f4xx_rcc.o(i.RCC_RTCCLKConfig)
    i.RTC_AlarmCmd                           0x080010d0   Section        0  stm32f4xx_rtc.o(i.RTC_AlarmCmd)
    i.RTC_Alarm_IRQHandler                   0x08001144   Section        0  rtc.o(i.RTC_Alarm_IRQHandler)
    i.RTC_Bcd2ToByte                         0x08001190   Section        0  stm32f4xx_rtc.o(i.RTC_Bcd2ToByte)
    RTC_Bcd2ToByte                           0x08001191   Thumb Code    22  stm32f4xx_rtc.o(i.RTC_Bcd2ToByte)
    i.RTC_ByteToBcd2                         0x080011a6   Section        0  stm32f4xx_rtc.o(i.RTC_ByteToBcd2)
    RTC_ByteToBcd2                           0x080011a7   Thumb Code    28  stm32f4xx_rtc.o(i.RTC_ByteToBcd2)
    i.RTC_ClearFlag                          0x080011c4   Section        0  stm32f4xx_rtc.o(i.RTC_ClearFlag)
    i.RTC_EnterInitMode                      0x080011e0   Section        0  stm32f4xx_rtc.o(i.RTC_EnterInitMode)
    i.RTC_ExitInitMode                       0x08001230   Section        0  stm32f4xx_rtc.o(i.RTC_ExitInitMode)
    i.RTC_GetDate                            0x08001244   Section        0  stm32f4xx_rtc.o(i.RTC_GetDate)
    i.RTC_GetFlagStatus                      0x08001290   Section        0  stm32f4xx_rtc.o(i.RTC_GetFlagStatus)
    i.RTC_GetTime                            0x080012b8   Section        0  stm32f4xx_rtc.o(i.RTC_GetTime)
    i.RTC_ITConfig                           0x08001308   Section        0  stm32f4xx_rtc.o(i.RTC_ITConfig)
    i.RTC_Init                               0x0800136c   Section        0  stm32f4xx_rtc.o(i.RTC_Init)
    i.RTC_ReadBackupRegister                 0x080013d0   Section        0  stm32f4xx_rtc.o(i.RTC_ReadBackupRegister)
    i.RTC_SetAlarm                           0x080013f0   Section        0  stm32f4xx_rtc.o(i.RTC_SetAlarm)
    i.RTC_SetDate                            0x080014dc   Section        0  stm32f4xx_rtc.o(i.RTC_SetDate)
    i.RTC_SetTime                            0x080015a4   Section        0  stm32f4xx_rtc.o(i.RTC_SetTime)
    i.RTC_WaitForSynchro                     0x08001674   Section        0  stm32f4xx_rtc.o(i.RTC_WaitForSynchro)
    i.RTC_WriteBackupRegister                0x080016d4   Section        0  stm32f4xx_rtc.o(i.RTC_WriteBackupRegister)
    i.SYSCFG_EXTILineConfig                  0x080016f0   Section        0  stm32f4xx_syscfg.o(i.SYSCFG_EXTILineConfig)
    i.SetSysClock                            0x08001730   Section        0  system_stm32f4xx.o(i.SetSysClock)
    SetSysClock                              0x08001731   Thumb Code   220  system_stm32f4xx.o(i.SetSysClock)
    i.SysTick_CLKSourceConfig                0x0800181c   Section        0  misc.o(i.SysTick_CLKSourceConfig)
    i.SystemInit                             0x08001844   Section        0  system_stm32f4xx.o(i.SystemInit)
    i.TIM1_UP_TIM10_IRQHandler               0x080018ac   Section        0  timer.o(i.TIM1_UP_TIM10_IRQHandler)
    i.TIM2_IRQHandler                        0x080018c4   Section        0  timer.o(i.TIM2_IRQHandler)
    i.TIM3_IRQHandler                        0x08001908   Section        0  timer.o(i.TIM3_IRQHandler)
    i.TIM8_UP_TIM13_IRQHandler               0x08001950   Section        0  timer.o(i.TIM8_UP_TIM13_IRQHandler)
    i.TIM_ClearITPendingBit                  0x0800198c   Section        0  stm32f4xx_tim.o(i.TIM_ClearITPendingBit)
    i.TIM_GetITStatus                        0x08001992   Section        0  stm32f4xx_tim.o(i.TIM_GetITStatus)
    i.TIM_SetCompare1                        0x080019b4   Section        0  stm32f4xx_tim.o(i.TIM_SetCompare1)
    i.Trie_Match_Byte                        0x080019b8   Section        0  dfa_event_queue.o(i.Trie_Match_Byte)
    i.USART1_IRQHandler                      0x08001aac   Section        0  uart.o(i.USART1_IRQHandler)
    i.USART2_IRQHandler                      0x08001adc   Section        0  rs485.o(i.USART2_IRQHandler)
    i.USART3_IRQHandler                      0x08001b0c   Section        0  esp8266.o(i.USART3_IRQHandler)
    i.USART_ClearITPendingBit                0x08001b74   Section        0  stm32f4xx_usart.o(i.USART_ClearITPendingBit)
    i.USART_Cmd                              0x08001b92   Section        0  stm32f4xx_usart.o(i.USART_Cmd)
    i.USART_GetFlagStatus                    0x08001baa   Section        0  stm32f4xx_usart.o(i.USART_GetFlagStatus)
    i.USART_GetITStatus                      0x08001bc4   Section        0  stm32f4xx_usart.o(i.USART_GetITStatus)
    i.USART_ITConfig                         0x08001c18   Section        0  stm32f4xx_usart.o(i.USART_ITConfig)
    i.USART_Init                             0x08001c64   Section        0  stm32f4xx_usart.o(i.USART_Init)
    i.USART_ReceiveData                      0x08001d38   Section        0  stm32f4xx_usart.o(i.USART_ReceiveData)
    i.USART_SendData                         0x08001d42   Section        0  stm32f4xx_usart.o(i.USART_SendData)
    i._is_digit                              0x08001d4a   Section        0  __printf_wp.o(i._is_digit)
    i._sys_exit                              0x08001d58   Section        0  retarget.o(i._sys_exit)
    i._ttywrch                               0x08001d5c   Section        0  retarget.o(i._ttywrch)
    i.alarm_handler                          0x08001d7c   Section        0  event_handlers.o(i.alarm_handler)
    i.beep_gpio_init                         0x08001e00   Section        0  beep.o(i.beep_gpio_init)
    i.beep_off                               0x08001e34   Section        0  event_handlers.o(i.beep_off)
    i.beep_on                                0x08001e50   Section        0  event_handlers.o(i.beep_on)
    i.char_to_index                          0x08001e6c   Section        0  dfa_event_queue.o(i.char_to_index)
    char_to_index                            0x08001e6d   Thumb Code    22  dfa_event_queue.o(i.char_to_index)
    i.clear_key_state                        0x08001e84   Section        0  key_interrupt.o(i.clear_key_state)
    i.co2_auto                               0x08001ea8   Section        0  event_handlers.o(i.co2_auto)
    i.co2_get_value                          0x08001edc   Section        0  event_handlers.o(i.co2_get_value)
    i.co2_off                                0x08001f3c   Section        0  event_handlers.o(i.co2_off)
    i.dec_to_bcd                             0x08001f70   Section        0  rtc.o(i.dec_to_bcd)
    i.default_handler                        0x08001f8c   Section        0  event_handlers.o(i.default_handler)
    i.delay_ms                               0x08001fac   Section        0  event_handlers.o(i.delay_ms)
    delay_ms                                 0x08001fad   Thumb Code    74  event_handlers.o(i.delay_ms)
    i.delay_us                               0x08001ff6   Section        0  temperature_humidity_sensor.o(i.delay_us)
    delay_us                                 0x08001ff7   Thumb Code    76  temperature_humidity_sensor.o(i.delay_us)
    i.esp8266_net_init_task                  0x08002042   Section        0  event_handlers.o(i.esp8266_net_init_task)
    i.event_push_interface                   0x08002044   Section        0  dfa_event_queue.o(i.event_push_interface)
    i.fan_off                                0x08002060   Section        0  event_handlers.o(i.fan_off)
    i.fan_on                                 0x0800207c   Section        0  event_handlers.o(i.fan_on)
    i.fan_speed                              0x08002094   Section        0  event_handlers.o(i.fan_speed)
    i.fputc                                  0x080020d4   Section        0  retarget.o(i.fputc)
    i.init                                   0x080020f8   Section        0  main.o(i.init)
    i.key_gpio_init                          0x08002130   Section        0  key_interrupt.o(i.key_gpio_init)
    i.key_interrupt_init                     0x08002174   Section        0  key_interrupt.o(i.key_interrupt_init)
    i.led_gpio_init                          0x08002270   Section        0  led.o(i.led_gpio_init)
    i.led_off                                0x080022e8   Section        0  event_handlers.o(i.led_off)
    i.led_on                                 0x0800233c   Section        0  event_handlers.o(i.led_on)
    i.main                                   0x08002390   Section        0  main.o(i.main)
    i.motor1_set_duty                        0x08002524   Section        0  motor.o(i.motor1_set_duty)
    i.read_mq_2                              0x08002554   Section        0  mq_2.o(i.read_mq_2)
    i.rtc_alarm_init                         0x08002568   Section        0  rtc.o(i.rtc_alarm_init)
    i.rtc_alarm_set                          0x080025be   Section        0  rtc.o(i.rtc_alarm_set)
    i.rtc_init                               0x080025e0   Section        0  rtc.o(i.rtc_init)
    i.rtc_print_current_date_time            0x08002658   Section        0  rtc.o(i.rtc_print_current_date_time)
    i.rtc_set_date                           0x080026c4   Section        0  rtc.o(i.rtc_set_date)
    i.rtc_set_time                           0x080026ea   Section        0  rtc.o(i.rtc_set_time)
    i.run_event_task                         0x08002710   Section        0  dfa_event_queue.o(i.run_event_task)
    i.set_alarm                              0x08002724   Section        0  event_handlers.o(i.set_alarm)
    i.set_date                               0x08002760   Section        0  event_handlers.o(i.set_date)
    i.set_time                               0x080027d0   Section        0  event_handlers.o(i.set_time)
    i.submit_alarm_hour                      0x08002840   Section        0  event_handlers.o(i.submit_alarm_hour)
    i.submit_alarm_min                       0x080028a0   Section        0  event_handlers.o(i.submit_alarm_min)
    i.submit_alarm_sec                       0x080028f0   Section        0  event_handlers.o(i.submit_alarm_sec)
    i.submit_date_day                        0x08002940   Section        0  event_handlers.o(i.submit_date_day)
    i.submit_date_month                      0x08002980   Section        0  event_handlers.o(i.submit_date_month)
    i.submit_date_week                       0x080029c0   Section        0  event_handlers.o(i.submit_date_week)
    i.submit_date_year                       0x08002a00   Section        0  event_handlers.o(i.submit_date_year)
    i.submit_time_hour                       0x08002a40   Section        0  event_handlers.o(i.submit_time_hour)
    i.submit_time_min                        0x08002a90   Section        0  event_handlers.o(i.submit_time_min)
    i.submit_time_sec                        0x08002ad0   Section        0  event_handlers.o(i.submit_time_sec)
    i.systick_init                           0x08002b10   Section        0  systick.o(i.systick_init)
    i.temperature_humidity_sensor_check      0x08002b1c   Section        0  temperature_humidity_sensor.o(i.temperature_humidity_sensor_check)
    i.temperature_humidity_sensor_init       0x08002c28   Section        0  temperature_humidity_sensor.o(i.temperature_humidity_sensor_init)
    i.temperature_humidity_sensor_measure    0x08002c34   Section        0  temperature_humidity_sensor.o(i.temperature_humidity_sensor_measure)
    i.temperature_humidity_set_IO_mode       0x08002cfc   Section        0  temperature_humidity_sensor.o(i.temperature_humidity_set_IO_mode)
    i.trie_create_node                       0x08002d28   Section        0  dfa_event_queue.o(i.trie_create_node)
    trie_create_node                         0x08002d29   Thumb Code    42  dfa_event_queue.o(i.trie_create_node)
    i.trie_init                              0x08002d54   Section        0  dfa_event_queue.o(i.trie_init)
    i.trie_insert                            0x08002fb4   Section        0  dfa_event_queue.o(i.trie_insert)
    trie_insert                              0x08002fb5   Thumb Code    78  dfa_event_queue.o(i.trie_insert)
    i.usart1_init                            0x08003008   Section        0  uart.o(i.usart1_init)
    i.usart1_send_byte                       0x080030b8   Section        0  uart.o(i.usart1_send_byte)
    i.usart1_send_string                     0x080030dc   Section        0  uart.o(i.usart1_send_string)
    x$fpl$d2f                                0x080030f4   Section       98  d2f.o(x$fpl$d2f)
    $v0                                      0x080030f4   Number         0  d2f.o(x$fpl$d2f)
    x$fpl$ddiv                               0x08003158   Section      688  ddiv.o(x$fpl$ddiv)
    $v0                                      0x08003158   Number         0  ddiv.o(x$fpl$ddiv)
    ddiv_entry                               0x0800315f   Thumb Code     0  ddiv.o(x$fpl$ddiv)
    x$fpl$dflt                               0x08003408   Section       46  dflt_clz.o(x$fpl$dflt)
    $v0                                      0x08003408   Number         0  dflt_clz.o(x$fpl$dflt)
    x$fpl$dnaninf                            0x08003436   Section      156  dnaninf.o(x$fpl$dnaninf)
    $v0                                      0x08003436   Number         0  dnaninf.o(x$fpl$dnaninf)
    x$fpl$dretinf                            0x080034d2   Section       12  dretinf.o(x$fpl$dretinf)
    $v0                                      0x080034d2   Number         0  dretinf.o(x$fpl$dretinf)
    x$fpl$fpinit                             0x080034de   Section       10  fpinit.o(x$fpl$fpinit)
    $v0                                      0x080034de   Number         0  fpinit.o(x$fpl$fpinit)
    x$fpl$fretinf                            0x080034e8   Section       10  fretinf.o(x$fpl$fretinf)
    $v0                                      0x080034e8   Number         0  fretinf.o(x$fpl$fretinf)
    .constdata                               0x080034f2   Section       40  _printf_hex_int.o(.constdata)
    x$fpl$usenofp                            0x080034f2   Section        0  usenofp.o(x$fpl$usenofp)
    uc_hextab                                0x080034f2   Data          20  _printf_hex_int.o(.constdata)
    lc_hextab                                0x08003506   Data          20  _printf_hex_int.o(.constdata)
    .conststring                             0x0800351c   Section       87  main.o(.conststring)
    .conststring                             0x08003574   Section      124  dfa_event_queue.o(.conststring)
    .data                                    0x20000000   Section        4  key_interrupt.o(.data)
    .data                                    0x20000004   Section        4  led.o(.data)
    .data                                    0x20000008   Section       17  co2_sensor.o(.data)
    CO2_sensor_cache                         0x20000008   Data           6  co2_sensor.o(.data)
    CO2_sensor_index                         0x20000010   Data           4  co2_sensor.o(.data)
    .data                                    0x2000001c   Section       13  esp8266.o(.data)
    uart3_cmd_cache_idx                      0x20000028   Data           1  esp8266.o(.data)
    .data                                    0x20000029   Section        3  temperature_humidity_sensor.o(.data)
    .data                                    0x2000002c   Section        8  retarget.o(.data)
    .data                                    0x20000034   Section      117  dfa_event_queue.o(.data)
    trie_root                                0x20000034   Data           4  dfa_event_queue.o(.data)
    event_queue                              0x20000038   Data           4  dfa_event_queue.o(.data)
    event_queue_tail                         0x2000003c   Data           4  dfa_event_queue.o(.data)
    cmd_list                                 0x20000040   Data          88  dfa_event_queue.o(.data)
    first_byte_received_flag                 0x20000098   Data           1  dfa_event_queue.o(.data)
    matched_cmd_idx                          0x20000099   Data           1  dfa_event_queue.o(.data)
    matched_cmd_param_val                    0x2000009c   Data           4  dfa_event_queue.o(.data)
    current_node                             0x200000a0   Data           4  dfa_event_queue.o(.data)
    matched_cmd_param_val                    0x200000a4   Data           4  dfa_event_queue.o(.data)
    pending_event                            0x200000a8   Data           1  dfa_event_queue.o(.data)
    .data                                    0x200000ac   Section       24  rtc.o(.data)
    .data                                    0x200000c4   Section       16  stm32f4xx_rcc.o(.data)
    APBAHBPrescTable                         0x200000c4   Data          16  stm32f4xx_rcc.o(.data)
    .bss                                     0x200000d4   Section     1124  esp8266.o(.bss)
    uart3_cmd_cache                          0x200004d4   Data         100  esp8266.o(.bss)
    .bss                                     0x20000538   Section       96  libspace.o(.bss)
    HEAP                                     0x20000598   Section    65536  startup_stm32f40_41xxx.o(HEAP)
    Heap_Mem                                 0x20000598   Data       65536  startup_stm32f40_41xxx.o(HEAP)
    STACK                                    0x20010598   Section     1024  startup_stm32f40_41xxx.o(STACK)
    Stack_Mem                                0x20010598   Data        1024  startup_stm32f40_41xxx.o(STACK)
    __initial_sp                             0x20010998   Data           0  startup_stm32f40_41xxx.o(STACK)

    Global Symbols

    Symbol Name                              Value     Ov Type        Size  Object(Section)

    BuildAttributes$$THM_ISAv4$E$P$D$K$B$S$7EM$VFPi3$EXTD16$VFPS$VFMA$PE$A:L22UL41UL21$X:L11$S22US41US21$IEEE1$IW$USESV6$~STKCKD$USESV7$~SHL$OTIME$ROPI$IEEEJ$EBA8$UX$STANDARDLIB$REQ8$PRES8$EABIv2 0x00000000   Number         0  anon$$obj.o ABSOLUTE
    __ARM_use_no_argv                        0x00000000   Number         0  main.o ABSOLUTE
    _printf_flags                            0x00000000   Number         0  printf_stubs.o ABSOLUTE
    _printf_return_value                     0x00000000   Number         0  printf_stubs.o ABSOLUTE
    _printf_sizespec                         0x00000000   Number         0  printf_stubs.o ABSOLUTE
    _printf_widthprec                        0x00000000   Number         0  printf_stubs.o ABSOLUTE
    __ARM_exceptions_init                     - Undefined Weak Reference
    __alloca_initialize                       - Undefined Weak Reference
    __arm_preinit_                            - Undefined Weak Reference
    __cpp_initialize__aeabi_                  - Undefined Weak Reference
    __cxa_finalize                            - Undefined Weak Reference
    __sigvec_lookup                           - Undefined Weak Reference
    __user_heap_extent                        - Undefined Weak Reference
    _atexit_init                              - Undefined Weak Reference
    _call_atexit_fns                          - Undefined Weak Reference
    _clock_init                               - Undefined Weak Reference
    _fp_trap_init                             - Undefined Weak Reference
    _fp_trap_shutdown                         - Undefined Weak Reference
    _get_lc_collate                           - Undefined Weak Reference
    _get_lc_ctype                             - Undefined Weak Reference
    _get_lc_monetary                          - Undefined Weak Reference
    _get_lc_time                              - Undefined Weak Reference
    _getenv_init                              - Undefined Weak Reference
    _handle_redirection                       - Undefined Weak Reference
    _initio                                   - Undefined Weak Reference
    _mutex_acquire                            - Undefined Weak Reference
    _mutex_free                               - Undefined Weak Reference
    _mutex_release                            - Undefined Weak Reference
    _printf_post_padding                      - Undefined Weak Reference
    _printf_pre_padding                       - Undefined Weak Reference
    _rand_init                                - Undefined Weak Reference
    _signal_finish                            - Undefined Weak Reference
    _signal_init                              - Undefined Weak Reference
    _terminateio                              - Undefined Weak Reference
    __Vectors_Size                           0x00000188   Number         0  startup_stm32f40_41xxx.o ABSOLUTE
    __Vectors                                0x08000000   Data           4  startup_stm32f40_41xxx.o(RESET)
    __Vectors_End                            0x08000188   Data           0  startup_stm32f40_41xxx.o(RESET)
    __main                                   0x08000189   Thumb Code     8  __main.o(!!!main)
    __scatterload                            0x08000191   Thumb Code     0  __scatter.o(!!!scatter)
    __scatterload_rt2                        0x08000191   Thumb Code    44  __scatter.o(!!!scatter)
    __scatterload_rt2_thumb_only             0x08000191   Thumb Code     0  __scatter.o(!!!scatter)
    __scatterload_null                       0x0800019f   Thumb Code     0  __scatter.o(!!!scatter)
    __scatterload_copy                       0x080001c5   Thumb Code    26  __scatter_copy.o(!!handler_copy)
    __scatterload_zeroinit                   0x080001e1   Thumb Code    28  __scatter_zi.o(!!handler_zi)
    _printf_d                                0x080001fd   Thumb Code     0  _printf_d.o(.ARM.Collect$$_printf_percent$$00000009)
    _printf_percent                          0x080001fd   Thumb Code     0  _printf_percent.o(.ARM.Collect$$_printf_percent$$00000000)
    _printf_x                                0x08000203   Thumb Code     0  _printf_x.o(.ARM.Collect$$_printf_percent$$0000000C)
    _printf_percent_end                      0x08000209   Thumb Code     0  _printf_percent_end.o(.ARM.Collect$$_printf_percent$$00000017)
    __rt_lib_init                            0x0800020d   Thumb Code     0  libinit.o(.ARM.Collect$$libinit$$00000000)
    __rt_lib_init_fp_1                       0x0800020f   Thumb Code     0  libinit2.o(.ARM.Collect$$libinit$$00000001)
    __rt_lib_init_heap_2                     0x08000213   Thumb Code     0  libinit2.o(.ARM.Collect$$libinit$$00000005)
    __rt_lib_init_preinit_1                  0x08000213   Thumb Code     0  libinit2.o(.ARM.Collect$$libinit$$00000004)
    __rt_lib_init_alloca_1                   0x0800021b   Thumb Code     0  libinit2.o(.ARM.Collect$$libinit$$0000002E)
    __rt_lib_init_argv_1                     0x0800021b   Thumb Code     0  libinit2.o(.ARM.Collect$$libinit$$0000002C)
    __rt_lib_init_atexit_1                   0x0800021b   Thumb Code     0  libinit2.o(.ARM.Collect$$libinit$$0000001B)
    __rt_lib_init_clock_1                    0x0800021b   Thumb Code     0  libinit2.o(.ARM.Collect$$libinit$$00000021)
    __rt_lib_init_cpp_1                      0x0800021b   Thumb Code     0  libinit2.o(.ARM.Collect$$libinit$$00000032)
    __rt_lib_init_exceptions_1               0x0800021b   Thumb Code     0  libinit2.o(.ARM.Collect$$libinit$$00000030)
    __rt_lib_init_fp_trap_1                  0x0800021b   Thumb Code     0  libinit2.o(.ARM.Collect$$libinit$$0000001F)
    __rt_lib_init_getenv_1                   0x0800021b   Thumb Code     0  libinit2.o(.ARM.Collect$$libinit$$00000023)
    __rt_lib_init_heap_1                     0x0800021b   Thumb Code     0  libinit2.o(.ARM.Collect$$libinit$$0000000A)
    __rt_lib_init_lc_collate_1               0x0800021b   Thumb Code     0  libinit2.o(.ARM.Collect$$libinit$$00000011)
    __rt_lib_init_lc_ctype_1                 0x0800021b   Thumb Code     0  libinit2.o(.ARM.Collect$$libinit$$00000013)
    __rt_lib_init_lc_monetary_1              0x0800021b   Thumb Code     0  libinit2.o(.ARM.Collect$$libinit$$00000015)
    __rt_lib_init_lc_numeric_1               0x0800021b   Thumb Code     0  libinit2.o(.ARM.Collect$$libinit$$00000017)
    __rt_lib_init_lc_time_1                  0x0800021b   Thumb Code     0  libinit2.o(.ARM.Collect$$libinit$$00000019)
    __rt_lib_init_rand_1                     0x0800021b   Thumb Code     0  libinit2.o(.ARM.Collect$$libinit$$0000000E)
    __rt_lib_init_return                     0x0800021b   Thumb Code     0  libinit2.o(.ARM.Collect$$libinit$$00000033)
    __rt_lib_init_signal_1                   0x0800021b   Thumb Code     0  libinit2.o(.ARM.Collect$$libinit$$0000001D)
    __rt_lib_init_stdio_1                    0x0800021b   Thumb Code     0  libinit2.o(.ARM.Collect$$libinit$$00000025)
    __rt_lib_init_user_alloc_1               0x0800021b   Thumb Code     0  libinit2.o(.ARM.Collect$$libinit$$0000000C)
    __rt_lib_shutdown                        0x0800021d   Thumb Code     0  libshutdown.o(.ARM.Collect$$libshutdown$$00000000)
    __rt_lib_shutdown_fp_trap_1              0x0800021f   Thumb Code     0  libshutdown2.o(.ARM.Collect$$libshutdown$$00000006)
    __rt_lib_shutdown_heap_1                 0x0800021f   Thumb Code     0  libshutdown2.o(.ARM.Collect$$libshutdown$$0000000E)
    __rt_lib_shutdown_return                 0x0800021f   Thumb Code     0  libshutdown2.o(.ARM.Collect$$libshutdown$$0000000F)
    __rt_lib_shutdown_signal_1               0x0800021f   Thumb Code     0  libshutdown2.o(.ARM.Collect$$libshutdown$$00000009)
    __rt_lib_shutdown_stdio_1                0x0800021f   Thumb Code     0  libshutdown2.o(.ARM.Collect$$libshutdown$$00000003)
    __rt_lib_shutdown_user_alloc_1           0x0800021f   Thumb Code     0  libshutdown2.o(.ARM.Collect$$libshutdown$$0000000B)
    __rt_entry                               0x08000221   Thumb Code     0  __rtentry.o(.ARM.Collect$$rtentry$$00000000)
    __rt_entry_presh_1                       0x08000221   Thumb Code     0  __rtentry2.o(.ARM.Collect$$rtentry$$00000002)
    __rt_entry_sh                            0x08000221   Thumb Code     0  __rtentry4.o(.ARM.Collect$$rtentry$$00000004)
    __rt_entry_li                            0x08000227   Thumb Code     0  __rtentry2.o(.ARM.Collect$$rtentry$$0000000A)
    __rt_entry_postsh_1                      0x08000227   Thumb Code     0  __rtentry2.o(.ARM.Collect$$rtentry$$00000009)
    __rt_entry_main                          0x0800022b   Thumb Code     0  __rtentry2.o(.ARM.Collect$$rtentry$$0000000D)
    __rt_entry_postli_1                      0x0800022b   Thumb Code     0  __rtentry2.o(.ARM.Collect$$rtentry$$0000000C)
    __rt_exit                                0x08000233   Thumb Code     0  rtexit.o(.ARM.Collect$$rtexit$$00000000)
    __rt_exit_ls                             0x08000235   Thumb Code     0  rtexit2.o(.ARM.Collect$$rtexit$$00000003)
    __rt_exit_prels_1                        0x08000235   Thumb Code     0  rtexit2.o(.ARM.Collect$$rtexit$$00000002)
    __rt_exit_exit                           0x08000239   Thumb Code     0  rtexit2.o(.ARM.Collect$$rtexit$$00000004)
    Reset_Handler                            0x08000241   Thumb Code     8  startup_stm32f40_41xxx.o(.text)
    _maybe_terminate_alloc                   0x08000241   Thumb Code     0  maybetermalloc1.o(.emb_text)
    NMI_Handler                              0x08000249   Thumb Code     2  startup_stm32f40_41xxx.o(.text)
    HardFault_Handler                        0x0800024b   Thumb Code     2  startup_stm32f40_41xxx.o(.text)
    MemManage_Handler                        0x0800024d   Thumb Code     2  startup_stm32f40_41xxx.o(.text)
    BusFault_Handler                         0x0800024f   Thumb Code     2  startup_stm32f40_41xxx.o(.text)
    UsageFault_Handler                       0x08000251   Thumb Code     2  startup_stm32f40_41xxx.o(.text)
    SVC_Handler                              0x08000253   Thumb Code     2  startup_stm32f40_41xxx.o(.text)
    DebugMon_Handler                         0x08000255   Thumb Code     2  startup_stm32f40_41xxx.o(.text)
    PendSV_Handler                           0x08000257   Thumb Code     2  startup_stm32f40_41xxx.o(.text)
    SysTick_Handler                          0x08000259   Thumb Code     2  startup_stm32f40_41xxx.o(.text)
    ADC_IRQHandler                           0x0800025b   Thumb Code     0  startup_stm32f40_41xxx.o(.text)
    CAN1_RX0_IRQHandler                      0x0800025b   Thumb Code     0  startup_stm32f40_41xxx.o(.text)
    CAN1_RX1_IRQHandler                      0x0800025b   Thumb Code     0  startup_stm32f40_41xxx.o(.text)
    CAN1_SCE_IRQHandler                      0x0800025b   Thumb Code     0  startup_stm32f40_41xxx.o(.text)
    CAN1_TX_IRQHandler                       0x0800025b   Thumb Code     0  startup_stm32f40_41xxx.o(.text)
    CAN2_RX0_IRQHandler                      0x0800025b   Thumb Code     0  startup_stm32f40_41xxx.o(.text)
    CAN2_RX1_IRQHandler                      0x0800025b   Thumb Code     0  startup_stm32f40_41xxx.o(.text)
    CAN2_SCE_IRQHandler                      0x0800025b   Thumb Code     0  startup_stm32f40_41xxx.o(.text)
    CAN2_TX_IRQHandler                       0x0800025b   Thumb Code     0  startup_stm32f40_41xxx.o(.text)
    CRYP_IRQHandler                          0x0800025b   Thumb Code     0  startup_stm32f40_41xxx.o(.text)
    DCMI_IRQHandler                          0x0800025b   Thumb Code     0  startup_stm32f40_41xxx.o(.text)
    DMA1_Stream0_IRQHandler                  0x0800025b   Thumb Code     0  startup_stm32f40_41xxx.o(.text)
    DMA1_Stream1_IRQHandler                  0x0800025b   Thumb Code     0  startup_stm32f40_41xxx.o(.text)
    DMA1_Stream2_IRQHandler                  0x0800025b   Thumb Code     0  startup_stm32f40_41xxx.o(.text)
    DMA1_Stream3_IRQHandler                  0x0800025b   Thumb Code     0  startup_stm32f40_41xxx.o(.text)
    DMA1_Stream4_IRQHandler                  0x0800025b   Thumb Code     0  startup_stm32f40_41xxx.o(.text)
    DMA1_Stream5_IRQHandler                  0x0800025b   Thumb Code     0  startup_stm32f40_41xxx.o(.text)
    DMA1_Stream6_IRQHandler                  0x0800025b   Thumb Code     0  startup_stm32f40_41xxx.o(.text)
    DMA1_Stream7_IRQHandler                  0x0800025b   Thumb Code     0  startup_stm32f40_41xxx.o(.text)
    DMA2_Stream0_IRQHandler                  0x0800025b   Thumb Code     0  startup_stm32f40_41xxx.o(.text)
    DMA2_Stream1_IRQHandler                  0x0800025b   Thumb Code     0  startup_stm32f40_41xxx.o(.text)
    DMA2_Stream2_IRQHandler                  0x0800025b   Thumb Code     0  startup_stm32f40_41xxx.o(.text)
    DMA2_Stream3_IRQHandler                  0x0800025b   Thumb Code     0  startup_stm32f40_41xxx.o(.text)
    DMA2_Stream4_IRQHandler                  0x0800025b   Thumb Code     0  startup_stm32f40_41xxx.o(.text)
    DMA2_Stream5_IRQHandler                  0x0800025b   Thumb Code     0  startup_stm32f40_41xxx.o(.text)
    DMA2_Stream6_IRQHandler                  0x0800025b   Thumb Code     0  startup_stm32f40_41xxx.o(.text)
    DMA2_Stream7_IRQHandler                  0x0800025b   Thumb Code     0  startup_stm32f40_41xxx.o(.text)
    ETH_IRQHandler                           0x0800025b   Thumb Code     0  startup_stm32f40_41xxx.o(.text)
    ETH_WKUP_IRQHandler                      0x0800025b   Thumb Code     0  startup_stm32f40_41xxx.o(.text)
    EXTI15_10_IRQHandler                     0x0800025b   Thumb Code     0  startup_stm32f40_41xxx.o(.text)
    EXTI1_IRQHandler                         0x0800025b   Thumb Code     0  startup_stm32f40_41xxx.o(.text)
    EXTI9_5_IRQHandler                       0x0800025b   Thumb Code     0  startup_stm32f40_41xxx.o(.text)
    FLASH_IRQHandler                         0x0800025b   Thumb Code     0  startup_stm32f40_41xxx.o(.text)
    FPU_IRQHandler                           0x0800025b   Thumb Code     0  startup_stm32f40_41xxx.o(.text)
    FSMC_IRQHandler                          0x0800025b   Thumb Code     0  startup_stm32f40_41xxx.o(.text)
    HASH_RNG_IRQHandler                      0x0800025b   Thumb Code     0  startup_stm32f40_41xxx.o(.text)
    I2C1_ER_IRQHandler                       0x0800025b   Thumb Code     0  startup_stm32f40_41xxx.o(.text)
    I2C1_EV_IRQHandler                       0x0800025b   Thumb Code     0  startup_stm32f40_41xxx.o(.text)
    I2C2_ER_IRQHandler                       0x0800025b   Thumb Code     0  startup_stm32f40_41xxx.o(.text)
    I2C2_EV_IRQHandler                       0x0800025b   Thumb Code     0  startup_stm32f40_41xxx.o(.text)
    I2C3_ER_IRQHandler                       0x0800025b   Thumb Code     0  startup_stm32f40_41xxx.o(.text)
    I2C3_EV_IRQHandler                       0x0800025b   Thumb Code     0  startup_stm32f40_41xxx.o(.text)
    OTG_FS_IRQHandler                        0x0800025b   Thumb Code     0  startup_stm32f40_41xxx.o(.text)
    OTG_FS_WKUP_IRQHandler                   0x0800025b   Thumb Code     0  startup_stm32f40_41xxx.o(.text)
    OTG_HS_EP1_IN_IRQHandler                 0x0800025b   Thumb Code     0  startup_stm32f40_41xxx.o(.text)
    OTG_HS_EP1_OUT_IRQHandler                0x0800025b   Thumb Code     0  startup_stm32f40_41xxx.o(.text)
    OTG_HS_IRQHandler                        0x0800025b   Thumb Code     0  startup_stm32f40_41xxx.o(.text)
    OTG_HS_WKUP_IRQHandler                   0x0800025b   Thumb Code     0  startup_stm32f40_41xxx.o(.text)
    PVD_IRQHandler                           0x0800025b   Thumb Code     0  startup_stm32f40_41xxx.o(.text)
    RCC_IRQHandler                           0x0800025b   Thumb Code     0  startup_stm32f40_41xxx.o(.text)
    RTC_WKUP_IRQHandler                      0x0800025b   Thumb Code     0  startup_stm32f40_41xxx.o(.text)
    SDIO_IRQHandler                          0x0800025b   Thumb Code     0  startup_stm32f40_41xxx.o(.text)
    SPI1_IRQHandler                          0x0800025b   Thumb Code     0  startup_stm32f40_41xxx.o(.text)
    SPI2_IRQHandler                          0x0800025b   Thumb Code     0  startup_stm32f40_41xxx.o(.text)
    SPI3_IRQHandler                          0x0800025b   Thumb Code     0  startup_stm32f40_41xxx.o(.text)
    TAMP_STAMP_IRQHandler                    0x0800025b   Thumb Code     0  startup_stm32f40_41xxx.o(.text)
    TIM1_BRK_TIM9_IRQHandler                 0x0800025b   Thumb Code     0  startup_stm32f40_41xxx.o(.text)
    TIM1_CC_IRQHandler                       0x0800025b   Thumb Code     0  startup_stm32f40_41xxx.o(.text)
    TIM1_TRG_COM_TIM11_IRQHandler            0x0800025b   Thumb Code     0  startup_stm32f40_41xxx.o(.text)
    TIM4_IRQHandler                          0x0800025b   Thumb Code     0  startup_stm32f40_41xxx.o(.text)
    TIM5_IRQHandler                          0x0800025b   Thumb Code     0  startup_stm32f40_41xxx.o(.text)
    TIM6_DAC_IRQHandler                      0x0800025b   Thumb Code     0  startup_stm32f40_41xxx.o(.text)
    TIM7_IRQHandler                          0x0800025b   Thumb Code     0  startup_stm32f40_41xxx.o(.text)
    TIM8_BRK_TIM12_IRQHandler                0x0800025b   Thumb Code     0  startup_stm32f40_41xxx.o(.text)
    TIM8_CC_IRQHandler                       0x0800025b   Thumb Code     0  startup_stm32f40_41xxx.o(.text)
    TIM8_TRG_COM_TIM14_IRQHandler            0x0800025b   Thumb Code     0  startup_stm32f40_41xxx.o(.text)
    UART4_IRQHandler                         0x0800025b   Thumb Code     0  startup_stm32f40_41xxx.o(.text)
    UART5_IRQHandler                         0x0800025b   Thumb Code     0  startup_stm32f40_41xxx.o(.text)
    USART6_IRQHandler                        0x0800025b   Thumb Code     0  startup_stm32f40_41xxx.o(.text)
    WWDG_IRQHandler                          0x0800025b   Thumb Code     0  startup_stm32f40_41xxx.o(.text)
    __user_initial_stackheap                 0x0800025d   Thumb Code     0  startup_stm32f40_41xxx.o(.text)
    __I$use$semihosting                      0x08000281   Thumb Code     0  use_no_semi.o(.text)
    __use_no_semihosting_swi                 0x08000281   Thumb Code     2  use_no_semi.o(.text)
    malloc                                   0x08000283   Thumb Code    94  h1_alloc.o(.text)
    free                                     0x080002e1   Thumb Code    78  h1_free.o(.text)
    __2printf                                0x08000331   Thumb Code    20  noretval__2printf.o(.text)
    _printf_truncate_signed                  0x08000349   Thumb Code    18  _printf_truncate.o(.text)
    _printf_truncate_unsigned                0x0800035b   Thumb Code    18  _printf_truncate.o(.text)
    _printf_int_dec                          0x0800036d   Thumb Code   104  _printf_dec.o(.text)
    _printf_int_hex                          0x080003e5   Thumb Code    84  _printf_hex_int.o(.text)
    _printf_longlong_hex                     0x080003e5   Thumb Code     0  _printf_hex_int.o(.text)
    __printf                                 0x0800043d   Thumb Code   352  __printf_ss_wp.o(.text)
    __aeabi_memclr4                          0x0800059d   Thumb Code     0  rt_memclr_w.o(.text)
    __aeabi_memclr8                          0x0800059d   Thumb Code     0  rt_memclr_w.o(.text)
    __rt_memclr_w                            0x0800059d   Thumb Code    78  rt_memclr_w.o(.text)
    _memset_w                                0x080005a1   Thumb Code     0  rt_memclr_w.o(.text)
    __use_two_region_memory                  0x080005eb   Thumb Code     2  heapauxi.o(.text)
    __rt_heap_escrow                         0x080005ed   Thumb Code     2  heapauxi.o(.text)
    __rt_heap_expand                         0x080005ef   Thumb Code     2  heapauxi.o(.text)
    __rt_heap_descriptor                     0x080005f1   Thumb Code     8  rt_heap_descriptor_intlibspace.o(.text)
    __use_no_heap                            0x080005f9   Thumb Code     2  hguard.o(.text)
    __heap$guard                             0x080005fb   Thumb Code     2  hguard.o(.text)
    _terminate_user_alloc                    0x080005fd   Thumb Code     2  init_alloc.o(.text)
    _init_user_alloc                         0x080005ff   Thumb Code     2  init_alloc.o(.text)
    __Heap_Full                              0x08000601   Thumb Code    34  init_alloc.o(.text)
    __Heap_Broken                            0x08000623   Thumb Code     6  init_alloc.o(.text)
    _init_alloc                              0x08000629   Thumb Code    94  init_alloc.o(.text)
    __Heap_Initialize                        0x08000687   Thumb Code    10  h1_init.o(.text)
    __Heap_DescSize                          0x08000691   Thumb Code     4  h1_init.o(.text)
    _printf_int_common                       0x08000695   Thumb Code   178  _printf_intcommon.o(.text)
    _printf_char_common                      0x08000753   Thumb Code    32  _printf_char_common.o(.text)
    _printf_char_file                        0x08000779   Thumb Code    32  _printf_char_file.o(.text)
    __user_libspace                          0x0800079d   Thumb Code     8  libspace.o(.text)
    __user_perproc_libspace                  0x0800079d   Thumb Code     0  libspace.o(.text)
    __user_perthread_libspace                0x0800079d   Thumb Code     0  libspace.o(.text)
    __Heap_ProvideMemory                     0x080007a5   Thumb Code    52  h1_extend.o(.text)
    ferror                                   0x080007d9   Thumb Code     8  ferror.o(.text)
    __rt_SIGRTMEM                            0x080007e1   Thumb Code    14  defsig_rtmem_outer.o(.text)
    __user_setup_stackheap                   0x080007ef   Thumb Code    74  sys_stackheap_outer.o(.text)
    exit                                     0x08000839   Thumb Code    12  exit.o(.text)
    __sig_exit                               0x08000845   Thumb Code    10  defsig_exit.o(.text)
    __rt_SIGRTMEM_inner                      0x08000851   Thumb Code    22  defsig_rtmem_inner.o(.text)
    __default_signal_display                 0x080008a1   Thumb Code    50  defsig_general.o(.text)
    EXTI0_IRQHandler                         0x080008d5   Thumb Code    38  key_interrupt.o(i.EXTI0_IRQHandler)
    EXTI2_IRQHandler                         0x0800090d   Thumb Code    42  key_interrupt.o(i.EXTI2_IRQHandler)
    EXTI3_IRQHandler                         0x08000949   Thumb Code    42  key_interrupt.o(i.EXTI3_IRQHandler)
    EXTI4_IRQHandler                         0x08000985   Thumb Code    40  key_interrupt.o(i.EXTI4_IRQHandler)
    EXTI_ClearITPendingBit                   0x080009bd   Thumb Code     6  stm32f4xx_exti.o(i.EXTI_ClearITPendingBit)
    EXTI_GetITStatus                         0x080009c9   Thumb Code    20  stm32f4xx_exti.o(i.EXTI_GetITStatus)
    EXTI_Init                                0x080009e1   Thumb Code   142  stm32f4xx_exti.o(i.EXTI_Init)
    GPIO_Init                                0x08000b51   Thumb Code   144  stm32f4xx_gpio.o(i.GPIO_Init)
    GPIO_PinAFConfig                         0x08000be1   Thumb Code    70  stm32f4xx_gpio.o(i.GPIO_PinAFConfig)
    GPIO_ReadInputDataBit                    0x08000c27   Thumb Code    18  stm32f4xx_gpio.o(i.GPIO_ReadInputDataBit)
    GPIO_ResetBits                           0x08000c39   Thumb Code     4  stm32f4xx_gpio.o(i.GPIO_ResetBits)
    GPIO_SetBits                             0x08000c3d   Thumb Code     4  stm32f4xx_gpio.o(i.GPIO_SetBits)
    NVIC_Init                                0x08000e3d   Thumb Code   106  misc.o(i.NVIC_Init)
    NVIC_PriorityGroupConfig                 0x08000eb5   Thumb Code    10  misc.o(i.NVIC_PriorityGroupConfig)
    PWR_BackupAccessCmd                      0x08000ec9   Thumb Code     6  stm32f4xx_pwr.o(i.PWR_BackupAccessCmd)
    RCC_AHB1PeriphClockCmd                   0x08000ed5   Thumb Code    26  stm32f4xx_rcc.o(i.RCC_AHB1PeriphClockCmd)
    RCC_APB1PeriphClockCmd                   0x08000ef5   Thumb Code    26  stm32f4xx_rcc.o(i.RCC_APB1PeriphClockCmd)
    RCC_APB2PeriphClockCmd                   0x08000f15   Thumb Code    26  stm32f4xx_rcc.o(i.RCC_APB2PeriphClockCmd)
    RCC_GetClocksFreq                        0x08000f35   Thumb Code   214  stm32f4xx_rcc.o(i.RCC_GetClocksFreq)
    RCC_GetFlagStatus                        0x0800101d   Thumb Code    60  stm32f4xx_rcc.o(i.RCC_GetFlagStatus)
    RCC_LSEConfig                            0x0800105d   Thumb Code    40  stm32f4xx_rcc.o(i.RCC_LSEConfig)
    RCC_RTCCLKCmd                            0x08001089   Thumb Code     6  stm32f4xx_rcc.o(i.RCC_RTCCLKCmd)
    RCC_RTCCLKConfig                         0x08001095   Thumb Code    50  stm32f4xx_rcc.o(i.RCC_RTCCLKConfig)
    RTC_AlarmCmd                             0x080010d1   Thumb Code   112  stm32f4xx_rtc.o(i.RTC_AlarmCmd)
    RTC_Alarm_IRQHandler                     0x08001145   Thumb Code    46  rtc.o(i.RTC_Alarm_IRQHandler)
    RTC_ClearFlag                            0x080011c5   Thumb Code    24  stm32f4xx_rtc.o(i.RTC_ClearFlag)
    RTC_EnterInitMode                        0x080011e1   Thumb Code    76  stm32f4xx_rtc.o(i.RTC_EnterInitMode)
    RTC_ExitInitMode                         0x08001231   Thumb Code    14  stm32f4xx_rtc.o(i.RTC_ExitInitMode)
    RTC_GetDate                              0x08001245   Thumb Code    68  stm32f4xx_rtc.o(i.RTC_GetDate)
    RTC_GetFlagStatus                        0x08001291   Thumb Code    32  stm32f4xx_rtc.o(i.RTC_GetFlagStatus)
    RTC_GetTime                              0x080012b9   Thumb Code    72  stm32f4xx_rtc.o(i.RTC_GetTime)
    RTC_ITConfig                             0x08001309   Thumb Code    94  stm32f4xx_rtc.o(i.RTC_ITConfig)
    RTC_Init                                 0x0800136d   Thumb Code    94  stm32f4xx_rtc.o(i.RTC_Init)
    RTC_ReadBackupRegister                   0x080013d1   Thumb Code    26  stm32f4xx_rtc.o(i.RTC_ReadBackupRegister)
    RTC_SetAlarm                             0x080013f1   Thumb Code   230  stm32f4xx_rtc.o(i.RTC_SetAlarm)
    RTC_SetDate                              0x080014dd   Thumb Code   190  stm32f4xx_rtc.o(i.RTC_SetDate)
    RTC_SetTime                              0x080015a5   Thumb Code   198  stm32f4xx_rtc.o(i.RTC_SetTime)
    RTC_WaitForSynchro                       0x08001675   Thumb Code    92  stm32f4xx_rtc.o(i.RTC_WaitForSynchro)
    RTC_WriteBackupRegister                  0x080016d5   Thumb Code    24  stm32f4xx_rtc.o(i.RTC_WriteBackupRegister)
    SYSCFG_EXTILineConfig                    0x080016f1   Thumb Code    60  stm32f4xx_syscfg.o(i.SYSCFG_EXTILineConfig)
    SysTick_CLKSourceConfig                  0x0800181d   Thumb Code    40  misc.o(i.SysTick_CLKSourceConfig)
    SystemInit                               0x08001845   Thumb Code    88  system_stm32f4xx.o(i.SystemInit)
    TIM1_UP_TIM10_IRQHandler                 0x080018ad   Thumb Code    20  timer.o(i.TIM1_UP_TIM10_IRQHandler)
    TIM2_IRQHandler                          0x080018c5   Thumb Code    58  timer.o(i.TIM2_IRQHandler)
    TIM3_IRQHandler                          0x08001909   Thumb Code    58  timer.o(i.TIM3_IRQHandler)
    TIM8_UP_TIM13_IRQHandler                 0x08001951   Thumb Code    50  timer.o(i.TIM8_UP_TIM13_IRQHandler)
    TIM_ClearITPendingBit                    0x0800198d   Thumb Code     6  stm32f4xx_tim.o(i.TIM_ClearITPendingBit)
    TIM_GetITStatus                          0x08001993   Thumb Code    34  stm32f4xx_tim.o(i.TIM_GetITStatus)
    TIM_SetCompare1                          0x080019b5   Thumb Code     4  stm32f4xx_tim.o(i.TIM_SetCompare1)
    Trie_Match_Byte                          0x080019b9   Thumb Code   226  dfa_event_queue.o(i.Trie_Match_Byte)
    USART1_IRQHandler                        0x08001aad   Thumb Code    44  uart.o(i.USART1_IRQHandler)
    USART2_IRQHandler                        0x08001add   Thumb Code    44  rs485.o(i.USART2_IRQHandler)
    USART3_IRQHandler                        0x08001b0d   Thumb Code    84  esp8266.o(i.USART3_IRQHandler)
    USART_ClearITPendingBit                  0x08001b75   Thumb Code    30  stm32f4xx_usart.o(i.USART_ClearITPendingBit)
    USART_Cmd                                0x08001b93   Thumb Code    24  stm32f4xx_usart.o(i.USART_Cmd)
    USART_GetFlagStatus                      0x08001bab   Thumb Code    26  stm32f4xx_usart.o(i.USART_GetFlagStatus)
    USART_GetITStatus                        0x08001bc5   Thumb Code    84  stm32f4xx_usart.o(i.USART_GetITStatus)
    USART_ITConfig                           0x08001c19   Thumb Code    74  stm32f4xx_usart.o(i.USART_ITConfig)
    USART_Init                               0x08001c65   Thumb Code   204  stm32f4xx_usart.o(i.USART_Init)
    USART_ReceiveData                        0x08001d39   Thumb Code    10  stm32f4xx_usart.o(i.USART_ReceiveData)
    USART_SendData                           0x08001d43   Thumb Code     8  stm32f4xx_usart.o(i.USART_SendData)
    _is_digit                                0x08001d4b   Thumb Code    14  __printf_wp.o(i._is_digit)
    _sys_exit                                0x08001d59   Thumb Code     4  retarget.o(i._sys_exit)
    _ttywrch                                 0x08001d5d   Thumb Code    28  retarget.o(i._ttywrch)
    alarm_handler                            0x08001d7d   Thumb Code   128  event_handlers.o(i.alarm_handler)
    beep_gpio_init                           0x08001e01   Thumb Code    46  beep.o(i.beep_gpio_init)
    beep_off                                 0x08001e35   Thumb Code    24  event_handlers.o(i.beep_off)
    beep_on                                  0x08001e51   Thumb Code    24  event_handlers.o(i.beep_on)
    clear_key_state                          0x08001e85   Thumb Code    20  key_interrupt.o(i.clear_key_state)
    co2_auto                                 0x08001ea9   Thumb Code    18  event_handlers.o(i.co2_auto)
    co2_get_value                            0x08001edd   Thumb Code    48  event_handlers.o(i.co2_get_value)
    co2_off                                  0x08001f3d   Thumb Code    18  event_handlers.o(i.co2_off)
    dec_to_bcd                               0x08001f71   Thumb Code    26  rtc.o(i.dec_to_bcd)
    default_handler                          0x08001f8d   Thumb Code    12  event_handlers.o(i.default_handler)
    esp8266_net_init_task                    0x08002043   Thumb Code     2  event_handlers.o(i.esp8266_net_init_task)
    event_push_interface                     0x08002045   Thumb Code    20  dfa_event_queue.o(i.event_push_interface)
    fan_off                                  0x08002061   Thumb Code    24  event_handlers.o(i.fan_off)
    fan_on                                   0x0800207d   Thumb Code    24  event_handlers.o(i.fan_on)
    fan_speed                                0x08002095   Thumb Code    56  event_handlers.o(i.fan_speed)
    fputc                                    0x080020d5   Thumb Code    32  retarget.o(i.fputc)
    init                                     0x080020f9   Thumb Code    56  main.o(i.init)
    key_gpio_init                            0x08002131   Thumb Code    60  key_interrupt.o(i.key_gpio_init)
    key_interrupt_init                       0x08002175   Thumb Code   242  key_interrupt.o(i.key_interrupt_init)
    led_gpio_init                            0x08002271   Thumb Code   110  led.o(i.led_gpio_init)
    led_off                                  0x080022e9   Thumb Code    76  event_handlers.o(i.led_off)
    led_on                                   0x0800233d   Thumb Code    76  event_handlers.o(i.led_on)
    main                                     0x08002391   Thumb Code   198  main.o(i.main)
    motor1_set_duty                          0x08002525   Thumb Code    38  motor.o(i.motor1_set_duty)
    read_mq_2                                0x08002555   Thumb Code    14  mq_2.o(i.read_mq_2)
    rtc_alarm_init                           0x08002569   Thumb Code    86  rtc.o(i.rtc_alarm_init)
    rtc_alarm_set                            0x080025bf   Thumb Code    34  rtc.o(i.rtc_alarm_set)
    rtc_init                                 0x080025e1   Thumb Code   120  rtc.o(i.rtc_init)
    rtc_print_current_date_time              0x08002659   Thumb Code    60  rtc.o(i.rtc_print_current_date_time)
    rtc_set_date                             0x080026c5   Thumb Code    38  rtc.o(i.rtc_set_date)
    rtc_set_time                             0x080026eb   Thumb Code    38  rtc.o(i.rtc_set_time)
    run_event_task                           0x08002711   Thumb Code    12  dfa_event_queue.o(i.run_event_task)
    set_alarm                                0x08002725   Thumb Code    36  event_handlers.o(i.set_alarm)
    set_date                                 0x08002761   Thumb Code    58  event_handlers.o(i.set_date)
    set_time                                 0x080027d1   Thumb Code    58  event_handlers.o(i.set_time)
    submit_alarm_hour                        0x08002841   Thumb Code    44  event_handlers.o(i.submit_alarm_hour)
    submit_alarm_min                         0x080028a1   Thumb Code    26  event_handlers.o(i.submit_alarm_min)
    submit_alarm_sec                         0x080028f1   Thumb Code    26  event_handlers.o(i.submit_alarm_sec)
    submit_date_day                          0x08002941   Thumb Code    26  event_handlers.o(i.submit_date_day)
    submit_date_month                        0x08002981   Thumb Code    26  event_handlers.o(i.submit_date_month)
    submit_date_week                         0x080029c1   Thumb Code    26  event_handlers.o(i.submit_date_week)
    submit_date_year                         0x08002a01   Thumb Code    26  event_handlers.o(i.submit_date_year)
    submit_time_hour                         0x08002a41   Thumb Code    42  event_handlers.o(i.submit_time_hour)
    submit_time_min                          0x08002a91   Thumb Code    26  event_handlers.o(i.submit_time_min)
    submit_time_sec                          0x08002ad1   Thumb Code    26  event_handlers.o(i.submit_time_sec)
    systick_init                             0x08002b11   Thumb Code    12  systick.o(i.systick_init)
    temperature_humidity_sensor_check        0x08002b1d   Thumb Code   254  temperature_humidity_sensor.o(i.temperature_humidity_sensor_check)
    temperature_humidity_sensor_init         0x08002c29   Thumb Code    12  temperature_humidity_sensor.o(i.temperature_humidity_sensor_init)
    temperature_humidity_sensor_measure      0x08002c35   Thumb Code   188  temperature_humidity_sensor.o(i.temperature_humidity_sensor_measure)
    temperature_humidity_set_IO_mode         0x08002cfd   Thumb Code    38  temperature_humidity_sensor.o(i.temperature_humidity_set_IO_mode)
    trie_init                                0x08002d55   Thumb Code   258  dfa_event_queue.o(i.trie_init)
    usart1_init                              0x08003009   Thumb Code   168  uart.o(i.usart1_init)
    usart1_send_byte                         0x080030b9   Thumb Code    30  uart.o(i.usart1_send_byte)
    usart1_send_string                       0x080030dd   Thumb Code    24  uart.o(i.usart1_send_string)
    __aeabi_d2f                              0x080030f5   Thumb Code     0  d2f.o(x$fpl$d2f)
    _d2f                                     0x080030f5   Thumb Code    98  d2f.o(x$fpl$d2f)
    __aeabi_ddiv                             0x08003159   Thumb Code     0  ddiv.o(x$fpl$ddiv)
    _ddiv                                    0x08003159   Thumb Code   552  ddiv.o(x$fpl$ddiv)
    __aeabi_i2d                              0x08003409   Thumb Code     0  dflt_clz.o(x$fpl$dflt)
    _dflt                                    0x08003409   Thumb Code    46  dflt_clz.o(x$fpl$dflt)
    __fpl_dnaninf                            0x08003437   Thumb Code   156  dnaninf.o(x$fpl$dnaninf)
    __fpl_dretinf                            0x080034d3   Thumb Code    12  dretinf.o(x$fpl$dretinf)
    _fp_init                                 0x080034df   Thumb Code    10  fpinit.o(x$fpl$fpinit)
    __fplib_config_fpu_vfp                   0x080034e7   Thumb Code     0  fpinit.o(x$fpl$fpinit)
    __fplib_config_pureend_doubles           0x080034e7   Thumb Code     0  fpinit.o(x$fpl$fpinit)
    __fpl_fretinf                            0x080034e9   Thumb Code    10  fretinf.o(x$fpl$fretinf)
    __I$use$fp                               0x080034f2   Number         0  usenofp.o(x$fpl$usenofp)
    Region$$Table$$Base                      0x080035f0   Number         0  anon$$obj.o(Region$$Table)
    Region$$Table$$Limit                     0x08003610   Number         0  anon$$obj.o(Region$$Table)
    KEY1_State                               0x20000000   Data           1  key_interrupt.o(.data)
    KEY2_State                               0x20000001   Data           1  key_interrupt.o(.data)
    KEY3_State                               0x20000002   Data           1  key_interrupt.o(.data)
    KEY4_State                               0x20000003   Data           1  key_interrupt.o(.data)
    LED1_state                               0x20000004   Data           1  led.o(.data)
    LED2_state                               0x20000005   Data           1  led.o(.data)
    LED3_state                               0x20000006   Data           1  led.o(.data)
    LED4_state                               0x20000007   Data           1  led.o(.data)
    CO2_density                              0x20000014   Data           4  co2_sensor.o(.data)
    CO2_sensor_control_mode                  0x20000018   Data           1  co2_sensor.o(.data)
    g_esp8266_rx_cnt                         0x2000001c   Data           4  esp8266.o(.data)
    g_esp8266_rx_end                         0x20000020   Data           4  esp8266.o(.data)
    g_esp8266_transparent_transmission_sta   0x20000024   Data           4  esp8266.o(.data)
    current_TH_data                          0x20000029   Data           3  temperature_humidity_sensor.o(.data)
    __stdout                                 0x2000002c   Data           4  retarget.o(.data)
    __stdin                                  0x20000030   Data           4  retarget.o(.data)
    submit_date                              0x200000ac   Data           4  rtc.o(.data)
    submit_time                              0x200000b0   Data           4  rtc.o(.data)
    submit_alarm                             0x200000b4   Data          16  rtc.o(.data)
    g_esp8266_tx_buf                         0x200000d4   Data         512  esp8266.o(.bss)
    g_esp8266_rx_buf                         0x200002d4   Data         512  esp8266.o(.bss)
    __libspace_start                         0x20000538   Data          96  libspace.o(.bss)
    __temporary_stack_top$libspace           0x20000598   Data           0  libspace.o(.bss)



==============================================================================

Memory Map of the image

  Image Entry point : 0x08000189

  Load Region LR_IROM1 (Base: 0x08000000, Size: 0x000036e4, Max: 0x00080000, ABSOLUTE)

    Execution Region ER_IROM1 (Base: 0x08000000, Size: 0x00003610, Max: 0x00080000, ABSOLUTE)

    Base Addr    Size         Type   Attr      Idx    E Section Name        Object

    0x08000000   0x00000188   Data   RO         3572    RESET               startup_stm32f40_41xxx.o
    0x08000188   0x00000008   Code   RO         3755  * !!!main             c_w.l(__main.o)
    0x08000190   0x00000034   Code   RO         4046    !!!scatter          c_w.l(__scatter.o)
    0x080001c4   0x0000001a   Code   RO         4048    !!handler_copy      c_w.l(__scatter_copy.o)
    0x080001de   0x00000002   PAD
    0x080001e0   0x0000001c   Code   RO         4050    !!handler_zi        c_w.l(__scatter_zi.o)
    0x080001fc   0x00000000   Code   RO         3742    .ARM.Collect$$_printf_percent$$00000000  c_w.l(_printf_percent.o)
    0x080001fc   0x00000006   Code   RO         3740    .ARM.Collect$$_printf_percent$$00000009  c_w.l(_printf_d.o)
    0x08000202   0x00000006   Code   RO         3739    .ARM.Collect$$_printf_percent$$0000000C  c_w.l(_printf_x.o)
    0x08000208   0x00000004   Code   RO         3821    .ARM.Collect$$_printf_percent$$00000017  c_w.l(_printf_percent_end.o)
    0x0800020c   0x00000002   Code   RO         3990    .ARM.Collect$$libinit$$00000000  c_w.l(libinit.o)
    0x0800020e   0x00000004   Code   RO         3826    .ARM.Collect$$libinit$$00000001  c_w.l(libinit2.o)
    0x08000212   0x00000000   Code   RO         3829    .ARM.Collect$$libinit$$00000004  c_w.l(libinit2.o)
    0x08000212   0x00000008   Code   RO         3830    .ARM.Collect$$libinit$$00000005  c_w.l(libinit2.o)
    0x0800021a   0x00000000   Code   RO         3832    .ARM.Collect$$libinit$$0000000A  c_w.l(libinit2.o)
    0x0800021a   0x00000000   Code   RO         3834    .ARM.Collect$$libinit$$0000000C  c_w.l(libinit2.o)
    0x0800021a   0x00000000   Code   RO         3836    .ARM.Collect$$libinit$$0000000E  c_w.l(libinit2.o)
    0x0800021a   0x00000000   Code   RO         3839    .ARM.Collect$$libinit$$00000011  c_w.l(libinit2.o)
    0x0800021a   0x00000000   Code   RO         3841    .ARM.Collect$$libinit$$00000013  c_w.l(libinit2.o)
    0x0800021a   0x00000000   Code   RO         3843    .ARM.Collect$$libinit$$00000015  c_w.l(libinit2.o)
    0x0800021a   0x00000000   Code   RO         3845    .ARM.Collect$$libinit$$00000017  c_w.l(libinit2.o)
    0x0800021a   0x00000000   Code   RO         3847    .ARM.Collect$$libinit$$00000019  c_w.l(libinit2.o)
    0x0800021a   0x00000000   Code   RO         3849    .ARM.Collect$$libinit$$0000001B  c_w.l(libinit2.o)
    0x0800021a   0x00000000   Code   RO         3851    .ARM.Collect$$libinit$$0000001D  c_w.l(libinit2.o)
    0x0800021a   0x00000000   Code   RO         3853    .ARM.Collect$$libinit$$0000001F  c_w.l(libinit2.o)
    0x0800021a   0x00000000   Code   RO         3855    .ARM.Collect$$libinit$$00000021  c_w.l(libinit2.o)
    0x0800021a   0x00000000   Code   RO         3857    .ARM.Collect$$libinit$$00000023  c_w.l(libinit2.o)
    0x0800021a   0x00000000   Code   RO         3859    .ARM.Collect$$libinit$$00000025  c_w.l(libinit2.o)
    0x0800021a   0x00000000   Code   RO         3863    .ARM.Collect$$libinit$$0000002C  c_w.l(libinit2.o)
    0x0800021a   0x00000000   Code   RO         3865    .ARM.Collect$$libinit$$0000002E  c_w.l(libinit2.o)
    0x0800021a   0x00000000   Code   RO         3867    .ARM.Collect$$libinit$$00000030  c_w.l(libinit2.o)
    0x0800021a   0x00000000   Code   RO         3869    .ARM.Collect$$libinit$$00000032  c_w.l(libinit2.o)
    0x0800021a   0x00000002   Code   RO         3870    .ARM.Collect$$libinit$$00000033  c_w.l(libinit2.o)
    0x0800021c   0x00000002   Code   RO         4043    .ARM.Collect$$libshutdown$$00000000  c_w.l(libshutdown.o)
    0x0800021e   0x00000000   Code   RO         4003    .ARM.Collect$$libshutdown$$00000003  c_w.l(libshutdown2.o)
    0x0800021e   0x00000000   Code   RO         4006    .ARM.Collect$$libshutdown$$00000006  c_w.l(libshutdown2.o)
    0x0800021e   0x00000000   Code   RO         4009    .ARM.Collect$$libshutdown$$00000009  c_w.l(libshutdown2.o)
    0x0800021e   0x00000000   Code   RO         4011    .ARM.Collect$$libshutdown$$0000000B  c_w.l(libshutdown2.o)
    0x0800021e   0x00000000   Code   RO         4014    .ARM.Collect$$libshutdown$$0000000E  c_w.l(libshutdown2.o)
    0x0800021e   0x00000002   Code   RO         4015    .ARM.Collect$$libshutdown$$0000000F  c_w.l(libshutdown2.o)
    0x08000220   0x00000000   Code   RO         3785    .ARM.Collect$$rtentry$$00000000  c_w.l(__rtentry.o)
    0x08000220   0x00000000   Code   RO         3886    .ARM.Collect$$rtentry$$00000002  c_w.l(__rtentry2.o)
    0x08000220   0x00000006   Code   RO         3898    .ARM.Collect$$rtentry$$00000004  c_w.l(__rtentry4.o)
    0x08000226   0x00000000   Code   RO         3888    .ARM.Collect$$rtentry$$00000009  c_w.l(__rtentry2.o)
    0x08000226   0x00000004   Code   RO         3889    .ARM.Collect$$rtentry$$0000000A  c_w.l(__rtentry2.o)
    0x0800022a   0x00000000   Code   RO         3891    .ARM.Collect$$rtentry$$0000000C  c_w.l(__rtentry2.o)
    0x0800022a   0x00000008   Code   RO         3892    .ARM.Collect$$rtentry$$0000000D  c_w.l(__rtentry2.o)
    0x08000232   0x00000002   Code   RO         3991    .ARM.Collect$$rtexit$$00000000  c_w.l(rtexit.o)
    0x08000234   0x00000000   Code   RO         4017    .ARM.Collect$$rtexit$$00000002  c_w.l(rtexit2.o)
    0x08000234   0x00000004   Code   RO         4018    .ARM.Collect$$rtexit$$00000003  c_w.l(rtexit2.o)
    0x08000238   0x00000006   Code   RO         4019    .ARM.Collect$$rtexit$$00000004  c_w.l(rtexit2.o)
    0x0800023e   0x00000002   PAD
    0x08000240   0x00000000   Code   RO         3907    .emb_text           c_w.l(maybetermalloc1.o)
    0x08000240   0x00000040   Code   RO         3573    .text               startup_stm32f40_41xxx.o
    0x08000280   0x00000002   Code   RO         3620    .text               c_w.l(use_no_semi.o)
    0x08000282   0x0000005e   Code   RO         3626    .text               c_w.l(h1_alloc.o)
    0x080002e0   0x0000004e   Code   RO         3628    .text               c_w.l(h1_free.o)
    0x0800032e   0x00000002   PAD
    0x08000330   0x00000018   Code   RO         3688    .text               c_w.l(noretval__2printf.o)
    0x08000348   0x00000024   Code   RO         3694    .text               c_w.l(_printf_truncate.o)
    0x0800036c   0x00000078   Code   RO         3696    .text               c_w.l(_printf_dec.o)
    0x080003e4   0x00000058   Code   RO         3701    .text               c_w.l(_printf_hex_int.o)
    0x0800043c   0x00000160   Code   RO         3734    .text               c_w.l(__printf_ss_wp.o)
    0x0800059c   0x0000004e   Code   RO         3751    .text               c_w.l(rt_memclr_w.o)
    0x080005ea   0x00000006   Code   RO         3753    .text               c_w.l(heapauxi.o)
    0x080005f0   0x00000008   Code   RO         3789    .text               c_w.l(rt_heap_descriptor_intlibspace.o)
    0x080005f8   0x00000004   Code   RO         3791    .text               c_w.l(hguard.o)
    0x080005fc   0x0000008a   Code   RO         3793    .text               c_w.l(init_alloc.o)
    0x08000686   0x0000000e   Code   RO         3797    .text               c_w.l(h1_init.o)
    0x08000694   0x000000b2   Code   RO         3811    .text               c_w.l(_printf_intcommon.o)
    0x08000746   0x00000002   PAD
    0x08000748   0x00000030   Code   RO         3815    .text               c_w.l(_printf_char_common.o)
    0x08000778   0x00000024   Code   RO         3819    .text               c_w.l(_printf_char_file.o)
    0x0800079c   0x00000008   Code   RO         3882    .text               c_w.l(libspace.o)
    0x080007a4   0x00000034   Code   RO         3909    .text               c_w.l(h1_extend.o)
    0x080007d8   0x00000008   Code   RO         3944    .text               c_w.l(ferror.o)
    0x080007e0   0x0000000e   Code   RO         3951    .text               c_w.l(defsig_rtmem_outer.o)
    0x080007ee   0x0000004a   Code   RO         3967    .text               c_w.l(sys_stackheap_outer.o)
    0x08000838   0x0000000c   Code   RO         3973    .text               c_w.l(exit.o)
    0x08000844   0x0000000a   Code   RO         3975    .text               c_w.l(defsig_exit.o)
    0x0800084e   0x00000002   PAD
    0x08000850   0x00000050   Code   RO         3977    .text               c_w.l(defsig_rtmem_inner.o)
    0x080008a0   0x00000032   Code   RO         3999    .text               c_w.l(defsig_general.o)
    0x080008d2   0x00000002   PAD
    0x080008d4   0x00000038   Code   RO          177    i.EXTI0_IRQHandler  key_interrupt.o
    0x0800090c   0x0000003c   Code   RO          178    i.EXTI2_IRQHandler  key_interrupt.o
    0x08000948   0x0000003c   Code   RO          179    i.EXTI3_IRQHandler  key_interrupt.o
    0x08000984   0x00000038   Code   RO          180    i.EXTI4_IRQHandler  key_interrupt.o
    0x080009bc   0x0000000c   Code   RO         1730    i.EXTI_ClearITPendingBit  stm32f4xx_exti.o
    0x080009c8   0x00000018   Code   RO         1734    i.EXTI_GetITStatus  stm32f4xx_exti.o
    0x080009e0   0x00000094   Code   RO         1735    i.EXTI_Init         stm32f4xx_exti.o
    0x08000a74   0x00000030   Code   RO         1236    i.Event_Pop_run     dfa_event_queue.o
    0x08000aa4   0x000000ac   Code   RO         1237    i.Event_Push        dfa_event_queue.o
    0x08000b50   0x00000090   Code   RO         1796    i.GPIO_Init         stm32f4xx_gpio.o
    0x08000be0   0x00000046   Code   RO         1797    i.GPIO_PinAFConfig  stm32f4xx_gpio.o
    0x08000c26   0x00000012   Code   RO         1800    i.GPIO_ReadInputDataBit  stm32f4xx_gpio.o
    0x08000c38   0x00000004   Code   RO         1803    i.GPIO_ResetBits    stm32f4xx_gpio.o
    0x08000c3c   0x00000004   Code   RO         1804    i.GPIO_SetBits      stm32f4xx_gpio.o
    0x08000c40   0x000001fc   Code   RO         1238    i.Match_Event_Handler  dfa_event_queue.o
    0x08000e3c   0x00000078   Code   RO         1681    i.NVIC_Init         misc.o
    0x08000eb4   0x00000014   Code   RO         1682    i.NVIC_PriorityGroupConfig  misc.o
    0x08000ec8   0x0000000c   Code   RO         1951    i.PWR_BackupAccessCmd  stm32f4xx_pwr.o
    0x08000ed4   0x00000020   Code   RO         2065    i.RCC_AHB1PeriphClockCmd  stm32f4xx_rcc.o
    0x08000ef4   0x00000020   Code   RO         2074    i.RCC_APB1PeriphClockCmd  stm32f4xx_rcc.o
    0x08000f14   0x00000020   Code   RO         2077    i.RCC_APB2PeriphClockCmd  stm32f4xx_rcc.o
    0x08000f34   0x000000e8   Code   RO         2086    i.RCC_GetClocksFreq  stm32f4xx_rcc.o
    0x0800101c   0x00000040   Code   RO         2087    i.RCC_GetFlagStatus  stm32f4xx_rcc.o
    0x0800105c   0x0000002c   Code   RO         2095    i.RCC_LSEConfig     stm32f4xx_rcc.o
    0x08001088   0x0000000c   Code   RO         2108    i.RCC_RTCCLKCmd     stm32f4xx_rcc.o
    0x08001094   0x0000003c   Code   RO         2109    i.RCC_RTCCLKConfig  stm32f4xx_rcc.o
    0x080010d0   0x00000074   Code   RO         2397    i.RTC_AlarmCmd      stm32f4xx_rtc.o
    0x08001144   0x0000004c   Code   RO         1554    i.RTC_Alarm_IRQHandler  rtc.o
    0x08001190   0x00000016   Code   RO         2400    i.RTC_Bcd2ToByte    stm32f4xx_rtc.o
    0x080011a6   0x0000001c   Code   RO         2402    i.RTC_ByteToBcd2    stm32f4xx_rtc.o
    0x080011c2   0x00000002   PAD
    0x080011c4   0x0000001c   Code   RO         2405    i.RTC_ClearFlag     stm32f4xx_rtc.o
    0x080011e0   0x00000050   Code   RO         2412    i.RTC_EnterInitMode  stm32f4xx_rtc.o
    0x08001230   0x00000014   Code   RO         2413    i.RTC_ExitInitMode  stm32f4xx_rtc.o
    0x08001244   0x0000004c   Code   RO         2416    i.RTC_GetDate       stm32f4xx_rtc.o
    0x08001290   0x00000028   Code   RO         2417    i.RTC_GetFlagStatus  stm32f4xx_rtc.o
    0x080012b8   0x00000050   Code   RO         2421    i.RTC_GetTime       stm32f4xx_rtc.o
    0x08001308   0x00000064   Code   RO         2425    i.RTC_ITConfig      stm32f4xx_rtc.o
    0x0800136c   0x00000064   Code   RO         2426    i.RTC_Init          stm32f4xx_rtc.o
    0x080013d0   0x00000020   Code   RO         2429    i.RTC_ReadBackupRegister  stm32f4xx_rtc.o
    0x080013f0   0x000000ec   Code   RO         2431    i.RTC_SetAlarm      stm32f4xx_rtc.o
    0x080014dc   0x000000c8   Code   RO         2432    i.RTC_SetDate       stm32f4xx_rtc.o
    0x080015a4   0x000000d0   Code   RO         2433    i.RTC_SetTime       stm32f4xx_rtc.o
    0x08001674   0x00000060   Code   RO         2449    i.RTC_WaitForSynchro  stm32f4xx_rtc.o
    0x080016d4   0x0000001c   Code   RO         2452    i.RTC_WriteBackupRegister  stm32f4xx_rtc.o
    0x080016f0   0x00000040   Code   RO         2758    i.SYSCFG_EXTILineConfig  stm32f4xx_syscfg.o
    0x08001730   0x000000ec   Code   RO         3580    i.SetSysClock       system_stm32f4xx.o
    0x0800181c   0x00000028   Code   RO         1685    i.SysTick_CLKSourceConfig  misc.o
    0x08001844   0x00000068   Code   RO         3582    i.SystemInit        system_stm32f4xx.o
    0x080018ac   0x00000018   Code   RO          316    i.TIM1_UP_TIM10_IRQHandler  timer.o
    0x080018c4   0x00000044   Code   RO          317    i.TIM2_IRQHandler   timer.o
    0x08001908   0x00000048   Code   RO          318    i.TIM3_IRQHandler   timer.o
    0x08001950   0x0000003c   Code   RO          319    i.TIM8_UP_TIM13_IRQHandler  timer.o
    0x0800198c   0x00000006   Code   RO         2826    i.TIM_ClearITPendingBit  stm32f4xx_tim.o
    0x08001992   0x00000022   Code   RO         2852    i.TIM_GetITStatus   stm32f4xx_tim.o
    0x080019b4   0x00000004   Code   RO         2893    i.TIM_SetCompare1   stm32f4xx_tim.o
    0x080019b8   0x000000f4   Code   RO         1239    i.Trie_Match_Byte   dfa_event_queue.o
    0x08001aac   0x00000030   Code   RO          458    i.USART1_IRQHandler  uart.o
    0x08001adc   0x00000030   Code   RO          787    i.USART2_IRQHandler  rs485.o
    0x08001b0c   0x00000068   Code   RO          651    i.USART3_IRQHandler  esp8266.o
    0x08001b74   0x0000001e   Code   RO         3382    i.USART_ClearITPendingBit  stm32f4xx_usart.o
    0x08001b92   0x00000018   Code   RO         3385    i.USART_Cmd         stm32f4xx_usart.o
    0x08001baa   0x0000001a   Code   RO         3388    i.USART_GetFlagStatus  stm32f4xx_usart.o
    0x08001bc4   0x00000054   Code   RO         3389    i.USART_GetITStatus  stm32f4xx_usart.o
    0x08001c18   0x0000004a   Code   RO         3391    i.USART_ITConfig    stm32f4xx_usart.o
    0x08001c62   0x00000002   PAD
    0x08001c64   0x000000d4   Code   RO         3392    i.USART_Init        stm32f4xx_usart.o
    0x08001d38   0x0000000a   Code   RO         3399    i.USART_ReceiveData  stm32f4xx_usart.o
    0x08001d42   0x00000008   Code   RO         3402    i.USART_SendData    stm32f4xx_usart.o
    0x08001d4a   0x0000000e   Code   RO         3729    i._is_digit         c_w.l(__printf_wp.o)
    0x08001d58   0x00000004   Code   RO         1189    i._sys_exit         retarget.o
    0x08001d5c   0x00000020   Code   RO         1190    i._ttywrch          retarget.o
    0x08001d7c   0x00000084   Code   RO         1329    i.alarm_handler     event_handlers.o
    0x08001e00   0x00000034   Code   RO          371    i.beep_gpio_init    beep.o
    0x08001e34   0x0000001c   Code   RO         1330    i.beep_off          event_handlers.o
    0x08001e50   0x0000001c   Code   RO         1331    i.beep_on           event_handlers.o
    0x08001e6c   0x00000016   Code   RO         1240    i.char_to_index     dfa_event_queue.o
    0x08001e82   0x00000002   PAD
    0x08001e84   0x00000024   Code   RO          181    i.clear_key_state   key_interrupt.o
    0x08001ea8   0x00000034   Code   RO         1332    i.co2_auto          event_handlers.o
    0x08001edc   0x00000060   Code   RO         1333    i.co2_get_value     event_handlers.o
    0x08001f3c   0x00000034   Code   RO         1334    i.co2_off           event_handlers.o
    0x08001f70   0x0000001a   Code   RO         1555    i.dec_to_bcd        rtc.o
    0x08001f8a   0x00000002   PAD
    0x08001f8c   0x00000020   Code   RO         1335    i.default_handler   event_handlers.o
    0x08001fac   0x0000004a   Code   RO         1336    i.delay_ms          event_handlers.o
    0x08001ff6   0x0000004c   Code   RO          871    i.delay_us          temperature_humidity_sensor.o
    0x08002042   0x00000002   Code   RO         1337    i.esp8266_net_init_task  event_handlers.o
    0x08002044   0x0000001c   Code   RO         1241    i.event_push_interface  dfa_event_queue.o
    0x08002060   0x0000001c   Code   RO         1338    i.fan_off           event_handlers.o
    0x0800207c   0x00000018   Code   RO         1339    i.fan_on            event_handlers.o
    0x08002094   0x00000040   Code   RO         1340    i.fan_speed         event_handlers.o
    0x080020d4   0x00000024   Code   RO         1191    i.fputc             retarget.o
    0x080020f8   0x00000038   Code   RO            4    i.init              main.o
    0x08002130   0x00000044   Code   RO          182    i.key_gpio_init     key_interrupt.o
    0x08002174   0x000000fc   Code   RO          183    i.key_interrupt_init  key_interrupt.o
    0x08002270   0x00000078   Code   RO          247    i.led_gpio_init     led.o
    0x080022e8   0x00000054   Code   RO         1341    i.led_off           event_handlers.o
    0x0800233c   0x00000054   Code   RO         1342    i.led_on            event_handlers.o
    0x08002390   0x00000194   Code   RO            5    i.main              main.o
    0x08002524   0x00000030   Code   RO          419    i.motor1_set_duty   motor.o
    0x08002554   0x00000014   Code   RO          278    i.read_mq_2         mq_2.o
    0x08002568   0x00000056   Code   RO         1557    i.rtc_alarm_init    rtc.o
    0x080025be   0x00000022   Code   RO         1558    i.rtc_alarm_set     rtc.o
    0x080025e0   0x00000078   Code   RO         1567    i.rtc_init          rtc.o
    0x08002658   0x0000006c   Code   RO         1568    i.rtc_print_current_date_time  rtc.o
    0x080026c4   0x00000026   Code   RO         1569    i.rtc_set_date      rtc.o
    0x080026ea   0x00000026   Code   RO         1570    i.rtc_set_time      rtc.o
    0x08002710   0x00000014   Code   RO         1242    i.run_event_task    dfa_event_queue.o
    0x08002724   0x0000003c   Code   RO         1343    i.set_alarm         event_handlers.o
    0x08002760   0x00000070   Code   RO         1344    i.set_date          event_handlers.o
    0x080027d0   0x00000070   Code   RO         1345    i.set_time          event_handlers.o
    0x08002840   0x00000060   Code   RO         1346    i.submit_alarm_hour  event_handlers.o
    0x080028a0   0x00000050   Code   RO         1347    i.submit_alarm_min  event_handlers.o
    0x080028f0   0x00000050   Code   RO         1348    i.submit_alarm_sec  event_handlers.o
    0x08002940   0x00000040   Code   RO         1349    i.submit_date_day   event_handlers.o
    0x08002980   0x00000040   Code   RO         1350    i.submit_date_month  event_handlers.o
    0x080029c0   0x00000040   Code   RO         1351    i.submit_date_week  event_handlers.o
    0x08002a00   0x00000040   Code   RO         1352    i.submit_date_year  event_handlers.o
    0x08002a40   0x00000050   Code   RO         1353    i.submit_time_hour  event_handlers.o
    0x08002a90   0x00000040   Code   RO         1354    i.submit_time_min   event_handlers.o
    0x08002ad0   0x00000040   Code   RO         1355    i.submit_time_sec   event_handlers.o
    0x08002b10   0x0000000c   Code   RO         1099    i.systick_init      systick.o
    0x08002b1c   0x0000010c   Code   RO          909    i.temperature_humidity_sensor_check  temperature_humidity_sensor.o
    0x08002c28   0x0000000c   Code   RO          872    i.temperature_humidity_sensor_init  temperature_humidity_sensor.o
    0x08002c34   0x000000c8   Code   RO          873    i.temperature_humidity_sensor_measure  temperature_humidity_sensor.o
    0x08002cfc   0x0000002c   Code   RO          874    i.temperature_humidity_set_IO_mode  temperature_humidity_sensor.o
    0x08002d28   0x0000002a   Code   RO         1243    i.trie_create_node  dfa_event_queue.o
    0x08002d52   0x00000002   PAD
    0x08002d54   0x00000260   Code   RO         1244    i.trie_init         dfa_event_queue.o
    0x08002fb4   0x00000054   Code   RO         1245    i.trie_insert       dfa_event_queue.o
    0x08003008   0x000000b0   Code   RO          459    i.usart1_init       uart.o
    0x080030b8   0x00000024   Code   RO          460    i.usart1_send_byte  uart.o
    0x080030dc   0x00000018   Code   RO          461    i.usart1_send_string  uart.o
    0x080030f4   0x00000062   Code   RO         3757    x$fpl$d2f           fz_wm.l(d2f.o)
    0x08003156   0x00000002   PAD
    0x08003158   0x000002b0   Code   RO         3766    x$fpl$ddiv          fz_wm.l(ddiv.o)
    0x08003408   0x0000002e   Code   RO         3774    x$fpl$dflt          fz_wm.l(dflt_clz.o)
    0x08003436   0x0000009c   Code   RO         3871    x$fpl$dnaninf       fz_wm.l(dnaninf.o)
    0x080034d2   0x0000000c   Code   RO         3873    x$fpl$dretinf       fz_wm.l(dretinf.o)
    0x080034de   0x0000000a   Code   RO         3960    x$fpl$fpinit        fz_wm.l(fpinit.o)
    0x080034e8   0x0000000a   Code   RO         3877    x$fpl$fretinf       fz_wm.l(fretinf.o)
    0x080034f2   0x00000000   Code   RO         3879    x$fpl$usenofp       fz_wm.l(usenofp.o)
    0x080034f2   0x00000028   Data   RO         3702    .constdata          c_w.l(_printf_hex_int.o)
    0x0800351a   0x00000002   PAD
    0x0800351c   0x00000057   Data   RO            6    .conststring        main.o
    0x08003573   0x00000001   PAD
    0x08003574   0x0000007c   Data   RO         1247    .conststring        dfa_event_queue.o
    0x080035f0   0x00000020   Data   RO         4044    Region$$Table       anon$$obj.o


    Execution Region RW_IRAM1 (Base: 0x20000000, Size: 0x00010998, Max: 0x00020000, ABSOLUTE)

    Base Addr    Size         Type   Attr      Idx    E Section Name        Object

    0x20000000   0x00000004   Data   RW          184    .data               key_interrupt.o
    0x20000004   0x00000004   Data   RW          248    .data               led.o
    0x20000008   0x00000011   Data   RW          582    .data               co2_sensor.o
    0x20000019   0x00000003   PAD
    0x2000001c   0x0000000d   Data   RW          670    .data               esp8266.o
    0x20000029   0x00000003   Data   RW          875    .data               temperature_humidity_sensor.o
    0x2000002c   0x00000008   Data   RW         1192    .data               retarget.o
    0x20000034   0x00000075   Data   RW         1248    .data               dfa_event_queue.o
    0x200000a9   0x00000003   PAD
    0x200000ac   0x00000018   Data   RW         1571    .data               rtc.o
    0x200000c4   0x00000010   Data   RW         2117    .data               stm32f4xx_rcc.o
    0x200000d4   0x00000464   Zero   RW          669    .bss                esp8266.o
    0x20000538   0x00000060   Zero   RW         3883    .bss                c_w.l(libspace.o)
    0x20000598   0x00010000   Zero   RW         3571    HEAP                startup_stm32f40_41xxx.o
    0x20010598   0x00000400   Zero   RW         3570    STACK               startup_stm32f40_41xxx.o


==============================================================================

Image component sizes


      Code (inc. data)   RO Data    RW Data    ZI Data      Debug   Object Name

        52          6          0          0          0        513   beep.o
         0          0          0         17          0       1236   co2_sensor.o
      1776        612        124        117          0       9251   dfa_event_queue.o
       104         20          0         13       1124       1669   esp8266.o
      1784        734          0          0          0      14685   event_handlers.o
       588        104          0          4          0       4161   key_interrupt.o
       120         10          0          4          0        862   led.o
       460        206         87          0          0     318186   main.o
       180         24          0          0          0       2513   misc.o
        48         10          0          0          0        562   motor.o
        20          6          0          0          0        484   mq_2.o
        72          8          0          8          0       3301   retarget.o
        48          4          0          0          0        544   rs485.o
       526         78          0         24          0       4827   rtc.o
        64         26        392          0      66560        864   startup_stm32f40_41xxx.o
       184         16          0          0          0       2512   stm32f4xx_exti.o
       240          0          0          0          0       4103   stm32f4xx_gpio.o
        12          6          0          0          0        622   stm32f4xx_pwr.o
       508         60          0         16          0       7826   stm32f4xx_rcc.o
      1490         94          0          0          0      13463   stm32f4xx_rtc.o
        64          4          0          0          0        744   stm32f4xx_syscfg.o
        44          0          0          0          0       2804   stm32f4xx_tim.o
       468          8          0          0          0       6947   stm32f4xx_usart.o
       340         32          0          0          0       1649   system_stm32f4xx.o
        12          0          0          0          0        463   systick.o
       600         32          0          3          0       5210   temperature_humidity_sensor.o
       224         38          0          0          0       1994   timer.o
       284         18          0          0          0       2350   uart.o

    ----------------------------------------------------------------------
     10322       2156        636        212      67684     414345   Object Totals
         0          0         32          0          0          0   (incl. Generated)
        10          0          1          6          0          0   (incl. Padding)

    ----------------------------------------------------------------------

      Code (inc. data)   RO Data    RW Data    ZI Data      Debug   Library Member Name

         8          0          0          0          0         68   __main.o
       352          0          0          0          0         88   __printf_ss_wp.o
        14          0          0          0          0         68   __printf_wp.o
         0          0          0          0          0          0   __rtentry.o
        12          0          0          0          0          0   __rtentry2.o
         6          0          0          0          0          0   __rtentry4.o
        52          8          0          0          0          0   __scatter.o
        26          0          0          0          0          0   __scatter_copy.o
        28          0          0          0          0          0   __scatter_zi.o
        48          6          0          0          0         96   _printf_char_common.o
        36          4          0          0          0         80   _printf_char_file.o
         6          0          0          0          0          0   _printf_d.o
       120         16          0          0          0         92   _printf_dec.o
        88          4         40          0          0         88   _printf_hex_int.o
       178          0          0          0          0         88   _printf_intcommon.o
         0          0          0          0          0          0   _printf_percent.o
         4          0          0          0          0          0   _printf_percent_end.o
        36          0          0          0          0         84   _printf_truncate.o
         6          0          0          0          0          0   _printf_x.o
        10          0          0          0          0         68   defsig_exit.o
        50          0          0          0          0         88   defsig_general.o
        80         58          0          0          0         76   defsig_rtmem_inner.o
        14          0          0          0          0         80   defsig_rtmem_outer.o
        12          0          0          0          0         72   exit.o
         8          0          0          0          0         68   ferror.o
        94          0          0          0          0         80   h1_alloc.o
        52          0          0          0          0         68   h1_extend.o
        78          0          0          0          0         80   h1_free.o
        14          0          0          0          0         84   h1_init.o
         6          0          0          0          0        152   heapauxi.o
         4          0          0          0          0        136   hguard.o
       138          0          0          0          0        168   init_alloc.o
         2          0          0          0          0          0   libinit.o
        14          0          0          0          0          0   libinit2.o
         2          0          0          0          0          0   libshutdown.o
         2          0          0          0          0          0   libshutdown2.o
         8          4          0          0         96         68   libspace.o
         0          0          0          0          0          0   maybetermalloc1.o
        24          4          0          0          0         84   noretval__2printf.o
         8          4          0          0          0         68   rt_heap_descriptor_intlibspace.o
        78          0          0          0          0         80   rt_memclr_w.o
         2          0          0          0          0          0   rtexit.o
        10          0          0          0          0          0   rtexit2.o
        74          0          0          0          0         80   sys_stackheap_outer.o
         2          0          0          0          0         68   use_no_semi.o
        98          4          0          0          0        140   d2f.o
       688        140          0          0          0        256   ddiv.o
        46          0          0          0          0        116   dflt_clz.o
       156          4          0          0          0        140   dnaninf.o
        12          0          0          0          0        116   dretinf.o
        10          0          0          0          0        116   fpinit.o
        10          0          0          0          0        116   fretinf.o
         0          0          0          0          0          0   usenofp.o

    ----------------------------------------------------------------------
      2840        256         42          0         96       3420   Library Totals
        14          0          2          0          0          0   (incl. Padding)

    ----------------------------------------------------------------------

      Code (inc. data)   RO Data    RW Data    ZI Data      Debug   Library Name

      1806        108         40          0         96       2420   c_w.l
      1020        148          0          0          0       1000   fz_wm.l

    ----------------------------------------------------------------------
      2840        256         42          0         96       3420   Library Totals

    ----------------------------------------------------------------------

==============================================================================


      Code (inc. data)   RO Data    RW Data    ZI Data      Debug   

     13162       2412        678        212      67780     403665   Grand Totals
     13162       2412        678        212      67780     403665   ELF Image Totals
     13162       2412        678        212          0          0   ROM Totals

==============================================================================

    Total RO  Size (Code + RO Data)                13840 (  13.52kB)
    Total RW  Size (RW Data + ZI Data)             67992 (  66.40kB)
    Total ROM Size (Code + RO Data + RW Data)      14052 (  13.72kB)

==============================================================================

